06-14 18:44:12.858  2614  2781 E AmbientMusicServiceMana:       at xwp.a(PG:34)
06-14 18:44:12.858  2614  2781 E AmbientMusicServiceMana:       at mpd.M(PG:25)
06-14 18:44:12.858  2614  2781 E AmbientMusicServiceMana:       at qmu.d(PG:34)
06-14 18:44:12.858  2614  2781 E AmbientMusicServiceMana:       at qmf.e(PG:7)
06-14 18:44:12.858  2614  2781 E AmbientMusicServiceMana:       at mpg.a(PG:11)
06-14 18:44:12.858  2614  2781 E AmbientMusicServiceMana:       at acgy.h(PG:7)
06-14 18:44:12.858  2614  2781 E AmbientMusicServiceMana:       at qmv.run(PG:9)
06-14 18:44:12.858  2614  2781 E AmbientMusicServiceMana:       at xho.execute(PG:1)
06-14 18:44:12.858  2614  2781 E AmbientMusicServiceMana:       at qmx.onPropertiesChanged(PG:47)
06-14 18:44:12.858  2614  2781 E AmbientMusicServiceMana:       at android.provider.DeviceConfig.lambda$handleChange$1(DeviceConfig.java:1796)
06-14 18:44:12.858  2614  2781 E AmbientMusicServiceMana:       at android.provider.DeviceConfig$$ExternalSyntheticLambda0.run(D8$$SyntheticClass:0)
06-14 18:44:12.858  2614  2781 E AmbientMusicServiceMana:       at java.util.concurrent.Executors$RunnableAdapter.call(Executors.java:524)
06-14 18:44:12.858  2614  2781 E AmbientMusicServiceMana:       at xjo.a(PG:3)
06-14 18:44:12.858  2614  2781 E AmbientMusicServiceMana:       at xir.run(PG:19)
06-14 18:44:12.858  2614  2781 E AmbientMusicServiceMana:       at xjp.run(PG:5)
06-14 18:44:12.858  2614  2781 E AmbientMusicServiceMana:       at java.util.concurrent.Executors$RunnableAdapter.call(Executors.java:524)
06-14 18:44:12.858  2614  2781 E AmbientMusicServiceMana:       at java.util.concurrent.FutureTask.run(FutureTask.java:317)
06-14 18:44:12.858  2614  2781 E AmbientMusicServiceMana:       at java.util.concurrent.ScheduledThreadPoolExecutor$ScheduledFutureTask.run(ScheduledThreadPoolExecutor.java:348)
06-14 18:44:12.858  2614  2781 E AmbientMusicServiceMana:       at java.util.concurrent.ThreadPoolExecutor.runWorker(ThreadPoolExecutor.java:1156)
06-14 18:44:12.858  2614  2781 E AmbientMusicServiceMana:       at java.util.concurrent.ThreadPoolExecutor$Worker.run(ThreadPoolExecutor.java:651)
06-14 18:44:12.858  2614  2781 E AmbientMusicServiceMana:       at hxw.run(PG:221)
06-14 18:44:12.858  2614  2781 E AmbientMusicServiceMana:       at java.lang.Thread.run(Thread.java:1119)
06-14 18:44:12.858  2614  2781 E AmbientMusicServiceMana: Caused by: java.lang.reflect.InvocationTargetException
06-14 18:44:12.858  2614  2781 E AmbientMusicServiceMana:       at java.lang.reflect.Method.invoke(Native Method)
06-14 18:44:12.858  2614  2781 E AmbientMusicServiceMana:       at yll.c(PG:48)
06-14 18:44:12.858  2614  2781 E AmbientMusicServiceMana:       ... 24 more
06-14 18:44:12.858  2614  2781 E AmbientMusicServiceMana: Caused by: java.lang.IllegalStateException: No underlying SoundTriggerModule available
06-14 18:44:12.858  2614  2781 E AmbientMusicServiceMana:       at android.media.soundtrigger.SoundTriggerManager.deleteModel(SoundTriggerManager.java:265)
06-14 18:44:12.858  2614  2781 E AmbientMusicServiceMana:       ... 26 more
06-14 18:44:23.506  1684  4054 E Pay     : NfcAdapter is null while obtaining CardEmulation instance. [CONTEXT service_id=198 ]
06-14 18:44:23.507  1684  4054 E Pay     : CardEmulation is null while checking aid registration. [CONTEXT service_id=198 ]
06-14 18:44:25.009   744  2103 E AccountManagerService: Couldn't determine the packageUid for android.content.pm.PackageManager$NameNotFoundException:
06-14 18:44:25.088   744  2109 E AccountManagerService: Couldn't determine the packageUid for android.content.pm.PackageManager$NameNotFoundException:
06-14 18:44:26.414  4893  4893 E .adservices.api: Not starting debugger since process cannot load the jdwp agent.
06-14 18:44:27.316  4893  4893 E ashmem  : Pinning is deprecated since Android Q. Please use trim or other methods.
06-14 18:44:27.826   744   908 E WifiStaIfaceAidlImpl: setDtimMultiplier failed with service-specific exception: android.os.ServiceSpecificException:  (code 4)
06-14 18:44:29.654   744  2031 E AccountManagerService: Couldn't determine the packageUid for android.content.pm.PackageManager$NameNotFoundException:
06-14 18:44:29.737   744  2031 E AccountManagerService: Couldn't determine the packageUid for android.content.pm.PackageManager$NameNotFoundException:
06-14 18:44:30.347   744   908 E WifiStaIfaceAidlImpl: setDtimMultiplier failed with service-specific exception: android.os.ServiceSpecificException:  (code 4)
06-14 18:44:32.680   744   908 E WifiStaIfaceAidlImpl: setDtimMultiplier failed with service-specific exception: android.os.ServiceSpecificException:  (code 4)
06-14 18:44:35.635   744   908 E WifiStaIfaceAidlImpl: setDtimMultiplier failed with service-specific exception: android.os.ServiceSpecificException:  (code 4)
06-14 18:44:44.249  1684  4891 E hofl    : *~*~*~ Previous channel {0} was garbage collected without being shut down! ~*~*~*
06-14 18:44:44.249  1684  4891 E hofl    :     Make sure to call shutdown()/shutdownNow()
06-14 18:44:44.249  1684  4891 E hofl    : java.lang.RuntimeException: ManagedChannel allocation site
06-14 18:44:44.249  1684  4891 E hofl    :      at hofk.<init>(:com.google.android.gms@252037038@25.20.37 (260800-766884605):21)
06-14 18:44:44.249  1684  4891 E hofl    :      at hofl.<init>(:com.google.android.gms@252037038@25.20.37 (260800-766884605):10)
06-14 18:44:44.249  1684  4891 E hofl    :      at hofj.a(:com.google.android.gms@252037038@25.20.37 (260800-766884605):250)
06-14 18:44:44.249  1684  4891 E hofl    :      at hnql.a(:com.google.android.gms@252037038@25.20.37 (260800-766884605):5)
06-14 18:44:44.249  1684  4891 E hofl    :      at hnva.a(:com.google.android.gms@252037038@25.20.37 (260800-766884605):14)
06-14 18:44:44.249  1684  4891 E hofl    :      at aobm.b(:com.google.android.gms@252037038@25.20.37 (260800-766884605):63)
06-14 18:44:44.249  1684  4891 E hofl    :      at aobm.a(:com.google.android.gms@252037038@25.20.37 (260800-766884605):3)
06-14 18:44:44.249  1684  4891 E hofl    :      at apwd.b(:com.google.android.gms@252037038@25.20.37 (260800-766884605):88)
06-14 18:44:44.249  1684  4891 E hofl    :      at com.google.android.gms.backup.settings.notifications.BackupNotificationsTask.d(:com.google.android.gms@252037038@25.20.37 (260800-766884605):76)
06-14 18:44:44.249  1684  4891 E hofl    :      at apvz.jW(:com.google.android.gms@252037038@25.20.37 (260800-766884605):23)
06-14 18:44:44.249  1684  4891 E hofl    :      at hovm.v(:com.google.android.gms@252037038@25.20.37 (260800-766884605):11)
06-14 18:44:44.249  1684  4891 E hofl    :      at hpfo.run(:com.google.android.gms@252037038@25.20.37 (260800-766884605):112)
06-14 18:44:44.249  1684  4891 E hofl    :      at ayju.c(:com.google.android.gms@252037038@25.20.37 (260800-766884605):50)
06-14 18:44:44.249  1684  4891 E hofl    :      at ayju.run(:com.google.android.gms@252037038@25.20.37 (260800-766884605):70)
06-14 18:44:44.249  1684  4891 E hofl    :      at java.util.concurrent.ThreadPoolExecutor.runWorker(ThreadPoolExecutor.java:1156)
06-14 18:44:44.249  1684  4891 E hofl    :      at java.util.concurrent.ThreadPoolExecutor$Worker.run(ThreadPoolExecutor.java:651)
06-14 18:44:44.249  1684  4891 E hofl    :      at aypi.run(:com.google.android.gms@252037038@25.20.37 (260800-766884605):8)
06-14 18:44:44.249  1684  4891 E hofl    :      at java.lang.Thread.run(Thread.java:1119)
06-14 18:44:44.251  1684  4891 E hofl    : *~*~*~ Previous channel {0} was garbage collected without being shut down! ~*~*~*
06-14 18:44:44.251  1684  4891 E hofl    :     Make sure to call shutdown()/shutdownNow()
06-14 18:44:44.251  1684  4891 E hofl    : java.lang.RuntimeException: ManagedChannel allocation site
06-14 18:44:44.251  1684  4891 E hofl    :      at hofk.<init>(:com.google.android.gms@252037038@25.20.37 (260800-766884605):21)
06-14 18:44:44.251  1684  4891 E hofl    :      at hofl.<init>(:com.google.android.gms@252037038@25.20.37 (260800-766884605):10)
06-14 18:44:44.251  1684  4891 E hofl    :      at hofj.a(:com.google.android.gms@252037038@25.20.37 (260800-766884605):250)
06-14 18:44:44.251  1684  4891 E hofl    :      at hnql.a(:com.google.android.gms@252037038@25.20.37 (260800-766884605):5)
06-14 18:44:44.251  1684  4891 E hofl    :      at hnva.a(:com.google.android.gms@252037038@25.20.37 (260800-766884605):14)
06-14 18:44:44.251  1684  4891 E hofl    :      at aobm.b(:com.google.android.gms@252037038@25.20.37 (260800-766884605):63)
06-14 18:44:44.251  1684  4891 E hofl    :      at aobm.a(:com.google.android.gms@252037038@25.20.37 (260800-766884605):3)
06-14 18:44:44.251  1684  4891 E hofl    :      at apwd.b(:com.google.android.gms@252037038@25.20.37 (260800-766884605):88)
06-14 18:44:44.251  1684  4891 E hofl    :      at com.google.android.gms.backup.settings.notifications.BackupNotificationsTask.d(:com.google.android.gms@252037038@25.20.37 (260800-766884605):76)
06-14 18:44:44.251  1684  4891 E hofl    :      at apvz.jW(:com.google.android.gms@252037038@25.20.37 (260800-766884605):23)
06-14 18:44:44.251  1684  4891 E hofl    :      at hovm.v(:com.google.android.gms@252037038@25.20.37 (260800-766884605):11)
06-14 18:44:44.251  1684  4891 E hofl    :      at hpfo.run(:com.google.android.gms@252037038@25.20.37 (260800-766884605):112)
06-14 18:44:44.251  1684  4891 E hofl    :      at ayju.c(:com.google.android.gms@252037038@25.20.37 (260800-766884605):50)
06-14 18:44:44.251  1684  4891 E hofl    :      at ayju.run(:com.google.android.gms@252037038@25.20.37 (260800-766884605):70)
06-14 18:44:44.251  1684  4891 E hofl    :      at java.util.concurrent.ThreadPoolExecutor.runWorker(ThreadPoolExecutor.java:1156)
06-14 18:44:44.251  1684  4891 E hofl    :      at java.util.concurrent.ThreadPoolExecutor$Worker.run(ThreadPoolExecutor.java:651)
06-14 18:44:44.251  1684  4891 E hofl    :      at aypi.run(:com.google.android.gms@252037038@25.20.37 (260800-766884605):8)
06-14 18:44:44.251  1684  4891 E hofl    :      at java.lang.Thread.run(Thread.java:1119)
06-14 18:45:30.259   744  4928 E system_server: Could not open /dev/binderfs/binder_logs/transactions. Likely a permissions issue. errno: 2
06-14 18:45:30.260   744  4928 E android.os.Debug: Failed to get binder state info for pid: 2852 status: -2: No such file or directory
06-14 18:45:46.432   744  4928 E system_server: libdebuggerd_client: failed to read status response from tombstoned: Try again
06-14 18:45:48.642   744  4928 E system_server: Could not open /dev/binderfs/binder_logs/transactions. Likely a permissions issue. errno: 2
06-14 18:45:48.644   744  4928 E android.os.Debug: Failed to get binder state info for pid: 2852 status: -2: No such file or directory
06-14 18:45:50.350   744  4938 E system_server: Could not open /dev/binderfs/binder_logs/transactions. Likely a permissions issue. errno: 2
06-14 18:45:50.352   744  4938 E android.os.Debug: Failed to get binder state info for pid: 4115 status: -2: No such file or directory
06-14 18:45:50.865   744  4928 E system_server: libdebuggerd_client: failed to read status response from tombstoned: Try again
06-14 18:45:51.372   744  4928 E ActivityManager: Aborted stack trace dump (current primary pid=2852); deadline exceeded.
06-14 18:45:53.605   744  4929 E ActivityManager: ANR in com.google.android.apps.messaging
06-14 18:45:53.605   744  4929 E ActivityManager: PID: 2852
06-14 18:45:53.605   744  4929 E ActivityManager: Reason: No response to onStartJob
06-14 18:45:53.605   744  4929 E ActivityManager: ErrorId: c0c4b1b6-063f-4114-8640-5f9635ce2f5e
06-14 18:45:53.605   744  4929 E ActivityManager: Frozen: false
06-14 18:45:53.605   744  4929 E ActivityManager: Load: 0.0 / 0.0 / 0.0
06-14 18:45:53.605   744  4929 E ActivityManager: ----- Output from /proc/pressure/memory -----
06-14 18:45:53.605   744  4929 E ActivityManager: some avg10=14.89 avg60=12.58 avg300=8.46 total=38752012
06-14 18:45:53.605   744  4929 E ActivityManager: full avg10=6.87 avg60=5.58 avg300=3.55 total=16150507
06-14 18:45:53.605   744  4929 E ActivityManager: ----- End output from /proc/pressure/memory -----
06-14 18:45:53.605   744  4929 E ActivityManager: ----- Output from /proc/pressure/cpu -----
06-14 18:45:53.605   744  4929 E ActivityManager: some avg10=68.10 avg60=50.35 avg300=34.09 total=158212465
06-14 18:45:53.605   744  4929 E ActivityManager: full avg10=0.00 avg60=0.00 avg300=0.00 total=0
06-14 18:45:53.605   744  4929 E ActivityManager: ----- End output from /proc/pressure/cpu -----
06-14 18:45:53.605   744  4929 E ActivityManager: ----- Output from /proc/pressure/io -----
06-14 18:45:53.605   744  4929 E ActivityManager: some avg10=7.67 avg60=12.93 avg300=10.70 total=52227131
06-14 18:45:53.605   744  4929 E ActivityManager: full avg10=0.21 avg60=2.04 avg300=2.04 total=12240001
06-14 18:45:53.605   744  4929 E ActivityManager: ----- End output from /proc/pressure/io -----
06-14 18:45:53.605   744  4929 E ActivityManager:
06-14 18:45:53.605   744  4929 E ActivityManager: CPU usage from 140ms to 23843ms later (2025-06-14 18:45:28.420 to 2025-06-14 18:45:52.123):
06-14 18:45:53.605   744  4929 E ActivityManager:   130% 744/system_server: 62% user + 68% kernel / faults: 212 minor 45 major
06-14 18:45:53.605   744  4929 E ActivityManager:   81% 58/kcompactd0: 0% user + 81% kernel
06-14 18:45:53.605   744  4929 E ActivityManager:   70% 2852/com.google.android.apps.messaging: 17% user + 53% kernel / faults: 836 minor 428 major
06-14 18:45:53.605   744  4929 E ActivityManager:   37% 4502/com.google.android.gms.persistent: 25% user + 12% kernel / faults: 384 minor 11 major
06-14 18:45:53.605   744  4929 E ActivityManager:   32% 1951/com.google.android.googlequicksearchbox:search: 13% user + 18% kernel / faults: 144 minor 1882 major
06-14 18:45:53.605   744  4929 E ActivityManager:   25% 1155/com.android.phone: 17% user + 7.4% kernel / faults: 179 minor 4 major
06-14 18:45:53.605   744  4929 E ActivityManager:   18% 4115/com.google.android.dialer: 8.8% user + 9.9% kernel / faults: 683 minor 298 major
06-14 18:45:53.605   744  4929 E ActivityManager:   14% 515/android.hardware.sensors-service.multihal: 0.8% user + 13% kernel / faults: 3 minor
06-14 18:45:53.605   744  4929 E ActivityManager:   13% 1100/com.android.networkstack.process: 8.9% user + 4.4% kernel / faults: 108 minor 2 major
06-14 18:45:53.605   744  4929 E ActivityManager:   12% 642/process-tracker: 0.8% user + 11% kernel
06-14 18:45:53.605   744  4929 E ActivityManager: 99% TOTAL: 42% user + 54% kernel + 1.2% iowait + 0.8% softirq
06-14 18:45:53.605   744  4929 E ActivityManager: CPU usage from 277967ms to 277967ms ago (1970-01-01 00:00:00.000 to 1970-01-01 00:00:00.000) with 0% awake:
06-14 18:45:53.605   744  4929 E ActivityManager: 0% TOTAL: 0% user + 0% kernel
06-14 18:45:56.182   744   782 E libprocessgroup: Unable to remove cgroup /sys/fs/cgroup/apps/uid_10144/pid_2852: Device or resource busy
06-14 18:46:13.965   744  4938 E ActivityManager: Aborted stack trace dump (current primary pid=4115); deadline exceeded.
06-14 18:46:31.964  4115  4253 E DialerLoggingConsentCheckerImpl: com.google.android.dialershared.logging.consent.impl.LoggingConsentCheckerImpl.getConsent:81 Fetching usage reporting opt-in failed: 22: API failed to connect while resuming due to an unknown error.
06-14 18:46:31.964  4115  4253 E DialerLoggingConsentCheckerImpl: tow: 22: API failed to connect while resuming due to an unknown error.
06-14 18:46:31.964  4115  4253 E DialerLoggingConsentCheckerImpl:       at uoo.az(PG:13)
06-14 18:46:31.964  4115  4253 E DialerLoggingConsentCheckerImpl:       at tpp.d(PG:3)
06-14 18:46:31.964  4115  4253 E DialerLoggingConsentCheckerImpl:       at tqj.t(PG:48)
06-14 18:46:31.964  4115  4253 E DialerLoggingConsentCheckerImpl:       at tqj.f(PG:10)
06-14 18:46:31.964  4115  4253 E DialerLoggingConsentCheckerImpl:       at tqm.handleMessage(PG:489)
06-14 18:46:31.964  4115  4253 E DialerLoggingConsentCheckerImpl:       at android.os.Handler.dispatchMessage(Handler.java:106)
06-14 18:46:31.964  4115  4253 E DialerLoggingConsentCheckerImpl:       at txy.a(PG:1)
06-14 18:46:31.964  4115  4253 E DialerLoggingConsentCheckerImpl:       at txy.dispatchMessage(PG:1)
06-14 18:46:31.964  4115  4253 E DialerLoggingConsentCheckerImpl:       at android.os.Looper.loopOnce(Looper.java:248)
06-14 18:46:31.964  4115  4253 E DialerLoggingConsentCheckerImpl:       at android.os.Looper.loop(Looper.java:338)
06-14 18:46:31.964  4115  4253 E DialerLoggingConsentCheckerImpl:       at android.os.HandlerThread.run(HandlerThread.java:85)
06-14 18:46:32.126  4115  4245 E DialerLoggingConsentCheckerImpl: com.google.android.dialershared.logging.consent.impl.LoggingConsentCheckerImpl.getConsent:81 Fetching usage reporting opt-in failed: 22: API failed to connect while resuming due to an unknown error.
06-14 18:46:32.126  4115  4245 E DialerLoggingConsentCheckerImpl: tow: 22: API failed to connect while resuming due to an unknown error.
06-14 18:46:32.126  4115  4245 E DialerLoggingConsentCheckerImpl:       at uoo.az(PG:13)
06-14 18:46:32.126  4115  4245 E DialerLoggingConsentCheckerImpl:       at tpp.d(PG:3)
06-14 18:46:32.126  4115  4245 E DialerLoggingConsentCheckerImpl:       at tqj.t(PG:48)
06-14 18:46:32.126  4115  4245 E DialerLoggingConsentCheckerImpl:       at tqj.f(PG:10)
06-14 18:46:32.126  4115  4245 E DialerLoggingConsentCheckerImpl:       at tqm.handleMessage(PG:489)
06-14 18:46:32.126  4115  4245 E DialerLoggingConsentCheckerImpl:       at android.os.Handler.dispatchMessage(Handler.java:106)
06-14 18:46:32.126  4115  4245 E DialerLoggingConsentCheckerImpl:       at txy.a(PG:1)
06-14 18:46:32.126  4115  4245 E DialerLoggingConsentCheckerImpl:       at txy.dispatchMessage(PG:1)
06-14 18:46:32.126  4115  4245 E DialerLoggingConsentCheckerImpl:       at android.os.Looper.loopOnce(Looper.java:248)
06-14 18:46:32.126  4115  4245 E DialerLoggingConsentCheckerImpl:       at android.os.Looper.loop(Looper.java:338)
06-14 18:46:32.126  4115  4245 E DialerLoggingConsentCheckerImpl:       at android.os.HandlerThread.run(HandlerThread.java:85)
06-14 18:46:32.135  4115  4288 E DialerLoggingConsentCheckerImpl: com.google.android.dialershared.logging.consent.impl.LoggingConsentCheckerImpl.getConsent:81 Fetching usage reporting opt-in failed: 22: API failed to connect while resuming due to an unknown error.
06-14 18:46:32.135  4115  4288 E DialerLoggingConsentCheckerImpl: tow: 22: API failed to connect while resuming due to an unknown error.
06-14 18:46:32.135  4115  4288 E DialerLoggingConsentCheckerImpl:       at uoo.az(PG:13)
06-14 18:46:32.135  4115  4288 E DialerLoggingConsentCheckerImpl:       at tpp.d(PG:3)
06-14 18:46:32.135  4115  4288 E DialerLoggingConsentCheckerImpl:       at tqj.t(PG:48)
06-14 18:46:32.135  4115  4288 E DialerLoggingConsentCheckerImpl:       at tqj.f(PG:10)
06-14 18:46:32.135  4115  4288 E DialerLoggingConsentCheckerImpl:       at tqm.handleMessage(PG:489)
06-14 18:46:32.135  4115  4288 E DialerLoggingConsentCheckerImpl:       at android.os.Handler.dispatchMessage(Handler.java:106)
06-14 18:46:32.135  4115  4288 E DialerLoggingConsentCheckerImpl:       at txy.a(PG:1)
06-14 18:46:32.135  4115  4288 E DialerLoggingConsentCheckerImpl:       at txy.dispatchMessage(PG:1)
06-14 18:46:32.135  4115  4288 E DialerLoggingConsentCheckerImpl:       at android.os.Looper.loopOnce(Looper.java:248)
06-14 18:46:32.135  4115  4288 E DialerLoggingConsentCheckerImpl:       at android.os.Looper.loop(Looper.java:338)
06-14 18:46:32.135  4115  4288 E DialerLoggingConsentCheckerImpl:       at android.os.HandlerThread.run(HandlerThread.java:85)
06-14 18:46:32.350  4115  4288 E DialerLoggingConsentCheckerImpl: com.google.android.dialershared.logging.consent.impl.LoggingConsentCheckerImpl.getConsent:81 Fetching usage reporting opt-in failed: 22: API failed to connect while resuming due to an unknown error.
06-14 18:46:32.350  4115  4288 E DialerLoggingConsentCheckerImpl: tow: 22: API failed to connect while resuming due to an unknown error.
06-14 18:46:32.350  4115  4288 E DialerLoggingConsentCheckerImpl:       at uoo.az(PG:13)
06-14 18:46:32.350  4115  4288 E DialerLoggingConsentCheckerImpl:       at tpp.d(PG:3)
06-14 18:46:32.350  4115  4288 E DialerLoggingConsentCheckerImpl:       at tqj.t(PG:48)
06-14 18:46:32.350  4115  4288 E DialerLoggingConsentCheckerImpl:       at tqj.f(PG:10)
06-14 18:46:32.350  4115  4288 E DialerLoggingConsentCheckerImpl:       at tqm.handleMessage(PG:489)
06-14 18:46:32.350  4115  4288 E DialerLoggingConsentCheckerImpl:       at android.os.Handler.dispatchMessage(Handler.java:106)
06-14 18:46:32.350  4115  4288 E DialerLoggingConsentCheckerImpl:       at txy.a(PG:1)
06-14 18:46:32.350  4115  4288 E DialerLoggingConsentCheckerImpl:       at txy.dispatchMessage(PG:1)
06-14 18:46:32.350  4115  4288 E DialerLoggingConsentCheckerImpl:       at android.os.Looper.loopOnce(Looper.java:248)
06-14 18:46:32.350  4115  4288 E DialerLoggingConsentCheckerImpl:       at android.os.Looper.loop(Looper.java:338)
06-14 18:46:32.350  4115  4288 E DialerLoggingConsentCheckerImpl:       at android.os.HandlerThread.run(HandlerThread.java:85)
06-14 18:46:32.356  4115  4245 E DialerLoggingConsentCheckerImpl: com.google.android.dialershared.logging.consent.impl.LoggingConsentCheckerImpl.getConsent:81 Fetching usage reporting opt-in failed: 22: API failed to connect while resuming due to an unknown error.
06-14 18:46:32.356  4115  4245 E DialerLoggingConsentCheckerImpl: tow: 22: API failed to connect while resuming due to an unknown error.
06-14 18:46:32.356  4115  4245 E DialerLoggingConsentCheckerImpl:       at uoo.az(PG:13)
06-14 18:46:32.356  4115  4245 E DialerLoggingConsentCheckerImpl:       at tpp.d(PG:3)
06-14 18:46:32.356  4115  4245 E DialerLoggingConsentCheckerImpl:       at tqj.t(PG:48)
06-14 18:46:32.356  4115  4245 E DialerLoggingConsentCheckerImpl:       at tqj.f(PG:10)
06-14 18:46:32.356  4115  4245 E DialerLoggingConsentCheckerImpl:       at tqm.handleMessage(PG:489)
06-14 18:46:32.356  4115  4245 E DialerLoggingConsentCheckerImpl:       at android.os.Handler.dispatchMessage(Handler.java:106)
06-14 18:46:32.356  4115  4245 E DialerLoggingConsentCheckerImpl:       at txy.a(PG:1)
06-14 18:46:32.356  4115  4245 E DialerLoggingConsentCheckerImpl:       at txy.dispatchMessage(PG:1)
06-14 18:46:32.356  4115  4245 E DialerLoggingConsentCheckerImpl:       at android.os.Looper.loopOnce(Looper.java:248)
06-14 18:46:32.356  4115  4245 E DialerLoggingConsentCheckerImpl:       at android.os.Looper.loop(Looper.java:338)
06-14 18:46:32.356  4115  4245 E DialerLoggingConsentCheckerImpl:       at android.os.HandlerThread.run(HandlerThread.java:85)
06-14 18:46:32.370  4115  4253 E DialerLoggingConsentCheckerImpl: com.google.android.dialershared.logging.consent.impl.LoggingConsentCheckerImpl.getConsent:81 Fetching usage reporting opt-in failed: 22: API failed to connect while resuming due to an unknown error.
06-14 18:46:32.370  4115  4253 E DialerLoggingConsentCheckerImpl: tow: 22: API failed to connect while resuming due to an unknown error.
06-14 18:46:32.370  4115  4253 E DialerLoggingConsentCheckerImpl:       at uoo.az(PG:13)
06-14 18:46:32.370  4115  4253 E DialerLoggingConsentCheckerImpl:       at tpp.d(PG:3)
06-14 18:46:32.370  4115  4253 E DialerLoggingConsentCheckerImpl:       at tqj.t(PG:48)
06-14 18:46:32.370  4115  4253 E DialerLoggingConsentCheckerImpl:       at tqj.f(PG:10)
06-14 18:46:32.370  4115  4253 E DialerLoggingConsentCheckerImpl:       at tqm.handleMessage(PG:489)
06-14 18:46:32.370  4115  4253 E DialerLoggingConsentCheckerImpl:       at android.os.Handler.dispatchMessage(Handler.java:106)
06-14 18:46:32.370  4115  4253 E DialerLoggingConsentCheckerImpl:       at txy.a(PG:1)
06-14 18:46:32.370  4115  4253 E DialerLoggingConsentCheckerImpl:       at txy.dispatchMessage(PG:1)
06-14 18:46:32.370  4115  4253 E DialerLoggingConsentCheckerImpl:       at android.os.Looper.loopOnce(Looper.java:248)
06-14 18:46:32.370  4115  4253 E DialerLoggingConsentCheckerImpl:       at android.os.Looper.loop(Looper.java:338)
06-14 18:46:32.370  4115  4253 E DialerLoggingConsentCheckerImpl:       at android.os.HandlerThread.run(HandlerThread.java:85)
06-14 18:46:32.372  4115  4245 E DialerLoggingConsentCheckerImpl: com.google.android.dialershared.logging.consent.impl.LoggingConsentCheckerImpl.getConsent:81 Fetching usage reporting opt-in failed: 22: API failed to connect while resuming due to an unknown error.
06-14 18:46:32.372  4115  4245 E DialerLoggingConsentCheckerImpl: tow: 22: API failed to connect while resuming due to an unknown error.
06-14 18:46:32.372  4115  4245 E DialerLoggingConsentCheckerImpl:       at uoo.az(PG:13)
06-14 18:46:32.372  4115  4245 E DialerLoggingConsentCheckerImpl:       at tpp.d(PG:3)
06-14 18:46:32.372  4115  4245 E DialerLoggingConsentCheckerImpl:       at tqj.t(PG:48)
06-14 18:46:32.372  4115  4245 E DialerLoggingConsentCheckerImpl:       at tqj.f(PG:10)
06-14 18:46:32.372  4115  4245 E DialerLoggingConsentCheckerImpl:       at tqm.handleMessage(PG:489)
06-14 18:46:32.372  4115  4245 E DialerLoggingConsentCheckerImpl:       at android.os.Handler.dispatchMessage(Handler.java:106)
06-14 18:46:32.372  4115  4245 E DialerLoggingConsentCheckerImpl:       at txy.a(PG:1)
06-14 18:46:32.372  4115  4245 E DialerLoggingConsentCheckerImpl:       at txy.dispatchMessage(PG:1)
06-14 18:46:32.372  4115  4245 E DialerLoggingConsentCheckerImpl:       at android.os.Looper.loopOnce(Looper.java:248)
06-14 18:46:32.372  4115  4245 E DialerLoggingConsentCheckerImpl:       at android.os.Looper.loop(Looper.java:338)
06-14 18:46:32.372  4115  4245 E DialerLoggingConsentCheckerImpl:       at android.os.HandlerThread.run(HandlerThread.java:85)
06-14 18:46:32.373  4115  4245 E DialerLoggingConsentCheckerImpl: com.google.android.dialershared.logging.consent.impl.LoggingConsentCheckerImpl.getConsent:81 Fetching usage reporting opt-in failed: 22: API failed to connect while resuming due to an unknown error.
06-14 18:46:32.373  4115  4245 E DialerLoggingConsentCheckerImpl: tow: 22: API failed to connect while resuming due to an unknown error.
06-14 18:46:32.373  4115  4245 E DialerLoggingConsentCheckerImpl:       at uoo.az(PG:13)
06-14 18:46:32.373  4115  4245 E DialerLoggingConsentCheckerImpl:       at tpp.d(PG:3)
06-14 18:46:32.373  4115  4245 E DialerLoggingConsentCheckerImpl:       at tqj.t(PG:48)
06-14 18:46:32.373  4115  4245 E DialerLoggingConsentCheckerImpl:       at tqj.f(PG:10)
06-14 18:46:32.373  4115  4245 E DialerLoggingConsentCheckerImpl:       at tqm.handleMessage(PG:489)
06-14 18:46:32.373  4115  4245 E DialerLoggingConsentCheckerImpl:       at android.os.Handler.dispatchMessage(Handler.java:106)
06-14 18:46:32.373  4115  4245 E DialerLoggingConsentCheckerImpl:       at txy.a(PG:1)
06-14 18:46:32.373  4115  4245 E DialerLoggingConsentCheckerImpl:       at txy.dispatchMessage(PG:1)
06-14 18:46:32.373  4115  4245 E DialerLoggingConsentCheckerImpl:       at android.os.Looper.loopOnce(Looper.java:248)
06-14 18:46:32.373  4115  4245 E DialerLoggingConsentCheckerImpl:       at android.os.Looper.loop(Looper.java:338)
06-14 18:46:32.373  4115  4245 E DialerLoggingConsentCheckerImpl:       at android.os.HandlerThread.run(HandlerThread.java:85)
06-14 18:46:32.378  4115  4253 E DialerLoggingConsentCheckerImpl: com.google.android.dialershared.logging.consent.impl.LoggingConsentCheckerImpl.getConsent:81 Fetching usage reporting opt-in failed: 22: API failed to connect while resuming due to an unknown error.
06-14 18:46:32.378  4115  4253 E DialerLoggingConsentCheckerImpl: tow: 22: API failed to connect while resuming due to an unknown error.
06-14 18:46:32.378  4115  4253 E DialerLoggingConsentCheckerImpl:       at uoo.az(PG:13)
06-14 18:46:32.378  4115  4253 E DialerLoggingConsentCheckerImpl:       at tpp.d(PG:3)
06-14 18:46:32.378  4115  4253 E DialerLoggingConsentCheckerImpl:       at tqj.t(PG:48)
06-14 18:46:32.378  4115  4253 E DialerLoggingConsentCheckerImpl:       at tqj.f(PG:10)
06-14 18:46:32.378  4115  4253 E DialerLoggingConsentCheckerImpl:       at tqm.handleMessage(PG:489)
06-14 18:46:32.378  4115  4253 E DialerLoggingConsentCheckerImpl:       at android.os.Handler.dispatchMessage(Handler.java:106)
06-14 18:46:32.378  4115  4253 E DialerLoggingConsentCheckerImpl:       at txy.a(PG:1)
06-14 18:46:32.378  4115  4253 E DialerLoggingConsentCheckerImpl:       at txy.dispatchMessage(PG:1)
06-14 18:46:32.378  4115  4253 E DialerLoggingConsentCheckerImpl:       at android.os.Looper.loopOnce(Looper.java:248)
06-14 18:46:32.378  4115  4253 E DialerLoggingConsentCheckerImpl:       at android.os.Looper.loop(Looper.java:338)
06-14 18:46:32.378  4115  4253 E DialerLoggingConsentCheckerImpl:       at android.os.HandlerThread.run(HandlerThread.java:85)
06-14 18:46:32.379  4115  4288 E DialerLoggingConsentCheckerImpl: com.google.android.dialershared.logging.consent.impl.LoggingConsentCheckerImpl.getConsent:81 Fetching usage reporting opt-in failed: 22: API failed to connect while resuming due to an unknown error.
06-14 18:46:32.379  4115  4288 E DialerLoggingConsentCheckerImpl: tow: 22: API failed to connect while resuming due to an unknown error.
06-14 18:46:32.379  4115  4288 E DialerLoggingConsentCheckerImpl:       at uoo.az(PG:13)
06-14 18:46:32.379  4115  4288 E DialerLoggingConsentCheckerImpl:       at tpp.d(PG:3)
06-14 18:46:32.379  4115  4288 E DialerLoggingConsentCheckerImpl:       at tqj.t(PG:48)
06-14 18:46:32.379  4115  4288 E DialerLoggingConsentCheckerImpl:       at tqj.f(PG:10)
06-14 18:46:32.379  4115  4288 E DialerLoggingConsentCheckerImpl:       at tqm.handleMessage(PG:489)
06-14 18:46:32.379  4115  4288 E DialerLoggingConsentCheckerImpl:       at android.os.Handler.dispatchMessage(Handler.java:106)
06-14 18:46:32.379  4115  4288 E DialerLoggingConsentCheckerImpl:       at txy.a(PG:1)
06-14 18:46:32.379  4115  4288 E DialerLoggingConsentCheckerImpl:       at txy.dispatchMessage(PG:1)
06-14 18:46:32.379  4115  4288 E DialerLoggingConsentCheckerImpl:       at android.os.Looper.loopOnce(Looper.java:248)
06-14 18:46:32.379  4115  4288 E DialerLoggingConsentCheckerImpl:       at android.os.Looper.loop(Looper.java:338)
06-14 18:46:32.379  4115  4288 E DialerLoggingConsentCheckerImpl:       at android.os.HandlerThread.run(HandlerThread.java:85)
06-14 18:46:32.952  4115  4254 E DialerLoggingConsentCheckerImpl: com.google.android.dialershared.logging.consent.impl.LoggingConsentCheckerImpl.getConsent:81 Fetching usage reporting opt-in failed: 22: API failed to connect while resuming due to an unknown error.
06-14 18:46:32.952  4115  4254 E DialerLoggingConsentCheckerImpl: tow: 22: API failed to connect while resuming due to an unknown error.
06-14 18:46:32.952  4115  4254 E DialerLoggingConsentCheckerImpl:       at uoo.az(PG:13)
06-14 18:46:32.952  4115  4254 E DialerLoggingConsentCheckerImpl:       at tpp.d(PG:3)
06-14 18:46:32.952  4115  4254 E DialerLoggingConsentCheckerImpl:       at tqj.t(PG:48)
06-14 18:46:32.952  4115  4254 E DialerLoggingConsentCheckerImpl:       at tqj.f(PG:10)
06-14 18:46:32.952  4115  4254 E DialerLoggingConsentCheckerImpl:       at tqm.handleMessage(PG:489)
06-14 18:46:32.952  4115  4254 E DialerLoggingConsentCheckerImpl:       at android.os.Handler.dispatchMessage(Handler.java:106)
06-14 18:46:32.952  4115  4254 E DialerLoggingConsentCheckerImpl:       at txy.a(PG:1)
06-14 18:46:32.952  4115  4254 E DialerLoggingConsentCheckerImpl:       at txy.dispatchMessage(PG:1)
06-14 18:46:32.952  4115  4254 E DialerLoggingConsentCheckerImpl:       at android.os.Looper.loopOnce(Looper.java:248)
06-14 18:46:32.952  4115  4254 E DialerLoggingConsentCheckerImpl:       at android.os.Looper.loop(Looper.java:338)
06-14 18:46:32.952  4115  4254 E DialerLoggingConsentCheckerImpl:       at android.os.HandlerThread.run(HandlerThread.java:85)
06-14 18:46:33.376   744  4929 E ActivityManager: Aborting stack trace dump (currently copying primary pid4115); deadline exceeded.
06-14 18:47:04.550   744   790 E MobileRadioPowerStatsCollector: Cannot acquire ModemActivityInfo
06-14 18:47:08.632  1951  1951 E aelw    : (REDACTED) Task %s failed or timed out. Client %d disconnecting from SearchService!
06-14 18:47:08.632  1951  1951 E aelw    : java.util.concurrent.CancellationException: Task was cancelled.
06-14 18:47:08.632  1951  1951 E aelw    :      at fmnu.j(PG:33)
06-14 18:47:08.632  1951  1951 E aelw    :      at fmnv.t(PG:23)
06-14 18:47:08.632  1951  1951 E aelw    :      at fmnu.get(PG:1)
06-14 18:47:08.632  1951  1951 E aelw    :      at e.bI(PG:2)
06-14 18:47:08.632  1951  1951 E aelw    :      at fmsc.y(PG:10)
06-14 18:47:08.632  1951  1951 E aelw    :      at fmqk.run(PG:23)
06-14 18:47:08.632  1951  1951 E aelw    :      at aghm.run(PG:3)
06-14 18:47:08.632  1951  1951 E aelw    :      at android.os.Handler.handleCallback(Handler.java:995)
06-14 18:47:08.632  1951  1951 E aelw    :      at android.os.Handler.dispatchMessage(Handler.java:103)
06-14 18:47:08.632  1951  1951 E aelw    :      at android.os.Looper.loopOnce(Looper.java:248)
06-14 18:47:08.632  1951  1951 E aelw    :      at android.os.Looper.loop(Looper.java:338)
06-14 18:47:08.632  1951  1951 E aelw    :      at android.app.ActivityThread.main(ActivityThread.java:9067)
06-14 18:47:08.632  1951  1951 E aelw    :      at java.lang.reflect.Method.invoke(Native Method)
06-14 18:47:08.632  1951  1951 E aelw    :      at com.android.internal.os.RuntimeInit$MethodAndArgsCaller.run(RuntimeInit.java:593)
06-14 18:47:08.632  1951  1951 E aelw    :      at com.android.internal.os.ZygoteInit.main(ZygoteInit.java:932)
06-14 18:47:09.667   744  4954 E GnssPsdsDownloader: No Long-Term PSDS servers were specified in the GnssConfiguration
06-14 18:47:10.570  1951  4951 E avrd    : (REDACTED) %s background task %s was cancelled.
06-14 18:47:10.570  1951  4951 E avrd    : java.util.concurrent.CancellationException: Task was cancelled.
06-14 18:47:10.570  1951  4951 E avrd    :      at fmnu.j(PG:33)
06-14 18:47:10.570  1951  4951 E avrd    :      at fmnv.t(PG:23)
06-14 18:47:10.570  1951  4951 E avrd    :      at fmnu.get(PG:1)
06-14 18:47:10.570  1951  4951 E avrd    :      at e.bI(PG:2)
06-14 18:47:10.570  1951  4951 E avrd    :      at fmsc.y(PG:10)
06-14 18:47:10.570  1951  4951 E avrd    :      at fmqk.run(PG:23)
06-14 18:47:10.570  1951  4951 E avrd    :      at agie.b(PG:3)
06-14 18:47:10.570  1951  4951 E avrd    :      at agih.run(PG:1)
06-14 18:47:10.570  1951  4951 E avrd    :      at djui.run(PG:5)
06-14 18:47:10.570  1951  4951 E avrd    :      at java.util.concurrent.ThreadPoolExecutor.runWorker(ThreadPoolExecutor.java:1156)
06-14 18:47:10.570  1951  4951 E avrd    :      at java.util.concurrent.ThreadPoolExecutor$Worker.run(ThreadPoolExecutor.java:651)
06-14 18:47:10.570  1951  4951 E avrd    :      at djts.run(PG:27)
06-14 18:47:10.570  1951  4951 E avrd    :      at java.lang.Thread.run(Thread.java:1119)
06-14 18:47:10.570  1951  4951 E avrd    :      at djvl.run(PG:62)
06-14 18:47:14.183  1951  1951 E rdv     : onError
06-14 18:47:14.183  1951  1951 E rdv     : afvv: errorCode: 65561, engine: 2
06-14 18:47:14.183  1951  1951 E rdv     :      at auki.a(PG:23)
06-14 18:47:14.183  1951  1951 E rdv     :      at abhl.hv(PG:13)
06-14 18:47:14.183  1951  1951 E rdv     :      at fyqd.e(PG:9)
06-14 18:47:14.183  1951  1951 E rdv     :      at ahbi.d(PG:154)
06-14 18:47:14.183  1951  1951 E rdv     :      at ahbi.iW(PG:26)
06-14 18:47:14.183  1951  1951 E rdv     :      at abhm.c(PG:102)
06-14 18:47:14.183  1951  1951 E rdv     :      at abhn.run(PG:1)
06-14 18:47:14.183  1951  1951 E rdv     :      at java.util.concurrent.Executors$RunnableAdapter.call(Executors.java:524)
06-14 18:47:14.183  1951  1951 E rdv     :      at java.util.concurrent.FutureTask.run(FutureTask.java:317)
06-14 18:47:14.183  1951  1951 E rdv     :      at aggv.run(PG:20)
06-14 18:47:14.183  1951  1951 E rdv     :      at aght.run(PG:3)
06-14 18:47:14.183  1951  1951 E rdv     :      at aght.run(PG:3)
06-14 18:47:14.183  1951  1951 E rdv     :      at java.util.concurrent.ThreadPoolExecutor.runWorker(ThreadPoolExecutor.java:1156)
06-14 18:47:14.183  1951  1951 E rdv     :      at java.util.concurrent.ThreadPoolExecutor$Worker.run(ThreadPoolExecutor.java:651)
06-14 18:47:14.183  1951  1951 E rdv     :      at java.lang.Thread.run(Thread.java:1119)
06-14 18:47:14.183  1951  1951 E rdv     :      at aggj.run(PG:42)
06-14 18:47:14.183  1951  1951 E rdv     : Caused by: afvx: errorCode: 65586, engine: 2
06-14 18:47:14.183  1951  1951 E rdv     :      at abhl.hv(PG:6)
06-14 18:47:14.183  1951  1951 E rdv     :      ... 14 more
06-14 18:47:14.183  1951  1951 E rdv     : Caused by: afvt: errorCode: 401, engine: 2
06-14 18:47:14.183  1951  1951 E rdv     :      at rds.b(PG:30)
06-14 18:47:14.183  1951  1951 E rdv     :      at abii.hJ(PG:11)
06-14 18:47:14.183  1951  1951 E rdv     :      at ahbi.d(PG:129)
06-14 18:47:14.183  1951  1951 E rdv     :      ... 12 more
06-14 18:47:15.329   520   533 E IPCThreadState: binder thread pool (1 threads) starved for 318 ms
06-14 18:47:16.685   520   520 E IPCThreadState: binder thread pool (1 threads) starved for 121 ms
06-14 18:47:28.711   744   790 E BluetoothPowerStatsCollector: Cannot acquire BluetoothActivityEnergyInfo
06-14 18:47:28.711   744   790 E BluetoothPowerStatsCollector: java.util.concurrent.ExecutionException: java.lang.RuntimeException: error: 11
06-14 18:47:28.711   744   790 E BluetoothPowerStatsCollector:  at java.util.concurrent.CompletableFuture.reportGet(CompletableFuture.java:372)
06-14 18:47:28.711   744   790 E BluetoothPowerStatsCollector:  at java.util.concurrent.CompletableFuture.get(CompletableFuture.java:2072)
06-14 18:47:28.711   744   790 E BluetoothPowerStatsCollector:  at com.android.server.power.stats.BluetoothPowerStatsCollector.collectBluetoothActivityInfo(BluetoothPowerStatsCollector.java:192)
06-14 18:47:28.711   744   790 E BluetoothPowerStatsCollector:  at com.android.server.power.stats.BluetoothPowerStatsCollector.collectStats(BluetoothPowerStatsCollector.java:155)
06-14 18:47:28.711   744   790 E BluetoothPowerStatsCollector:  at com.android.server.power.stats.PowerStatsCollector.collectAndDeliverStats(PowerStatsCollector.java:176)
06-14 18:47:28.711   744   790 E BluetoothPowerStatsCollector:  at com.android.server.power.stats.PowerStatsCollector$$ExternalSyntheticLambda0.run(R8$$SyntheticClass:0)
06-14 18:47:28.711   744   790 E BluetoothPowerStatsCollector:  at android.os.Handler.handleCallback(Handler.java:995)
06-14 18:47:28.711   744   790 E BluetoothPowerStatsCollector:  at android.os.Handler.dispatchMessage(Handler.java:103)
06-14 18:47:28.711   744   790 E BluetoothPowerStatsCollector:  at android.os.Looper.loopOnce(Looper.java:248)
06-14 18:47:28.711   744   790 E BluetoothPowerStatsCollector:  at android.os.Looper.loop(Looper.java:338)
06-14 18:47:28.711   744   790 E BluetoothPowerStatsCollector:  at android.os.HandlerThread.run(HandlerThread.java:85)
06-14 18:47:28.711   744   790 E BluetoothPowerStatsCollector: Caused by: java.lang.RuntimeException: error: 11
06-14 18:47:28.711   744   790 E BluetoothPowerStatsCollector:  at com.android.server.power.stats.BluetoothPowerStatsCollector$1.onBluetoothActivityEnergyInfoError(BluetoothPowerStatsCollector.java:181)
06-14 18:47:28.711   744   790 E BluetoothPowerStatsCollector:  at android.bluetooth.BluetoothAdapter$OnBluetoothActivityEnergyInfoProxy.lambda$onBluetoothActivityEnergyInfoAvailable$0(BluetoothAdapter.java:1037)
06-14 18:47:28.711   744   790 E BluetoothPowerStatsCollector:  at android.bluetooth.BluetoothAdapter$OnBluetoothActivityEnergyInfoProxy$$ExternalSyntheticLambda1.run(D8$$SyntheticClass:0)
06-14 18:47:28.711   744   790 E BluetoothPowerStatsCollector:  at android.bluetooth.BluetoothUtils.lambda$executeFromBinder$0(BluetoothUtils.java:343)
06-14 18:47:28.711   744   790 E BluetoothPowerStatsCollector:  at android.bluetooth.BluetoothUtils$$ExternalSyntheticLambda1.run(D8$$SyntheticClass:0)
06-14 18:47:28.711   744   790 E BluetoothPowerStatsCollector:  at com.android.server.SystemServerInitThreadPool$$ExternalSyntheticLambda0.execute(R8$$SyntheticClass:0)
06-14 18:47:28.711   744   790 E BluetoothPowerStatsCollector:  at android.bluetooth.BluetoothUtils.executeFromBinder(BluetoothUtils.java:343)
06-14 18:47:28.711   744   790 E BluetoothPowerStatsCollector:  at android.bluetooth.BluetoothAdapter$OnBluetoothActivityEnergyInfoProxy.onBluetoothActivityEnergyInfoAvailable(BluetoothAdapter.java:1035)
06-14 18:47:28.711   744   790 E BluetoothPowerStatsCollector:  at android.bluetooth.IBluetoothActivityEnergyInfoListener$Stub.onTransact(IBluetoothActivityEnergyInfoListener.java:98)
06-14 18:47:28.711   744   790 E BluetoothPowerStatsCollector:  at android.os.Binder.execTransactInternal(Binder.java:1426)
06-14 18:47:28.711   744   790 E BluetoothPowerStatsCollector:  at android.os.Binder.execTransact(Binder.java:1365)
06-14 18:47:28.880   744  4929 E ActivityManager: ANR in com.google.android.dialer
06-14 18:47:28.880   744  4929 E ActivityManager: PID: 4115
06-14 18:47:28.880   744  4929 E ActivityManager: Reason: executing service com.google.android.dialer/androidx.work.impl.background.systemjob.SystemJobService, waited 45427ms
06-14 18:47:28.880   744  4929 E ActivityManager: ErrorId: 89304833-fb49-4426-b848-7f9a49b002a0
06-14 18:47:28.880   744  4929 E ActivityManager: Frozen: false
06-14 18:47:28.880   744  4929 E ActivityManager: Load: 0.0 / 0.0 / 0.0
06-14 18:47:28.880   744  4929 E ActivityManager: ----- Output from /proc/pressure/memory -----
06-14 18:47:28.880   744  4929 E ActivityManager: some avg10=10.94 avg60=10.99 avg300=8.33 total=40098004
06-14 18:47:28.880   744  4929 E ActivityManager: full avg10=4.32 avg60=4.67 avg300=3.45 total=16714524
06-14 18:47:28.880   744  4929 E ActivityManager: ----- End output from /proc/pressure/memory -----
06-14 18:47:28.880   744  4929 E ActivityManager: ----- Output from /proc/pressure/cpu -----
06-14 18:47:28.880   744  4929 E ActivityManager: some avg10=70.50 avg60=56.88 avg300=36.73 total=172393510
06-14 18:47:28.880   744  4929 E ActivityManager: full avg10=0.00 avg60=0.00 avg300=0.00 total=0
06-14 18:47:28.880   744  4929 E ActivityManager: ----- End output from /proc/pressure/cpu -----
06-14 18:47:28.880   744  4929 E ActivityManager: ----- Output from /proc/pressure/io -----
06-14 18:47:28.880   744  4929 E ActivityManager: some avg10=31.00 avg60=20.64 avg300=12.71 total=59977138
06-14 18:47:28.880   744  4929 E ActivityManager: full avg10=0.91 avg60=1.65 avg300=1.95 total=12381785
06-14 18:47:28.880   744  4929 E ActivityManager: ----- End output from /proc/pressure/io -----
06-14 18:47:28.880   744  4929 E ActivityManager:
06-14 18:47:28.880   744  4929 E ActivityManager: CPU usage from 1876ms to -43162ms ago (2025-06-14 18:45:52.123 to 2025-06-14 18:46:39.817):
06-14 18:47:28.880   744  4929 E ActivityManager:   96% 744/system_server: 48% user + 48% kernel / faults: 641 minor 86 major
06-14 18:47:28.880   744  4929 E ActivityManager:   60% 1951/com.google.android.googlequicksearchbox:search: 33% user + 27% kernel / faults: 914 minor 737 major
06-14 18:47:28.880   744  4929 E ActivityManager:   67% 58/kcompactd0: 0% user + 67% kernel
06-14 18:47:28.880   744  4929 E ActivityManager:   37% 4502/com.google.android.gms.persistent: 26% user + 10% kernel / faults: 377 minor 1 major
06-14 18:47:28.880   744  4929 E ActivityManager:   36% 4115/com.google.android.dialer: 25% user + 11% kernel / faults: 853 minor 720 major
06-14 18:47:28.880   744  4929 E ActivityManager:   26% 642/process-tracker: 2.3% user + 24% kernel / faults: 1 minor
06-14 18:47:28.880   744  4929 E ActivityManager:   19% 2852/com.google.android.apps.messaging: 2.1% user + 17% kernel / faults: 240 minor 67 major
06-14 18:47:28.880   744  4929 E ActivityManager:   17% 515/android.hardware.sensors-service.multihal: 1.7% user + 16% kernel / faults: 8 minor
06-14 18:47:28.880   744  4929 E ActivityManager:   13% 4256/com.google.android.apps.photos: 3.5% user + 9.5% kernel / faults: 165 minor 838 major
06-14 18:47:28.880   744  4929 E ActivityManager:   10% 4011/com.google.android.settings.intelligence: 6.1% user + 3.9% kernel / faults: 81 minor 854 major
06-14 18:47:28.880   744  4929 E ActivityManager: 99% TOTAL: 44% user + 53% kernel + 0% iowait + 1.6% softirq
06-14 18:47:28.880   744  4929 E ActivityManager: CPU usage from 303686ms to 303686ms ago (1970-01-01 00:00:00.000 to 1970-01-01 00:00:00.000) with 0% awake:
06-14 18:47:28.880   744  4929 E ActivityManager: 0% TOTAL: 0% user + 0% kernel
06-14 18:47:30.060   744   916 E IPCThreadState: Binder transaction failure. id: 348352, BR_*: 29189, error: -22 (Invalid argument)
06-14 18:47:30.166   744   916 E ConnectivityService: RemoteException caught trying to send a callback msg for NetworkRequest [ LISTEN id=164, [ Capabilities: INTERNET&NOT_RESTRICTED&TRUSTED&NOT_VCN_MANAGED&NOT_BANDWIDTH_CONSTRAINED Uid: 10144 RequestorUid: 10144 RequestorPkg: com.google.android.apps.messaging MatchNonThreadLocalNetworks UnderlyingNetworks: Null] ]
06-14 18:47:31.000  4502  4914 E IPCThreadState: Binder transaction failure. id: 348650, BR_*: 29189, error: -22 (Invalid argument)
06-14 18:47:31.461   744   777 E system_server: Could not open /dev/binderfs/binder_logs/transactions. Likely a permissions issue. errno: 2
06-14 18:47:31.462   744   777 E android.os.Debug: Failed to get binder state info for pid: 744 status: -2: No such file or directory
06-14 18:47:31.621   744  1983 E AppOps  : Bad call made by uid 1000. Package "com.google.android.googlequicksearchbox" does not belong to uid 1000.
06-14 18:47:31.706   744   916 E IPCThreadState: Binder transaction failure. id: 348851, BR_*: 29189, error: -22 (Invalid argument)
06-14 18:47:31.708   744   916 E ConnectivityService: RemoteException caught trying to send a callback msg for NetworkRequest [ LISTEN id=127, [ Capabilities: INTERNET&NOT_RESTRICTED&TRUSTED&NOT_VCN_MANAGED&NOT_BANDWIDTH_CONSTRAINED Uid: 10149 RequestorUid: 10149 RequestorPkg: com.google.android.googlequicksearchbox UnderlyingNetworks: Null] ]
06-14 18:47:31.708   744   916 E IPCThreadState: Binder transaction failure. id: 348855, BR_*: 29189, error: -22 (Invalid argument)
06-14 18:47:31.708   744   916 E ConnectivityService: RemoteException caught trying to send a callback msg for NetworkRequest [ LISTEN id=186, [ Capabilities: INTERNET&NOT_RESTRICTED&TRUSTED&NOT_VCN_MANAGED&NOT_BANDWIDTH_CONSTRAINED Uid: 10149 RequestorUid: 10149 RequestorPkg: com.google.android.googlequicksearchbox UnderlyingNetworks: Null] ]
06-14 18:47:32.560   744   783 E OomConnection: failed waiting for OOM events: java.lang.RuntimeException: listener failed waiting for OOM event
06-14 18:47:38.511  4980  4980 E ashmem  : Pinning is deprecated since Android Q. Please use trim or other methods.
06-14 18:47:38.575   744  1501 E SettingsToPropertiesMapper: key=persist.device_config.storage_native_boot.transcode_compat_manifest value=com.yelp.android,0,com.yy.biu,0,com.groupme.android,0,air.tv.douyu.android,0,com.baidu.mbaby,0,com.vlocker.locker,0,com.znxh.hyhuo,0,com.yixia.xiaokaxiu,0 exceeds system property max length.
06-14 18:47:41.820   744   777 E system_server: libdebuggerd_client: failed to read status response from tombstoned: timeout reached?
06-14 18:47:43.550  4190  4190 E ashmem  : Pinning is deprecated since Android Q. Please use trim or other methods.
06-14 18:47:43.831   744   777 E system_server: Could not open /dev/binderfs/binder_logs/transactions. Likely a permissions issue. errno: 2
06-14 18:47:43.834   744   777 E android.os.Debug: Failed to get binder state info for pid: 744 status: -2: No such file or directory
06-14 18:47:46.480   744   777 E system_server: libdebuggerd_client: failed to read status response from tombstoned: Try again
06-14 18:47:48.420   744   777 E system_server: Could not open /dev/binderfs/binder_logs/transactions. Likely a permissions issue. errno: 2
06-14 18:47:48.420   744   777 E android.os.Debug: Failed to get binder state info for pid: 1155 status: -2: No such file or directory
06-14 18:47:54.468   744   777 E system_server: libdebuggerd_client: timeout expired before poll
06-14 18:47:54.531   744   777 E system_server: Could not open /dev/binderfs/binder_logs/transactions. Likely a permissions issue. errno: 2
06-14 18:47:54.563   324   324 E tombstoned: failed to get crash output for type kDebuggerdNativeBacktrace
06-14 18:47:54.571  5039  5039 E libc    : failed to read response to DumpRequest packet: No message of desired type
06-14 18:47:54.591   744   777 E android.os.Debug: Failed to get binder state info for pid: 1155 status: -2: No such file or directory
06-14 18:47:54.830  4980  5059 E ActivityThread: Failed to find provider info for androidx.car.app.connection
06-14 18:47:56.158  3568  3580 E ScreenResolutionController: No support
06-14 18:47:56.628   744   777 E system_server: libdebuggerd_client: poll timeout expired
06-14 18:47:56.634   744   777 E ActivityManager: Aborting stack trace dump (current firstPid=1155); deadline exceeded.
06-14 18:47:56.785  3568  4078 E ScreenResolutionController: No support
06-14 18:47:57.020  3568  3580 E HardwareInfoFeatureProviderImpl: Could not parse manufactured year from serial.
06-14 18:47:57.020  3568  3580 E HardwareInfoFeatureProviderImpl: java.lang.NumberFormatException: For input string: "E"
06-14 18:47:57.020  3568  3580 E HardwareInfoFeatureProviderImpl:       at java.lang.Integer.parseInt(Integer.java:781)
06-14 18:47:57.020  3568  3580 E HardwareInfoFeatureProviderImpl:       at java.lang.Integer.valueOf(Integer.java:1108)
06-14 18:47:57.020  3568  3580 E HardwareInfoFeatureProviderImpl:       at com.google.android.settings.hardwareinfo.HardwareInfoFeatureProviderGoogleImpl.getManufacturedYear(HardwareInfoFeatureProviderGoogleImpl.kt:24)
