06-14 18:43:03.023  3568  3597 E SystemServiceRegistry:         at android.app.ContextImpl.getSystemService(ContextImpl.java:2315)
06-14 18:43:03.023  3568  3597 E SystemServiceRegistry:         at android.content.ContextWrapper.getSystemService(ContextWrapper.java:964)
06-14 18:43:03.023  3568  3597 E SystemServiceRegistry:         at android.content.Context.getSystemService(Context.java:4630)
06-14 18:43:03.023  3568  3597 E SystemServiceRegistry:         at com.android.settings.network.tether.TetherSettings$2.getNonIndexableKeys(TetherSettings.java:673)
06-14 18:43:03.023  3568  3597 E SystemServiceRegistry:         at com.android.settings.search.SettingsSearchIndexablesProvider.getNonIndexableKeysFromProvider(SettingsSearchIndexablesProvider.java:285)
06-14 18:43:03.023  3568  3597 E SystemServiceRegistry:         at com.android.settings.search.SettingsSearchIndexablesProvider.queryNonIndexableKeys(SettingsSearchIndexablesProvider.java:158)
06-14 18:43:03.023  3568  3597 E SystemServiceRegistry:         at android.provider.SearchIndexablesProvider.query(SearchIndexablesProvider.java:127)
06-14 18:43:03.023  3568  3597 E SystemServiceRegistry:         at android.content.ContentProvider.query(ContentProvider.java:1625)
06-14 18:43:03.023  3568  3597 E SystemServiceRegistry:         at android.content.ContentProvider.query(ContentProvider.java:1721)
06-14 18:43:03.023  3568  3597 E SystemServiceRegistry:         at android.content.ContentProvider$Transport.query(ContentProvider.java:296)
06-14 18:43:03.023  3568  3597 E SystemServiceRegistry:         at android.content.ContentProviderNative.onTransact(ContentProviderNative.java:107)
06-14 18:43:03.023  3568  3597 E SystemServiceRegistry:         at android.os.Binder.execTransactInternal(Binder.java:1421)
06-14 18:43:03.023  3568  3597 E SystemServiceRegistry:         at android.os.Binder.execTransact(Binder.java:1365)
06-14 18:43:03.689  4056  4056 E zation.services: Not starting debugger since process cannot load the jdwp agent.
06-14 18:43:04.100   253   260 E lowmemorykiller: process_mrelease 2122 failed: No such process
06-14 18:43:04.102   253   261 E lowmemorykiller: process_mrelease 3821 failed: No such process
06-14 18:43:06.545  3568  3580 E JavaBinder: *** Uncaught remote exception! Exceptions are not yet supported across processes. Client PID 3130 UID 10145.
06-14 18:43:06.545  3568  3580 E JavaBinder: android.database.StaleDataException: Attempted to access a cursor after it has been closed.
06-14 18:43:06.545  3568  3580 E JavaBinder:    at android.database.CursorToBulkCursorAdaptor.throwIfCursorIsClosed(CursorToBulkCursorAdaptor.java:137)
06-14 18:43:06.545  3568  3580 E JavaBinder:    at android.database.CursorToBulkCursorAdaptor.getBulkCursorDescriptor(CursorToBulkCursorAdaptor.java:155)
06-14 18:43:06.545  3568  3580 E JavaBinder:    at android.content.ContentProviderNative.onTransact(ContentProviderNative.java:117)
06-14 18:43:06.545  3568  3580 E JavaBinder:    at android.os.Binder.execTransactInternal(Binder.java:1421)
06-14 18:43:06.545  3568  3580 E JavaBinder:    at android.os.Binder.execTransact(Binder.java:1365)
06-14 18:43:07.304  4084  4084 E ackageinstaller: Not starting debugger since process cannot load the jdwp agent.
06-14 18:43:08.161  2576  2816 E galf    : RuntimeException while executing runnable galu{ailh@2a10214} with executor MoreExecutors.directExecutor()
06-14 18:43:08.161  2576  2816 E galf    : java.lang.NullPointerException: Attempt to get length of null array
06-14 18:43:08.161  2576  2816 E galf    :      at android.util.Base64.encode(Base64.java:497)
06-14 18:43:08.161  2576  2816 E galf    :      at android.util.Base64.encodeToString(Base64.java:459)
06-14 18:43:08.161  2576  2816 E galf    :      at com.google.android.gms.auth.proximity.RemoteDevice.a(:com.google.android.gms@252037038@25.20.37 (260800-766884605):3)
06-14 18:43:08.161  2576  2816 E galf    :      at ailh.b(:com.google.android.gms@252037038@25.20.37 (260800-766884605):3)
06-14 18:43:08.161  2576  2816 E galf    :      at galu.run(:com.google.android.gms@252037038@25.20.37 (260800-766884605):29)
06-14 18:43:08.161  2576  2816 E galf    :      at galb.execute(:com.google.android.gms@252037038@25.20.37 (260800-766884605):1)
06-14 18:43:08.161  2576  2816 E galf    :      at galf.c(:com.google.android.gms@252037038@25.20.37 (260800-766884605):1)
06-14 18:43:08.161  2576  2816 E galf    :      at galf.b(:com.google.android.gms@252037038@25.20.37 (260800-766884605):32)
06-14 18:43:08.161  2576  2816 E galf    :      at ayjz.done(:com.google.android.gms@252037038@25.20.37 (260800-766884605):6)
06-14 18:43:08.161  2576  2816 E galf    :      at java.util.concurrent.FutureTask.finishCompletion(FutureTask.java:434)
06-14 18:43:08.161  2576  2816 E galf    :      at java.util.concurrent.FutureTask.set(FutureTask.java:285)
06-14 18:43:08.161  2576  2816 E galf    :      at java.util.concurrent.FutureTask.run(FutureTask.java:325)
06-14 18:43:08.161  2576  2816 E galf    :      at ayju.c(:com.google.android.gms@252037038@25.20.37 (260800-766884605):50)
06-14 18:43:08.161  2576  2816 E galf    :      at ayju.run(:com.google.android.gms@252037038@25.20.37 (260800-766884605):70)
06-14 18:43:08.161  2576  2816 E galf    :      at java.util.concurrent.ThreadPoolExecutor.runWorker(ThreadPoolExecutor.java:1156)
06-14 18:43:08.161  2576  2816 E galf    :      at java.util.concurrent.ThreadPoolExecutor$Worker.run(ThreadPoolExecutor.java:651)
06-14 18:43:08.161  2576  2816 E galf    :      at aypi.run(:com.google.android.gms@252037038@25.20.37 (260800-766884605):8)
06-14 18:43:08.161  2576  2816 E galf    :      at java.lang.Thread.run(Thread.java:1119)
06-14 18:43:08.949  1951  2121 E fbby    : (REDACTED) Failed to recover geofences for LBT Routines using Geller data
06-14 18:43:08.949  1951  2121 E fbby    : com.google.android.libraries.geller.portable.GellerException: Code: INVALID_ARGUMENT, Message: Account name is null.
06-14 18:43:08.949  1951  2121 E fbby    :      at emtm.a(PG:21)
06-14 18:43:08.949  1951  2121 E fbby    :      at emtv.a(PG:9)
06-14 18:43:08.949  1951  2121 E fbby    :      at fcqs.a(PG:13)
06-14 18:43:08.949  1951  2121 E fbby    :      at fmpm.a(PG:3)
06-14 18:43:08.949  1951  2121 E fbby    :      at fmrb.run(PG:19)
06-14 18:43:08.949  1951  2121 E fbby    :      at djui.run(PG:5)
06-14 18:43:08.949  1951  2121 E fbby    :      at fler.run(PG:44)
06-14 18:43:08.949  1951  2121 E fbby    :      at djtz.run(PG:42)
06-14 18:43:08.949  1951  2121 E fbby    :      at java.lang.Thread.run(Thread.java:1119)
06-14 18:43:08.949  1951  2121 E fbby    :      at djvl.run(PG:62)
06-14 18:43:09.769  4105  4105 E id.partnersetup: Not starting debugger since process cannot load the jdwp agent.
06-14 18:43:10.102   253   260 E lowmemorykiller: process_mrelease 3953 failed: No such process
06-14 18:43:10.503  4136  4136 E t_app_installer: Not starting debugger since process cannot load the jdwp agent.
06-14 18:43:11.159  1684  4147 E CastAuth: [CastAuthModuleInitIntent] Feature is not available, reason = CastAuth feature is disabled on this 1p device.. [CONTEXT service_id=360 ]
06-14 18:43:12.452  1684  3535 E IPCThreadState: Binder transaction failure. id: 134403, BR_*: 29201, error: -28 (No space left on device)
06-14 18:43:12.488  1155  1155 E SmsApplication: com.google.android.apps.messaging lost android:read_cell_broadcasts:  (fixing)
06-14 18:43:12.488  1684  3535 E JavaBinder: !!! FAILED BINDER TRANSACTION !!!  (parcel size = 1056768)
06-14 18:43:12.790  4105  4105 E ashmem  : Pinning is deprecated since Android Q. Please use trim or other methods.
06-14 18:43:12.885  4115  4115 E ashmem  : Pinning is deprecated since Android Q. Please use trim or other methods.
06-14 18:43:15.813  1155  1155 E SmsApplication: com.google.android.apps.messaging lost android:read_cell_broadcasts:  (fixing)
06-14 18:43:16.225  4190  4190 E oid.photopicker: Not starting debugger since process cannot load the jdwp agent.
06-14 18:43:16.226  1684  4147 E PhenotypeFlagCommitter: Retrieving snapshot for com.google.android.gms.playlog.uploader failed
06-14 18:43:16.226  1684  4147 E PhenotypeFlagCommitter: java.util.concurrent.TimeoutException: Timed out waiting for Task
06-14 18:43:16.226  1684  4147 E PhenotypeFlagCommitter:        at elsb.o(:com.google.android.gms@252037038@25.20.37 (260800-766884605):53)
06-14 18:43:16.226  1684  4147 E PhenotypeFlagCommitter:        at dyyx.f(:com.google.android.gms@252037038@25.20.37 (260800-766884605):11)
06-14 18:43:16.226  1684  4147 E PhenotypeFlagCommitter:        at dyyx.j(:com.google.android.gms@252037038@25.20.37 (260800-766884605):42)
06-14 18:43:16.226  1684  4147 E PhenotypeFlagCommitter:        at dyyx.h(:com.google.android.gms@252037038@25.20.37 (260800-766884605):4)
06-14 18:43:16.226  1684  4147 E PhenotypeFlagCommitter:        at com.google.android.gms.clearcut.init.ClearcutInitChimeraIntentService.b(:com.google.android.gms@252037038@25.20.37 (260800-766884605):60)
06-14 18:43:16.226  1684  4147 E PhenotypeFlagCommitter:        at asxv.onHandleIntent(:com.google.android.gms@252037038@25.20.37 (260800-766884605):136)
06-14 18:43:16.226  1684  4147 E PhenotypeFlagCommitter:        at com.google.android.gms.clearcut.init.DefaultPriorityClearcutInitChimeraIntentService.onHandleIntent(:com.google.android.gms@252037038@25.20.37 (260800-766884605):11)
06-14 18:43:16.226  1684  4147 E PhenotypeFlagCommitter:        at com.google.android.chimera.IntentOperation.onHandleIntent(:com.google.android.gms@252037038@25.20.37 (260800-766884605):2)
06-14 18:43:16.226  1684  4147 E PhenotypeFlagCommitter:        at atdr.onHandleIntent(:com.google.android.gms@252037038@25.20.37 (260800-766884605):8)
06-14 18:43:16.226  1684  4147 E PhenotypeFlagCommitter:        at ver.run(:com.google.android.gms@252037038@25.20.37 (260800-766884605):64)
06-14 18:43:16.226  1684  4147 E PhenotypeFlagCommitter:        at veq.run(:com.google.android.gms@252037038@25.20.37 (260800-766884605):132)
06-14 18:43:16.226  1684  4147 E PhenotypeFlagCommitter:        at fskz.run(:com.google.android.gms@252037038@25.20.37 (260800-766884605):21)
06-14 18:43:16.226  1684  4147 E PhenotypeFlagCommitter:        at java.util.concurrent.ThreadPoolExecutor.runWorker(ThreadPoolExecutor.java:1156)
06-14 18:43:16.226  1684  4147 E PhenotypeFlagCommitter:        at java.util.concurrent.ThreadPoolExecutor$Worker.run(ThreadPoolExecutor.java:651)
06-14 18:43:16.226  1684  4147 E PhenotypeFlagCommitter:        at java.lang.Thread.run(Thread.java:1119)
06-14 18:43:16.319  4193  4193 E ssioncontroller: Not starting debugger since process cannot load the jdwp agent.
06-14 18:43:16.990   253   261 E lowmemorykiller: process_mrelease 3983 failed: No such process
06-14 18:43:17.434   253   260 E lowmemorykiller: process_mrelease 3758 failed: No such process
06-14 18:43:17.439   253   261 E lowmemorykiller: process_mrelease 4016 failed: No such process
06-14 18:43:17.465   744   858 E ActivityManager: Unable to freeze binder for 3758 com.google.android.rkpdapp
06-14 18:43:18.412  4230  4230 E externalstorage: Not starting debugger since process cannot load the jdwp agent.
06-14 18:43:18.925  4230  4230 E ashmem  : Pinning is deprecated since Android Q. Please use trim or other methods.
06-14 18:43:19.320  4256  4256 E oid.apps.photos: Not starting debugger since process cannot load the jdwp agent.
06-14 18:43:19.766  4115  4280 E ActivityThread: Failed to find provider info for androidx.car.app.connection
06-14 18:43:20.226  4193  4193 E FeatureFlagsImplExport: android.os.flagging.AconfigStorageReadException: ERROR_PACKAGE_NOT_FOUND: package android.xr cannot be found on the device
06-14 18:43:20.324  4136  4247 E ashmem  : Pinning is deprecated since Android Q. Please use trim or other methods.
06-14 18:43:20.916  4256  4310 E ashmem  : Pinning is deprecated since Android Q. Please use trim or other methods.
06-14 18:43:21.210  1684  1684 E ChimeraRcvrProxy: com.google.android.gms.backup.GmsBackupStatusChangeReceiver dropping broadcast com.google.gservices.intent.action.GSERVICES_CHANGED
06-14 18:43:21.646  4330  4330 E android.rkpdapp: Not starting debugger since process cannot load the jdwp agent.
06-14 18:43:22.604  4330  4356 E ashmem  : Pinning is deprecated since Android Q. Please use trim or other methods.
06-14 18:43:22.780  1684  4316 E GmsCoreLogger: Missing account for FACET_USAGE_GAIA_UNSAMPLED [CONTEXT service_id=299 ]
06-14 18:43:28.958  2472  2685 E Finsky  : [54] Failed to read frosting: java.util.concurrent.TimeoutException: Waited 2 seconds (plus 546438200 nanoseconds delay) for bdfq@792b8fd[status=PENDING, info=[task=[running=[RUNNING ON BlockingExecutor #0], rtf@e8409f2]]]
06-14 18:43:39.601  2472  2685 E Finsky  : [54] Failed to read frosting: java.util.concurrent.TimeoutException: Waited 2 seconds (plus 126260300 nanoseconds delay) for bdfq@1e606ec[status=PENDING, info=[task=[running=[RUNNING ON BlockingExecutor #0], rtf@b950ab5]]]
06-14 18:43:43.630  4396  4396 E .apps.wallpaper: Not starting debugger since process cannot load the jdwp agent.
06-14 18:43:43.715   744  4398 E system_server: Could not open /dev/binderfs/binder_logs/transactions. Likely a permissions issue. errno: 2
06-14 18:43:43.716   744  4398 E android.os.Debug: Failed to get binder state info for pid: 2576 status: -2: No such file or directory
06-14 18:43:44.024  2472  2716 E Finsky  : [60] download failed
06-14 18:43:44.024  2472  2716 E Finsky  : com.android.volley.NoConnectionError: org.chromium.net.impl.NetworkExceptionImpl: Exception in CronetUrlRequest: net::ERR_SOCKET_NOT_CONNECTED, ErrorCode=11, InternalErrorCode=-15, Retryable=false
06-14 18:43:44.024  2472  2716 E Finsky  :      at ltm.a(PG:537)
06-14 18:43:44.024  2472  2716 E Finsky  :      at addu.a(PG:24)
06-14 18:43:44.024  2472  2716 E Finsky  :      at lsx.a(PG:37)
06-14 18:43:44.024  2472  2716 E Finsky  :      at lsx.run(PG:6)
06-14 18:43:44.024  2472  2716 E Finsky  : Caused by: org.chromium.net.impl.NetworkExceptionImpl: Exception in CronetUrlRequest: net::ERR_SOCKET_NOT_CONNECTED, ErrorCode=11, InternalErrorCode=-15, Retryable=false
06-14 18:43:44.024  2472  2716 E Finsky  :      at org.chromium.net.impl.CronetUrlRequest.onError(PG:66)
06-14 18:43:44.118  2472  2729 E AbstractLogEventBuilder: The provided ProductIdOrigin 3 is not one of the process-level expected values: 1 or 2
06-14 18:43:44.177  2472  2739 E AbstractLogEventBuilder: The provided ProductIdOrigin 3 is not one of the process-level expected values: 1 or 2
06-14 18:43:45.037  2472  2715 E Finsky  : [59] [Counters] attempted to use a non-positive increment for: 3703
06-14 18:43:45.248  4396  4396 E ashmem  : Pinning is deprecated since Android Q. Please use trim or other methods.
06-14 18:43:45.634  4115  4288 E DialerRestVvmCarrierService: com.android.dialer.voicemail.service.impl.vvmclients.rest.RestVvmCarrierService.getMsisdn:420 Retrieved phone number in an unexpected format: +15551234567 [CONTEXT disable_client_error_logging=true ]
06-14 18:43:45.634  4115  4288 E DialerRestVvmCarrierService: zxo: MEDIUM
06-14 18:43:45.634  4115  4288 E DialerRestVvmCarrierService:   at a.cN(PG:15)
06-14 18:43:45.634  4115  4288 E DialerRestVvmCarrierService:   at pxq.apply(PG:489)
06-14 18:43:45.634  4115  4288 E DialerRestVvmCarrierService:   at zcp.apply(PG:13)
06-14 18:43:45.634  4115  4288 E DialerRestVvmCarrierService:   at aaka.d(PG:3)
06-14 18:43:45.634  4115  4288 E DialerRestVvmCarrierService:   at aakb.run(PG:38)
06-14 18:43:45.634  4115  4288 E DialerRestVvmCarrierService:   at umz.run(PG:7)
06-14 18:43:45.634  4115  4288 E DialerRestVvmCarrierService:   at aadu.run(PG:44)
06-14 18:43:45.634  4115  4288 E DialerRestVvmCarrierService:   at tdt.run(PG:78)
06-14 18:43:45.634  4115  4288 E DialerRestVvmCarrierService:   at cp.run(PG:143)
06-14 18:43:45.634  4115  4288 E DialerRestVvmCarrierService:   at java.lang.Thread.run(Thread.java:1119)
06-14 18:43:45.634  4115  4288 E DialerRestVvmCarrierService:   at uoe.run(PG:61)
06-14 18:43:45.826  4464  4464 E d.configupdater: Not starting debugger since process cannot load the jdwp agent.
06-14 18:43:45.886   744  4399 E ActivityManager: ANR in com.google.android.gms.persistent
06-14 18:43:45.886   744  4399 E ActivityManager: PID: 2576
06-14 18:43:45.886   744  4399 E ActivityManager: Reason: executing service com.google.android.gms/.lockbox.service.LockboxBrokerService, waited 20370ms
06-14 18:43:45.886   744  4399 E ActivityManager: ErrorId: 5303449a-e6ec-49dc-8919-a03afd219524
06-14 18:43:45.886   744  4399 E ActivityManager: Frozen: false
06-14 18:43:45.886   744  4399 E ActivityManager: Load: 0.0 / 0.0 / 0.0
06-14 18:43:45.886   744  4399 E ActivityManager: ----- Output from /proc/pressure/memory -----
06-14 18:43:45.886   744  4399 E ActivityManager: some avg10=24.18 avg60=20.96 avg300=7.96 total=28416413
06-14 18:43:45.886   744  4399 E ActivityManager: full avg10=6.43 avg60=8.19 avg300=3.13 total=11061784
06-14 18:43:45.886   744  4399 E ActivityManager: ----- End output from /proc/pressure/memory -----
06-14 18:43:45.886   744  4399 E ActivityManager: ----- Output from /proc/pressure/cpu -----
06-14 18:43:45.886   744  4399 E ActivityManager: some avg10=77.70 avg60=69.53 avg300=29.68 total=110585825
06-14 18:43:45.886   744  4399 E ActivityManager: full avg10=0.00 avg60=0.00 avg300=0.00 total=0
06-14 18:43:45.886   744  4399 E ActivityManager: ----- End output from /proc/pressure/cpu -----
06-14 18:43:45.886   744  4399 E ActivityManager: ----- Output from /proc/pressure/io -----
06-14 18:43:45.886   744  4399 E ActivityManager: some avg10=37.60 avg60=22.01 avg300=9.24 total=36558174
06-14 18:43:45.886   744  4399 E ActivityManager: full avg10=0.50 avg60=1.48 avg300=1.62 total=8347617
06-14 18:43:45.886   744  4399 E ActivityManager: ----- End output from /proc/pressure/io -----
06-14 18:43:45.886   744  4399 E ActivityManager:
06-14 18:43:45.886   744  4399 E ActivityManager: CPU usage from 88599ms to -8ms ago (2025-06-14 18:42:15.008 to 2025-06-14 18:43:43.615):
06-14 18:43:45.886   744  4399 E ActivityManager:   80% 744/system_server: 22% user + 58% kernel / faults: 44368 minor 17120 major
06-14 18:43:45.886   744  4399 E ActivityManager:   54% 68/kswapd0: 0% user + 54% kernel
06-14 18:43:45.886   744  4399 E ActivityManager:   44% 2472/com.android.vending: 13% user + 30% kernel / faults: 51284 minor 5244 major
06-14 18:43:45.886   744  4399 E ActivityManager:   30% 1684/com.google.android.gms: 10% user + 19% kernel / faults: 36404 minor 4529 major
06-14 18:43:45.886   744  4399 E ActivityManager:   19% 1951/com.google.android.googlequicksearchbox:search: 10% user + 8.9% kernel / faults: 26116 minor 7214 major
06-14 18:43:45.886   744  4399 E ActivityManager:   12% 515/android.hardware.sensors-service.multihal: 0.2% user + 12% kernel / faults: 59 minor 44 major
06-14 18:43:45.886   744  4399 E ActivityManager:   12% 1523/com.google.android.inputmethod.latin: 4.6% user + 7.8% kernel / faults: 21917 minor 4729 major
06-14 18:43:45.886   744  4399 E ActivityManager:   8.6% 1013/com.android.systemui: 2.9% user + 5.7% kernel / faults: 5601 minor 11996 major
06-14 18:43:45.886   744  4399 E ActivityManager:   5% 390/kworker/u12:4-loop29: 0% user + 5% kernel
06-14 18:43:45.886   744  4399 E ActivityManager:   6.7% 1560/com.google.android.apps.wellbeing: 2.1% user + 4.6% kernel / faults: 12171 minor 2648 major
06-14 18:43:45.886   744  4399 E ActivityManager: 98% TOTAL: 25% user + 70% kernel + 1.4% iowait + 1.3% softirq
06-14 18:43:45.886   744  4399 E ActivityManager: CPU usage from 173293ms to 173293ms ago (1970-01-01 00:00:00.000 to 1970-01-01 00:00:00.000) with 0% awake:
06-14 18:43:45.886   744  4399 E ActivityManager: 0% TOTAL: 0% user + 0% kernel
06-14 18:43:45.947   744  2209 E ContentProviderHelper: ProcessRecord{441a465 2576:com.google.android.gms.persistent/u0a148} was killed by AM but isn't really dead
06-14 18:43:45.987   744   832 E ContentProviderHelper: ProcessRecord{441a465 2576:com.google.android.gms.persistent/u0a148} was killed by AM but isn't really dead
06-14 18:43:46.084   744   763 E IPCThreadState: Binder transaction failure. id: 150890, BR_*: 29189, error: -3 (No such process)
06-14 18:43:46.140  4115  4254 E DialerRestVvmCarrierService: com.android.dialer.voicemail.service.impl.vvmclients.rest.RestVvmCarrierService.getMsisdn:420 Retrieved phone number in an unexpected format: +15551234567 [CONTEXT disable_client_error_logging=true ]
06-14 18:43:46.140  4115  4254 E DialerRestVvmCarrierService: zxo: MEDIUM
06-14 18:43:46.140  4115  4254 E DialerRestVvmCarrierService:   at a.cN(PG:15)
06-14 18:43:46.140  4115  4254 E DialerRestVvmCarrierService:   at pxq.apply(PG:489)
06-14 18:43:46.140  4115  4254 E DialerRestVvmCarrierService:   at zcp.apply(PG:13)
06-14 18:43:46.140  4115  4254 E DialerRestVvmCarrierService:   at aaka.d(PG:3)
06-14 18:43:46.140  4115  4254 E DialerRestVvmCarrierService:   at aakb.run(PG:38)
06-14 18:43:46.140  4115  4254 E DialerRestVvmCarrierService:   at umz.run(PG:7)
06-14 18:43:46.140  4115  4254 E DialerRestVvmCarrierService:   at aadu.run(PG:44)
06-14 18:43:46.140  4115  4254 E DialerRestVvmCarrierService:   at tdt.run(PG:78)
06-14 18:43:46.140  4115  4254 E DialerRestVvmCarrierService:   at cp.run(PG:143)
06-14 18:43:46.140  4115  4254 E DialerRestVvmCarrierService:   at java.lang.Thread.run(Thread.java:1119)
06-14 18:43:46.140  4115  4254 E DialerRestVvmCarrierService:   at uoe.run(PG:61)
06-14 18:43:46.159  4502  4502 E .gms.persistent: Not starting debugger since process cannot load the jdwp agent.
06-14 18:43:46.175   744   782 E libprocessgroup: Failed to write 1 to /sys/fs/cgroup/apps/uid_10148/pid_2576/cgroup.kill: No such file or directory
06-14 18:43:46.184   744   782 E libprocessgroup: Failed to open /sys/fs/cgroup/apps/uid_10148/pid_2576/cgroup.procs: No such file or directory
06-14 18:43:46.209  1684  1801 E IPCThreadState: Binder transaction failure. id: 150967, BR_*: 29189, error: -22 (Invalid argument)
06-14 18:43:46.368  4464  4464 E ashmem  : Pinning is deprecated since Android Q. Please use trim or other methods.
06-14 18:43:46.376  4464  4464 E ConfigUpdater: Content URL or Metadata URL from flag is empty, ignoring flag change.
06-14 18:43:46.379  2472  2739 E Finsky  : [66] [Counters] attempted to use a non-positive increment for: 5969
06-14 18:43:46.393  4115  4245 E DialerRestVvmCarrierService: com.android.dialer.voicemail.service.impl.vvmclients.rest.RestVvmCarrierService.getMsisdn:420 Retrieved phone number in an unexpected format: +15551234567 [CONTEXT disable_client_error_logging=true ]
06-14 18:43:46.393  4115  4245 E DialerRestVvmCarrierService: zxo: MEDIUM
06-14 18:43:46.393  4115  4245 E DialerRestVvmCarrierService:   at a.cN(PG:15)
06-14 18:43:46.393  4115  4245 E DialerRestVvmCarrierService:   at pxq.apply(PG:489)
06-14 18:43:46.393  4115  4245 E DialerRestVvmCarrierService:   at zcp.apply(PG:13)
06-14 18:43:46.393  4115  4245 E DialerRestVvmCarrierService:   at aaka.d(PG:3)
06-14 18:43:46.393  4115  4245 E DialerRestVvmCarrierService:   at aakb.run(PG:38)
06-14 18:43:46.393  4115  4245 E DialerRestVvmCarrierService:   at umz.run(PG:7)
06-14 18:43:46.393  4115  4245 E DialerRestVvmCarrierService:   at aadu.run(PG:44)
06-14 18:43:46.393  4115  4245 E DialerRestVvmCarrierService:   at tdt.run(PG:78)
06-14 18:43:46.393  4115  4245 E DialerRestVvmCarrierService:   at cp.run(PG:143)
06-14 18:43:46.393  4115  4245 E DialerRestVvmCarrierService:   at java.lang.Thread.run(Thread.java:1119)
06-14 18:43:46.393  4115  4245 E DialerRestVvmCarrierService:   at uoe.run(PG:61)
06-14 18:43:46.412  4464  4464 E ConfigUpdater: Content URL or Metadata URL from flag is empty, ignoring flag change.
06-14 18:43:46.431   744   779 E PackageManager: Optimistic bind failed.
06-14 18:43:46.431   744   779 E PackageManager: java.util.concurrent.TimeoutException: [Optimistic Bind] Didn't bind to resolver in time!
06-14 18:43:46.431   744   779 E PackageManager:        at com.android.server.pm.InstantAppResolverConnection.waitForBindLocked(InstantAppResolverConnection.java:160)
06-14 18:43:46.431   744   779 E PackageManager:        at com.android.server.pm.InstantAppResolverConnection.bind(InstantAppResolverConnection.java:230)
06-14 18:43:46.431   744   779 E PackageManager:        at com.android.server.pm.InstantAppResolverConnection.lambda$optimisticBind$0(InstantAppResolverConnection.java:260)
06-14 18:43:46.431   744   779 E PackageManager:        at com.android.server.pm.InstantAppResolverConnection.$r8$lambda$66W2s2mMKe4pk_xXCScH9RCqav8(InstantAppResolverConnection.java:0)
06-14 18:43:46.431   744   779 E PackageManager:        at com.android.server.pm.InstantAppResolverConnection$$ExternalSyntheticLambda0.run(R8$$SyntheticClass:0)
06-14 18:43:46.431   744   779 E PackageManager:        at android.os.Handler.handleCallback(Handler.java:995)
06-14 18:43:46.431   744   779 E PackageManager:        at android.os.Handler.dispatchMessage(Handler.java:103)
06-14 18:43:46.431   744   779 E PackageManager:        at android.os.Looper.loopOnce(Looper.java:248)
06-14 18:43:46.431   744   779 E PackageManager:        at android.os.Looper.loop(Looper.java:338)
06-14 18:43:46.431   744   779 E PackageManager:        at android.os.HandlerThread.run(HandlerThread.java:85)
06-14 18:43:46.440  4464  4464 E ConfigUpdater: Content URL or Metadata URL from flag is empty, ignoring flag change.
06-14 18:43:46.747  4115  4245 E DialerRestVvmCarrierService: com.android.dialer.voicemail.service.impl.vvmclients.rest.RestVvmCarrierService.getMsisdn:420 Retrieved phone number in an unexpected format: +15551234567 [CONTEXT disable_client_error_logging=true ]
06-14 18:43:46.747  4115  4245 E DialerRestVvmCarrierService: zxo: MEDIUM
06-14 18:43:46.747  4115  4245 E DialerRestVvmCarrierService:   at a.cN(PG:15)
06-14 18:43:46.747  4115  4245 E DialerRestVvmCarrierService:   at pxq.apply(PG:489)
06-14 18:43:46.747  4115  4245 E DialerRestVvmCarrierService:   at zcp.apply(PG:13)
06-14 18:43:46.747  4115  4245 E DialerRestVvmCarrierService:   at aaka.d(PG:3)
06-14 18:43:46.747  4115  4245 E DialerRestVvmCarrierService:   at aakb.run(PG:38)
06-14 18:43:46.747  4115  4245 E DialerRestVvmCarrierService:   at umz.run(PG:7)
06-14 18:43:46.747  4115  4245 E DialerRestVvmCarrierService:   at aadu.run(PG:44)
06-14 18:43:46.747  4115  4245 E DialerRestVvmCarrierService:   at tdt.run(PG:78)
06-14 18:43:46.747  4115  4245 E DialerRestVvmCarrierService:   at cp.run(PG:143)
06-14 18:43:46.747  4115  4245 E DialerRestVvmCarrierService:   at java.lang.Thread.run(Thread.java:1119)
06-14 18:43:46.747  4115  4245 E DialerRestVvmCarrierService:   at uoe.run(PG:61)
06-14 18:43:46.811  1684  3907 E constellation: [rpc_manager] SetConsent failed with status: hntw{code=PERMISSION_DENIED, description=The caller does not have permission, cause=null}
06-14 18:43:46.811  1684  3907 E constellation: Exception:
06-14 18:43:46.811  1684  3907 E constellation: hntx: PERMISSION_DENIED: The caller does not have permission
06-14 18:43:46.811  1684  3907 E constellation:         at aydl.s(:com.google.android.gms@252037038@25.20.37 (260800-766884605):31)
06-14 18:43:46.811  1684  3907 E constellation:         at aydl.f(:com.google.android.gms@252037038@25.20.37 (260800-766884605):90)
06-14 18:43:46.811  1684  3907 E constellation:         at ayvz.o(:com.google.android.gms@252037038@25.20.37 (260800-766884605):292)
06-14 18:43:46.811  1684  3907 E constellation:         at ayvz.t(:com.google.android.gms@252037038@25.20.37 (260800-766884605):126)
06-14 18:43:46.811  1684  3907 E constellation:         at com.google.android.gms.constellation.EventManager.onHandleIntent(:com.google.android.gms@252037038@25.20.37 (260800-766884605):924)
06-14 18:43:46.811  1684  3907 E constellation:         at com.google.android.chimera.IntentOperation.onHandleIntent(:com.google.android.gms@252037038@25.20.37 (260800-766884605):2)
06-14 18:43:46.811  1684  3907 E constellation:         at atdr.onHandleIntent(:com.google.android.gms@252037038@25.20.37 (260800-766884605):8)
06-14 18:43:46.811  1684  3907 E constellation:         at ver.run(:com.google.android.gms@252037038@25.20.37 (260800-766884605):64)
06-14 18:43:46.811  1684  3907 E constellation:         at veq.run(:com.google.android.gms@252037038@25.20.37 (260800-766884605):132)
06-14 18:43:46.811  1684  3907 E constellation:         at fskz.run(:com.google.android.gms@252037038@25.20.37 (260800-766884605):21)
06-14 18:43:46.811  1684  3907 E constellation:         at java.util.concurrent.ThreadPoolExecutor.runWorker(ThreadPoolExecutor.java:1156)
06-14 18:43:46.811  1684  3907 E constellation:         at java.util.concurrent.ThreadPoolExecutor$Worker.run(ThreadPoolExecutor.java:651)
06-14 18:43:46.811  1684  3907 E constellation:         at java.lang.Thread.run(Thread.java:1119)
06-14 18:43:46.818  1684  3907 E hofl    : *~*~*~ Previous channel {0} was garbage collected without being shut down! ~*~*~*
06-14 18:43:46.818  1684  3907 E hofl    :     Make sure to call shutdown()/shutdownNow()
06-14 18:43:46.818  1684  3907 E hofl    : java.lang.RuntimeException: ManagedChannel allocation site
06-14 18:43:46.818  1684  3907 E hofl    :      at hofk.<init>(:com.google.android.gms@252037038@25.20.37 (260800-766884605):21)
06-14 18:43:46.818  1684  3907 E hofl    :      at hofl.<init>(:com.google.android.gms@252037038@25.20.37 (260800-766884605):10)
06-14 18:43:46.818  1684  3907 E hofl    :      at hofj.a(:com.google.android.gms@252037038@25.20.37 (260800-766884605):250)
06-14 18:43:46.818  1684  3907 E hofl    :      at hnql.a(:com.google.android.gms@252037038@25.20.37 (260800-766884605):5)
06-14 18:43:46.818  1684  3907 E hofl    :      at aydu.a(:com.google.android.gms@252037038@25.20.37 (260800-766884605):70)
06-14 18:43:46.818  1684  3907 E hofl    :      at aydl.u(:com.google.android.gms@252037038@25.20.37 (260800-766884605):119)
06-14 18:43:46.818  1684  3907 E hofl    :      at aydl.e(:com.google.android.gms@252037038@25.20.37 (260800-766884605):5)
06-14 18:43:46.818  1684  3907 E hofl    :      at eicl.a(:com.google.android.gms@252037038@25.20.37 (260800-766884605):45)
06-14 18:43:46.818  1684  3907 E hofl    :      at eibq.c(:com.google.android.gms@252037038@25.20.37 (260800-766884605):16)
06-14 18:43:46.818  1684  3907 E hofl    :      at eibq.a(:com.google.android.gms@252037038@25.20.37 (260800-766884605):3)
06-14 18:43:46.818  1684  3907 E hofl    :      at asxf.run(:com.google.android.gms@252037038@25.20.37 (260800-766884605):5)
06-14 18:43:46.818  1684  3907 E hofl    :      at ayju.c(:com.google.android.gms@252037038@25.20.37 (260800-766884605):50)
06-14 18:43:46.818  1684  3907 E hofl    :      at ayju.run(:com.google.android.gms@252037038@25.20.37 (260800-766884605):70)
06-14 18:43:46.818  1684  3907 E hofl    :      at java.util.concurrent.ThreadPoolExecutor.runWorker(ThreadPoolExecutor.java:1156)
06-14 18:43:46.818  1684  3907 E hofl    :      at java.util.concurrent.ThreadPoolExecutor$Worker.run(ThreadPoolExecutor.java:651)
06-14 18:43:46.818  1684  3907 E hofl    :      at aypi.run(:com.google.android.gms@252037038@25.20.37 (260800-766884605):8)
06-14 18:43:46.818  1684  3907 E hofl    :      at java.lang.Thread.run(Thread.java:1119)
06-14 18:43:46.829  1684  2255 E constellation: [api_set_asterism_consent] Verification exception:
06-14 18:43:46.829  1684  2255 E constellation: azlu: setConsent: The caller does not have permission []
06-14 18:43:46.829  1684  2255 E constellation:         at ayvz.o(:com.google.android.gms@252037038@25.20.37 (260800-766884605):523)
06-14 18:43:46.829  1684  2255 E constellation:         at ayvz.t(:com.google.android.gms@252037038@25.20.37 (260800-766884605):126)
06-14 18:43:46.829  1684  2255 E constellation:         at com.google.android.gms.constellation.EventManager.onHandleIntent(:com.google.android.gms@252037038@25.20.37 (260800-766884605):924)
06-14 18:43:46.829  1684  2255 E constellation:         at com.google.android.chimera.IntentOperation.onHandleIntent(:com.google.android.gms@252037038@25.20.37 (260800-766884605):2)
06-14 18:43:46.829  1684  2255 E constellation:         at atdr.onHandleIntent(:com.google.android.gms@252037038@25.20.37 (260800-766884605):8)
06-14 18:43:46.829  1684  2255 E constellation:         at ver.run(:com.google.android.gms@252037038@25.20.37 (260800-766884605):64)
06-14 18:43:46.829  1684  2255 E constellation:         at veq.run(:com.google.android.gms@252037038@25.20.37 (260800-766884605):132)
06-14 18:43:46.829  1684  2255 E constellation:         at fskz.run(:com.google.android.gms@252037038@25.20.37 (260800-766884605):21)
06-14 18:43:46.829  1684  2255 E constellation:         at java.util.concurrent.ThreadPoolExecutor.runWorker(ThreadPoolExecutor.java:1156)
06-14 18:43:46.829  1684  2255 E constellation:         at java.util.concurrent.ThreadPoolExecutor$Worker.run(ThreadPoolExecutor.java:651)
06-14 18:43:46.829  1684  2255 E constellation:         at java.lang.Thread.run(Thread.java:1119)
06-14 18:43:46.871  2852  4496 E Bugle   : SharedStorageInteractor: Security error,calling app is not whitelisted to access Bugle's data, uid: 10148
06-14 18:43:46.970  2852  4496 E BugleRcsEngine: Error while retrieving RcsProvisioningRcsDefaultOnConfiguration from Bugle storage. [CONTEXT log_prefix="ProvisioningEngineDataRetriever" thread_id=108 ]
06-14 18:43:46.970  2852  4496 E BugleRcsEngine: dlei: ContentProvider request failed, failureReason: UID_NOT_VERIFIED_ERROR
06-14 18:43:46.970  2852  4496 E BugleRcsEngine:        at dlej.f(PG:134)
06-14 18:43:46.970  2852  4496 E BugleRcsEngine:        at dlej.h(PG:14)
06-14 18:43:46.970  2852  4496 E BugleRcsEngine:        at dlej.n(PG:7)
06-14 18:43:46.970  2852  4496 E BugleRcsEngine:        at dkov.e(PG:7)
06-14 18:43:46.970  2852  4496 E BugleRcsEngine:        at dkgu.a(PG:3)
06-14 18:43:46.970  2852  4496 E BugleRcsEngine:        at dkgo.i(PG:9)
06-14 18:43:46.970  2852  4496 E BugleRcsEngine:        at dkgh.apply(PG:8)
06-14 18:43:46.970  2852  4496 E BugleRcsEngine:        at elyn.hx(PG:7)
06-14 18:43:46.970  2852  4496 E BugleRcsEngine:        at esdg.run(PG:19)
06-14 18:43:46.970  2852  4496 E BugleRcsEngine:        at escj.execute(PG:1)
06-14 18:43:46.970  2852  4496 E BugleRcsEngine:        at elyr.execute(PG:18)
06-14 18:43:46.970  2852  4496 E BugleRcsEngine:        at esak.f(PG:1)
06-14 18:43:46.970  2852  4496 E BugleRcsEngine:        at esak.k(PG:93)
06-14 18:43:46.970  2852  4496 E BugleRcsEngine:        at esak.setException(PG:17)
06-14 18:43:46.970  2852  4496 E BugleRcsEngine:        at esas.run(PG:77)
06-14 18:43:46.970  2852  4496 E BugleRcsEngine:        at escj.execute(PG:1)
06-14 18:43:46.970  2852  4496 E BugleRcsEngine:        at esak.f(PG:1)
06-14 18:43:46.970  2852  4496 E BugleRcsEngine:        at esak.k(PG:93)
06-14 18:43:46.970  2852  4496 E BugleRcsEngine:        at esak.setException(PG:17)
06-14 18:43:46.970  2852  4496 E BugleRcsEngine:        at duxh.a(PG:35)
06-14 18:43:46.970  2852  4496 E BugleRcsEngine:        at dich.run(PG:10)
06-14 18:43:46.970  2852  4496 E BugleRcsEngine:        at escj.execute(PG:1)
06-14 18:43:46.970  2852  4496 E BugleRcsEngine:        at dici.c(PG:12)
06-14 18:43:46.970  2852  4496 E BugleRcsEngine:        at dicx.b(PG:36)
06-14 18:43:46.970  2852  4496 E BugleRcsEngine:        at didd.u(PG:20)
06-14 18:43:46.970  2852  4496 E BugleRcsEngine:        at dicz.a(PG:3)
06-14 18:43:46.970  2852  4496 E BugleRcsEngine:        at dghd.b(PG:15)
06-14 18:43:46.970  2852  4496 E BugleRcsEngine:        at dfld.onConsentRegistered(PG:3)
06-14 18:43:46.970  2852  4496 E BugleRcsEngine:        at com.google.android.gms.asterism.internal.IAsterismCallbacks$Stub.dispatchTransaction(PG:28)
06-14 18:43:46.970  2852  4496 E BugleRcsEngine:        at com.google.android.aidl.BaseStub.onTransact(PG:13)
06-14 18:43:46.970  2852  4496 E BugleRcsEngine:        at android.os.Binder.execTransactInternal(Binder.java:1426)
06-14 18:43:46.970  2852  4496 E BugleRcsEngine:        at android.os.Binder.execTransact(Binder.java:1365)
06-14 18:43:46.990  4502  4517 E XXX     : serviceActionToContainerPackageNameMap: {com.google.android.gms.contactkeys.service.ContactKeyApiService.START=com.google.android.contactkeys, com.google.android.apps.safetycore.classification.BIND=com.google.android.safetycore}
06-14 18:43:46.992  4539  4539 E .android.chrome: Not starting debugger since process cannot load the jdwp agent.
06-14 18:43:47.064  4521  4521 E .apps.safetyhub: Not starting debugger since process cannot load the jdwp agent.
06-14 18:43:47.363  1684  3784 E GoogleSettingsUtils: Cannot write token, exception in Context lookup [CONTEXT service_id=130 ]
06-14 18:43:47.363  1684  3784 E GoogleSettingsUtils: java.io.FileNotFoundException: /data/user/0/com.google.android.gsf/files/security_token: open failed: ENOENT (No such file or directory)
06-14 18:43:47.363  1684  3784 E GoogleSettingsUtils:   at libcore.io.IoBridge.open(IoBridge.java:574)
06-14 18:43:47.363  1684  3784 E GoogleSettingsUtils:   at java.io.FileOutputStream.<init>(FileOutputStream.java:259)
06-14 18:43:47.363  1684  3784 E GoogleSettingsUtils:   at android.app.ContextImpl.openFileOutput(ContextImpl.java:794)
06-14 18:43:47.363  1684  3784 E GoogleSettingsUtils:   at aspx.a(:com.google.android.gms@252037038@25.20.37 (260800-766884605):1738)
06-14 18:43:47.363  1684  3784 E GoogleSettingsUtils:   at asrh.a(:com.google.android.gms@252037038@25.20.37 (260800-766884605):880)
06-14 18:43:47.363  1684  3784 E GoogleSettingsUtils:   at com.google.android.gms.checkin.CheckinIntentOperation.onHandleIntent(:com.google.android.gms@252037038@25.20.37 (260800-766884605):30)
06-14 18:43:47.363  1684  3784 E GoogleSettingsUtils:   at com.google.android.chimera.IntentOperation.onHandleIntent(:com.google.android.gms@252037038@25.20.37 (260800-766884605):2)
06-14 18:43:47.363  1684  3784 E GoogleSettingsUtils:   at atdr.onHandleIntent(:com.google.android.gms@252037038@25.20.37 (260800-766884605):8)
06-14 18:43:47.363  1684  3784 E GoogleSettingsUtils:   at ver.run(:com.google.android.gms@252037038@25.20.37 (260800-766884605):64)
06-14 18:43:47.363  1684  3784 E GoogleSettingsUtils:   at veq.run(:com.google.android.gms@252037038@25.20.37 (260800-766884605):132)
06-14 18:43:47.363  1684  3784 E GoogleSettingsUtils:   at fskz.run(:com.google.android.gms@252037038@25.20.37 (260800-766884605):21)
06-14 18:43:47.363  1684  3784 E GoogleSettingsUtils:   at java.util.concurrent.ThreadPoolExecutor.runWorker(ThreadPoolExecutor.java:1156)
06-14 18:43:47.363  1684  3784 E GoogleSettingsUtils:   at java.util.concurrent.ThreadPoolExecutor$Worker.run(ThreadPoolExecutor.java:651)
06-14 18:43:47.363  1684  3784 E GoogleSettingsUtils:   at java.lang.Thread.run(Thread.java:1119)
06-14 18:43:47.363  1684  3784 E GoogleSettingsUtils: Caused by: android.system.ErrnoException: open failed: ENOENT (No such file or directory)
06-14 18:43:47.363  1684  3784 E GoogleSettingsUtils:   at libcore.io.Linux.open(Native Method)
06-14 18:43:47.363  1684  3784 E GoogleSettingsUtils:   at libcore.io.ForwardingOs.open(ForwardingOs.java:568)
06-14 18:43:47.363  1684  3784 E GoogleSettingsUtils:   at libcore.io.BlockGuardOs.open(BlockGuardOs.java:274)
06-14 18:43:47.363  1684  3784 E GoogleSettingsUtils:   at libcore.io.ForwardingOs.open(ForwardingOs.java:568)
06-14 18:43:47.363  1684  3784 E GoogleSettingsUtils:   at android.app.ActivityThread$AndroidOs.open(ActivityThread.java:8953)
06-14 18:43:47.363  1684  3784 E GoogleSettingsUtils:   at libcore.io.IoBridge.open(IoBridge.java:560)
06-14 18:43:47.363  1684  3784 E GoogleSettingsUtils:   ... 13 more
06-14 18:43:47.372  1684  2235 E SharedPreferencesImpl: Couldn't create directory for SharedPreferences file /data/user/0/com.google.android.gsf/shared_prefs/CheckinService.xml
06-14 18:43:47.377  4502  4581 E ashmem  : Pinning is deprecated since Android Q. Please use trim or other methods.
06-14 18:43:47.503  4502  4589 E .gms.persistent: hiddenapi: Accessing hidden method Landroid/os/PowerManager;->isLightDeviceIdleMode()Z (runtime_flags=0, domain=platform, api=max-target-s) from Lebaf; (domain=app) using reflection: denied
06-14 18:43:47.735  1684  1684 E ChimeraRcvrProxy: com.google.android.gms.backup.GmsBackupStatusChangeReceiver dropping broadcast com.google.gservices.intent.action.GSERVICES_CHANGED
06-14 18:43:48.640  4502  4502 E .gms.persistent: hiddenapi: Accessing hidden method Landroid/net/ConnectivityManager;->isNetworkTypeMobile(I)Z (runtime_flags=0, domain=platform, api=max-target-p) from Lbozh; (domain=app) using reflection: denied
06-14 18:43:48.640  4502  4502 E .gms.persistent: hiddenapi: Accessing hidden method Landroid/os/PowerManager;->isLightDeviceIdleMode()Z (runtime_flags=0, domain=platform, api=max-target-s) from Lbozh; (domain=app) using reflection: denied
06-14 18:43:48.796  4521  4625 E ashmem  : Pinning is deprecated since Android Q. Please use trim or other methods.
06-14 18:43:49.063  2472  2715 E Finsky  : [59] [Counters] attempted to use a non-positive increment for: 4752
06-14 18:43:49.218  2472  2715 E Finsky  : [59] [Counters] attempted to use a non-positive increment for: 4753
06-14 18:43:49.989  2472  2729 E Finsky  : [63] AU2: RequiredVehicleState is missing.
06-14 18:43:49.992  2472  2729 E Finsky  : [63] AU2: RequiredInteractivityState is missing.
06-14 18:43:49.992  2472  2729 E Finsky  : [63] AU2: RequiredBatteryLevel is missing.
06-14 18:43:49.992  2472  2729 E Finsky  : [63] AU2: RequiredVehicleState is missing.
06-14 18:43:49.992  2472  2729 E Finsky  : [63] AU2: RequiredVehicleState is missing.
06-14 18:43:49.992  2472  2729 E Finsky  : [63] AU2: RequiredInteractivityState is missing.
06-14 18:43:49.992  2472  2729 E Finsky  : [63] AU2: RequiredBatteryLevel is missing.
06-14 18:43:49.992  2472  2729 E Finsky  : [63] AU2: RequiredVehicleState is missing.
06-14 18:43:49.993  2472  2729 E Finsky  : [63] AU2: RequiredVehicleState is missing.
06-14 18:43:49.993  2472  2729 E Finsky  : [63] AU2: RequiredInteractivityState is missing.
06-14 18:43:49.993  2472  2729 E Finsky  : [63] AU2: RequiredBatteryLevel is missing.
06-14 18:43:49.993  2472  2729 E Finsky  : [63] AU2: RequiredVehicleState is missing.
06-14 18:43:49.993  2472  2729 E Finsky  : [63] AU2: RequiredVehicleState is missing.
06-14 18:43:49.993  2472  2729 E Finsky  : [63] AU2: RequiredInteractivityState is missing.
06-14 18:43:49.994  2472  2729 E Finsky  : [63] AU2: RequiredBatteryLevel is missing.
06-14 18:43:49.994  2472  2729 E Finsky  : [63] AU2: RequiredVehicleState is missing.
06-14 18:43:49.995  2472  2729 E Finsky  : [63] AU2: RequiredVehicleState is missing.
06-14 18:43:49.995  2472  2729 E Finsky  : [63] AU2: RequiredInteractivityState is missing.
06-14 18:43:49.995  2472  2729 E Finsky  : [63] AU2: RequiredBatteryLevel is missing.
06-14 18:43:49.996  2472  2729 E Finsky  : [63] AU2: RequiredVehicleState is missing.
06-14 18:43:49.997  2472  2729 E Finsky  : [63] AU2: RequiredVehicleState is missing.
06-14 18:43:49.997  2472  2729 E Finsky  : [63] AU2: RequiredInteractivityState is missing.
06-14 18:43:49.997  2472  2729 E Finsky  : [63] AU2: RequiredBatteryLevel is missing.
06-14 18:43:49.997  2472  2729 E Finsky  : [63] AU2: RequiredVehicleState is missing.
06-14 18:43:49.997  2472  2729 E Finsky  : [63] AU2: RequiredVehicleState is missing.
06-14 18:43:49.997  2472  2729 E Finsky  : [63] AU2: RequiredBatteryLevel is missing.
06-14 18:43:49.997  2472  2729 E Finsky  : [63] AU2: RequiredVehicleState is missing.
06-14 18:43:49.997  2472  2729 E Finsky  : [63] AU2: RequiredInteractivityState is missing.
06-14 18:43:49.999  2472  2729 E Finsky  : [63] AU2: RequiredBatteryLevel is missing.
06-14 18:43:50.000  2472  2729 E Finsky  : [63] AU2: RequiredVehicleState is missing.
06-14 18:43:50.008  2472  2729 E Finsky  : [63] AU2: RequiredVehicleState is missing.
06-14 18:43:50.008  2472  2729 E Finsky  : [63] AU2: RequiredBatteryLevel is missing.
06-14 18:43:50.008  2472  2729 E Finsky  : [63] AU2: RequiredVehicleState is missing.
06-14 18:43:50.008  2472  2729 E Finsky  : [63] AU2: RequiredInteractivityState is missing.
06-14 18:43:50.008  2472  2729 E Finsky  : [63] AU2: RequiredBatteryLevel is missing.
06-14 18:43:50.009  2472  2729 E Finsky  : [63] AU2: RequiredVehicleState is missing.
06-14 18:43:50.009  2472  2729 E Finsky  : [63] AU2: RequiredVehicleState is missing.
06-14 18:43:50.009  2472  2729 E Finsky  : [63] AU2: RequiredInteractivityState is missing.
06-14 18:43:50.009  2472  2729 E Finsky  : [63] AU2: RequiredBatteryLevel is missing.
06-14 18:43:50.009  2472  2729 E Finsky  : [63] AU2: RequiredVehicleState is missing.
06-14 18:43:50.009  2472  2729 E Finsky  : [63] AU2: RequiredVehicleState is missing.
06-14 18:43:50.009  2472  2729 E Finsky  : [63] AU2: RequiredInteractivityState is missing.
06-14 18:43:50.010  2472  2729 E Finsky  : [63] AU2: RequiredBatteryLevel is missing.
06-14 18:43:50.010  2472  2729 E Finsky  : [63] AU2: RequiredVehicleState is missing.
06-14 18:43:50.010  2472  2729 E Finsky  : [63] AU2: RequiredVehicleState is missing.
06-14 18:43:50.010  2472  2729 E Finsky  : [63] AU2: RequiredInteractivityState is missing.
06-14 18:43:50.010  2472  2729 E Finsky  : [63] AU2: RequiredBatteryLevel is missing.
06-14 18:43:50.011  2472  2729 E Finsky  : [63] AU2: RequiredVehicleState is missing.
06-14 18:43:50.011  2472  2729 E Finsky  : [63] AU2: RequiredVehicleState is missing.
06-14 18:43:50.011  2472  2729 E Finsky  : [63] AU2: RequiredInteractivityState is missing.
06-14 18:43:50.011  2472  2729 E Finsky  : [63] AU2: RequiredBatteryLevel is missing.
06-14 18:43:50.011  2472  2729 E Finsky  : [63] AU2: RequiredVehicleState is missing.
06-14 18:43:50.014  2472  2729 E Finsky  : [63] AU2: RequiredVehicleState is missing.
06-14 18:43:50.014  2472  2729 E Finsky  : [63] AU2: RequiredInteractivityState is missing.
06-14 18:43:50.014  2472  2729 E Finsky  : [63] AU2: RequiredBatteryLevel is missing.
06-14 18:43:50.017  2472  2729 E Finsky  : [63] AU2: RequiredVehicleState is missing.
06-14 18:43:50.017  2472  2729 E Finsky  : [63] AU2: RequiredVehicleState is missing.
06-14 18:43:50.017  2472  2729 E Finsky  : [63] AU2: RequiredBatteryLevel is missing.
06-14 18:43:50.017  2472  2729 E Finsky  : [63] AU2: RequiredVehicleState is missing.
06-14 18:43:50.017  2472  2729 E Finsky  : [63] AU2: RequiredInteractivityState is missing.
06-14 18:43:50.017  2472  2729 E Finsky  : [63] AU2: RequiredBatteryLevel is missing.
06-14 18:43:50.018  2472  2729 E Finsky  : [63] AU2: RequiredVehicleState is missing.
06-14 18:43:50.018  2472  2729 E Finsky  : [63] AU2: RequiredVehicleState is missing.
06-14 18:43:50.018  2472  2729 E Finsky  : [63] AU2: RequiredInteractivityState is missing.
06-14 18:43:50.018  2472  2729 E Finsky  : [63] AU2: RequiredBatteryLevel is missing.
06-14 18:43:50.018  2472  2729 E Finsky  : [63] AU2: RequiredVehicleState is missing.
06-14 18:43:50.018  2472  2729 E Finsky  : [63] AU2: RequiredVehicleState is missing.
06-14 18:43:50.018  2472  2729 E Finsky  : [63] AU2: RequiredInteractivityState is missing.
06-14 18:43:50.018  2472  2729 E Finsky  : [63] AU2: RequiredBatteryLevel is missing.
06-14 18:43:50.018  2472  2729 E Finsky  : [63] AU2: RequiredVehicleState is missing.
06-14 18:43:50.019  2472  2729 E Finsky  : [63] AU2: RequiredVehicleState is missing.
06-14 18:43:50.019  2472  2729 E Finsky  : [63] AU2: RequiredInteractivityState is missing.
06-14 18:43:50.019  2472  2729 E Finsky  : [63] AU2: RequiredBatteryLevel is missing.
06-14 18:43:50.019  2472  2729 E Finsky  : [63] AU2: RequiredVehicleState is missing.
06-14 18:43:50.019  2472  2729 E Finsky  : [63] AU2: RequiredVehicleState is missing.
06-14 18:43:50.019  2472  2729 E Finsky  : [63] AU2: RequiredInteractivityState is missing.
06-14 18:43:50.019  2472  2729 E Finsky  : [63] AU2: RequiredBatteryLevel is missing.
06-14 18:43:50.019  2472  2729 E Finsky  : [63] AU2: RequiredVehicleState is missing.
06-14 18:43:50.020  2472  2729 E Finsky  : [63] AU2: RequiredVehicleState is missing.
06-14 18:43:50.020  2472  2729 E Finsky  : [63] AU2: RequiredInteractivityState is missing.
06-14 18:43:50.020  2472  2729 E Finsky  : [63] AU2: RequiredBatteryLevel is missing.
06-14 18:43:50.020  2472  2729 E Finsky  : [63] AU2: RequiredVehicleState is missing.
06-14 18:43:50.149  1951  1951 E rdv     : onError
06-14 18:43:50.149  1951  1951 E rdv     : afvv: errorCode: 65561, engine: 2
06-14 18:43:50.149  1951  1951 E rdv     :      at auki.a(PG:23)
06-14 18:43:50.149  1951  1951 E rdv     :      at abhl.hv(PG:13)
06-14 18:43:50.149  1951  1951 E rdv     :      at fyqd.e(PG:9)
06-14 18:43:50.149  1951  1951 E rdv     :      at ahbi.d(PG:154)
06-14 18:43:50.149  1951  1951 E rdv     :      at ahbi.iW(PG:26)
06-14 18:43:50.149  1951  1951 E rdv     :      at abhm.c(PG:102)
06-14 18:43:50.149  1951  1951 E rdv     :      at abhn.run(PG:1)
06-14 18:43:50.149  1951  1951 E rdv     :      at java.util.concurrent.Executors$RunnableAdapter.call(Executors.java:524)
06-14 18:43:50.149  1951  1951 E rdv     :      at java.util.concurrent.FutureTask.run(FutureTask.java:317)
06-14 18:43:50.149  1951  1951 E rdv     :      at aggv.run(PG:20)
06-14 18:43:50.149  1951  1951 E rdv     :      at aght.run(PG:3)
06-14 18:43:50.149  1951  1951 E rdv     :      at aght.run(PG:3)
06-14 18:43:50.149  1951  1951 E rdv     :      at java.util.concurrent.ThreadPoolExecutor.runWorker(ThreadPoolExecutor.java:1156)
06-14 18:43:50.149  1951  1951 E rdv     :      at java.util.concurrent.ThreadPoolExecutor$Worker.run(ThreadPoolExecutor.java:651)
06-14 18:43:50.149  1951  1951 E rdv     :      at java.lang.Thread.run(Thread.java:1119)
06-14 18:43:50.149  1951  1951 E rdv     :      at aggj.run(PG:42)
