06-14 18:43:50.149  1951  1951 E rdv     : Caused by: afvx: errorCode: 65586, engine: 2
06-14 18:43:50.149  1951  1951 E rdv     :      at abhl.hv(PG:6)
06-14 18:43:50.149  1951  1951 E rdv     :      ... 14 more
06-14 18:43:50.149  1951  1951 E rdv     : Caused by: afvt: errorCode: 401, engine: 2
06-14 18:43:50.149  1951  1951 E rdv     :      at rds.b(PG:30)
06-14 18:43:50.149  1951  1951 E rdv     :      at abii.hJ(PG:11)
06-14 18:43:50.149  1951  1951 E rdv     :      at ahbi.d(PG:129)
06-14 18:43:50.149  1951  1951 E rdv     :      ... 12 more
06-14 18:43:50.358   744   769 E Parcel  : Reading a NULL string not supported here.
06-14 18:43:50.402   744   769 E ARProxy : Unknown descriptor:
06-14 18:43:51.023  4502  4502 E GmsCoreLogger: Missing account for FACET_USAGE_GAIA_UNSAMPLED [CONTEXT service_id=299 ]
06-14 18:43:51.027  3568  4677 E WifiScanner: listener does not exist
06-14 18:43:51.052  4502  4581 E AbstractGmsTracer: Traced class shouldn't be obfuscated: cvmd [CONTEXT service_id=259 ]
06-14 18:43:51.283  4502  4502 E GmsCoreLogger: Missing account for FACET_USAGE_GAIA_UNSAMPLED [CONTEXT service_id=299 ]
06-14 18:43:51.423   744   908 E WifiChipAidlImpl: getUsableChannels failed with service-specific exception: android.os.ServiceSpecificException:  (code 4)
06-14 18:43:51.932  1684  3535 E GmsCoreLogger: Missing account for FACET_USAGE_GAIA_UNSAMPLED [CONTEXT service_id=299 ]
06-14 18:43:52.742  2472  2715 E Finsky  : [59] ItemStore: getItems RPC failed for item com.android.companiondevicemanager
06-14 18:43:52.742  2472  2729 E Finsky  : [63] ItemStore: getItems RPC failed for item com.android.internal.display.cutout.emulation.waterfall
06-14 18:43:52.743  2472  2685 E Finsky  : [54] ItemStore: getItems RPC failed for item com.android.systemui
06-14 18:43:52.743  2472  2715 E Finsky  : [59] ItemStore: getItems RPC failed for item com.android.shell
06-14 18:43:52.744  2472  2685 E Finsky  : [54] ItemStore: getItems RPC failed for item com.android.managedprovisioning.auto_generated_rro_product__
06-14 18:43:52.744  2472  2685 E Finsky  : [54] ItemStore: getItems RPC failed for item com.android.pacprocessor
06-14 18:43:52.744  2472  2685 E Finsky  : [54] ItemStore: getItems RPC failed for item com.android.devicelockcontroller
06-14 18:43:52.744  2472  2685 E Finsky  : [54] ItemStore: getItems RPC failed for item com.android.internal.systemui.navbar.transparent
06-14 18:43:52.744  2472  2685 E Finsky  : [54] ItemStore: getItems RPC failed for item com.android.keychain
06-14 18:43:52.744  2472  2685 E Finsky  : [54] ItemStore: getItems RPC failed for item com.android.internal.emulation.pixel_9a
06-14 18:43:52.745  2472  2685 E Finsky  : [54] ItemStore: getItems RPC failed for item com.android.intentresolver
06-14 18:43:52.745  2472  2715 E Finsky  : [59] ItemStore: getItems RPC failed for item com.google.android.bluetooth
06-14 18:43:52.745  2472  2685 E Finsky  : [54] ItemStore: getItems RPC failed for item com.android.systemui.emulation.pixel_3a_xl
06-14 18:43:52.745  2472  2715 E Finsky  : [59] ItemStore: getItems RPC failed for item com.android.externalstorage
06-14 18:43:52.745  2472  2729 E Finsky  : [63] ItemStore: getItems RPC failed for item com.android.musicfx
06-14 18:43:52.746  2472  2715 E Finsky  : [59] ItemStore: getItems RPC failed for item com.android.managedprovisioning
06-14 18:43:52.746  2472  2729 E Finsky  : [63] ItemStore: getItems RPC failed for item com.android.systemui.emulation.pixel_4
06-14 18:43:52.746  2472  2715 E Finsky  : [59] ItemStore: getItems RPC failed for item com.android.dreams.basic
06-14 18:43:52.746  2472  2685 E Finsky  : [54] ItemStore: getItems RPC failed for item com.android.internal.emulation.pixel_6_pro
06-14 18:43:52.746  2472  2715 E Finsky  : [59] ItemStore: getItems RPC failed for item com.android.internal.emulation.pixel_9_pro
06-14 18:43:52.746  2472  2685 E Finsky  : [54] ItemStore: getItems RPC failed for item com.android.hardware.vibrator
06-14 18:43:52.746  2472  2685 E Finsky  : [54] ItemStore: getItems RPC failed for item com.android.hardware.gatekeeper
06-14 18:43:52.746  2472  2715 E Finsky  : [59] ItemStore: getItems RPC failed for item com.android.internal.emulation.pixel_9_pro_xl
06-14 18:43:52.746  2472  2685 E Finsky  : [54] ItemStore: getItems RPC failed for item com.android.systemui.accessibility.accessibilitymenu
06-14 18:43:52.746  2472  2715 E Finsky  : [59] ItemStore: getItems RPC failed for item com.android.ons
06-14 18:43:52.746  2472  2685 E Finsky  : [54] ItemStore: getItems RPC failed for item com.android.systemui.accessibility.accessibilitymenu.auto_generated_rro_product__
06-14 18:43:52.746  2472  2715 E Finsky  : [59] ItemStore: getItems RPC failed for item com.android.soundpicker
06-14 18:43:52.746  2472  2739 E Finsky  : [66] ItemStore: getItems RPC failed for item com.android.simappdialog.auto_generated_rro_product__
06-14 18:43:52.746  2472  2739 E Finsky  : [66] ItemStore: getItems RPC failed for item com.android.bips.auto_generated_rro_product__
06-14 18:43:52.747  2472  2739 E Finsky  : [66] ItemStore: getItems RPC failed for item com.android.traceur
06-14 18:43:52.747  2472  2739 E Finsky  : [66] ItemStore: getItems RPC failed for item com.android.systemui.emulation.pixel_7
06-14 18:43:52.747  2472  2715 E Finsky  : [59] ItemStore: getItems RPC failed for item com.google.android.onetimeinitializer
06-14 18:43:52.747  2472  2739 E Finsky  : [66] ItemStore: getItems RPC failed for item com.android.internal.systemui.navbar.threebutton
06-14 18:43:52.747  2472  2739 E Finsky  : [66] ItemStore: getItems RPC failed for item com.android.proxyhandler
06-14 18:43:52.747  2472  2739 E Finsky  : [66] ItemStore: getItems RPC failed for item com.android.compos.payload
06-14 18:43:52.747  2472  2739 E Finsky  : [66] ItemStore: getItems RPC failed for item com.android.sharedstoragebackup
06-14 18:43:52.747  2472  2739 E Finsky  : [66] ItemStore: getItems RPC failed for item com.android.systemui.emulation.pixel_8
06-14 18:43:52.747  2472  2715 E Finsky  : [59] ItemStore: getItems RPC failed for item com.android.emulator.radio.config
06-14 18:43:52.747  2472  2729 E Finsky  : [63] ItemStore: getItems RPC failed for item android.auto_generated_rro_vendor__
06-14 18:43:52.747  2472  2729 E Finsky  : [63] ItemStore: getItems RPC failed for item com.android.internal.emulation.pixel_7
06-14 18:43:52.747  2472  2715 E Finsky  : [59] ItemStore: getItems RPC failed for item com.android.vpndialogs
06-14 18:43:52.747  2472  2729 E Finsky  : [63] ItemStore: getItems RPC failed for item com.google.android.sdksandbox
06-14 18:43:52.747  2472  2729 E Finsky  : [63] ItemStore: getItems RPC failed for item com.google.android.packageinstaller
06-14 18:43:52.747  2472  2715 E Finsky  : [59] ItemStore: getItems RPC failed for item com.android.settings.auto_generated_rro_product__
06-14 18:43:52.747  2472  2729 E Finsky  : [63] ItemStore: getItems RPC failed for item com.google.android.overlay.permissioncontroller
06-14 18:43:52.748  2472  2729 E Finsky  : [63] ItemStore: getItems RPC failed for item com.google.android.photopicker
06-14 18:43:52.748  2472  2715 E Finsky  : [59] ItemStore: getItems RPC failed for item com.google.android.odad
06-14 18:43:52.748  2472  2729 E Finsky  : [63] ItemStore: getItems RPC failed for item com.android.devicediagnostics
06-14 18:43:52.748  2472  2729 E Finsky  : [63] ItemStore: getItems RPC failed for item com.android.hardware.threadnetwork
06-14 18:43:52.748  2472  2729 E Finsky  : [63] ItemStore: getItems RPC failed for item com.android.systemui.emulation.pixel_6_pro
06-14 18:43:52.748  2472  2729 E Finsky  : [63] ItemStore: getItems RPC failed for item com.android.internal.emulation.pixel_8a
06-14 18:43:52.749  2472  2729 E Finsky  : [63] ItemStore: getItems RPC failed for item com.google.android.avatarpicker
06-14 18:43:52.749  2472  2715 E Finsky  : [59] ItemStore: getItems RPC failed for item com.android.providers.settings.auto_generated_rro_product__
06-14 18:43:52.749  2472  2729 E Finsky  : [63] ItemStore: getItems RPC failed for item com.android.hardware.contexthub
06-14 18:43:52.749  2472  2729 E Finsky  : [63] ItemStore: getItems RPC failed for item com.google.android.apps.customization.pixel
06-14 18:43:52.749  2472  2715 E Finsky  : [59] ItemStore: getItems RPC failed for item com.android.systemui.emulation.pixel_3_xl
06-14 18:43:52.749  2472  2715 E Finsky  : [59] ItemStore: getItems RPC failed for item com.android.systemui.emulation.pixel_9
06-14 18:43:52.749  2472  2715 E Finsky  : [59] ItemStore: getItems RPC failed for item com.android.bookmarkprovider
06-14 18:43:52.749  2472  2715 E Finsky  : [59] ItemStore: getItems RPC failed for item com.android.internal.systemui.navbar.twobutton
06-14 18:43:52.750  2472  2715 E Finsky  : [59] ItemStore: getItems RPC failed for item android.auto_generated_rro_product__
06-14 18:43:52.750  2472  2715 E Finsky  : [59] ItemStore: getItems RPC failed for item com.android.hardware.dumpstate
06-14 18:43:52.750  2472  2715 E Finsky  : [59] ItemStore: getItems RPC failed for item com.google.android.overlay.largescreensettingsprovider
06-14 18:43:52.751  2472  2685 E Finsky  : [54] ItemStore: getItems RPC failed for item com.android.internal.emulation.pixel_3a
06-14 18:43:52.751  2472  2715 E Finsky  : [59] ItemStore: getItems RPC failed for item com.google.android.marvin.talkbackoverlay
06-14 18:43:52.751  2472  2685 E Finsky  : [54] ItemStore: getItems RPC failed for item com.android.se
06-14 18:43:52.751  2472  2715 E Finsky  : [59] ItemStore: getItems RPC failed for item com.google.android.runtime
06-14 18:43:52.751  2472  2685 E Finsky  : [54] ItemStore: getItems RPC failed for item com.android.htmlviewer
06-14 18:43:52.751  2472  2715 E Finsky  : [59] ItemStore: getItems RPC failed for item com.android.internal.emulation.pixel_4a
06-14 18:43:52.751  2472  2685 E Finsky  : [54] ItemStore: getItems RPC failed for item android.auto_generated_characteristics_rro
06-14 18:43:52.751  2472  2715 E Finsky  : [59] ItemStore: getItems RPC failed for item com.android.dynsystem
06-14 18:43:52.751  2472  2685 E Finsky  : [54] ItemStore: getItems RPC failed for item com.android.internal.emulation.pixel_9
06-14 18:43:52.751  2472  2685 E Finsky  : [54] ItemStore: getItems RPC failed for item com.android.backupconfirm
06-14 18:43:52.751  2472  2715 E Finsky  : [59] ItemStore: getItems RPC failed for item com.android.location.fused
06-14 18:43:52.751  2472  2739 E Finsky  : [66] ItemStore: getItems RPC failed for item com.android.storagemanager
06-14 18:43:52.751  2472  2685 E Finsky  : [54] ItemStore: getItems RPC failed for item com.android.settings
06-14 18:43:52.752  2472  2685 E Finsky  : [54] ItemStore: getItems RPC failed for item com.android.calllogbackup
06-14 18:43:52.752  2472  2685 E Finsky  : [54] ItemStore: getItems RPC failed for item com.android.hardware.neuralnetworks
06-14 18:43:52.752  2472  2685 E Finsky  : [54] ItemStore: getItems RPC failed for item com.android.nfc
06-14 18:43:52.752  2472  2685 E Finsky  : [54] ItemStore: getItems RPC failed for item com.google.android.tag
06-14 18:43:52.752  2472  2685 E Finsky  : [54] ItemStore: getItems RPC failed for item com.android.compos
06-14 18:43:52.752  2472  2685 E Finsky  : [54] ItemStore: getItems RPC failed for item com.android.virt
06-14 18:43:52.752  2472  2685 E Finsky  : [54] ItemStore: getItems RPC failed for item com.android.providers.partnerbookmarks
06-14 18:43:52.752  2472  2685 E Finsky  : [54] ItemStore: getItems RPC failed for item com.android.systemui.emulation.pixel_9_pro_fold
06-14 18:43:52.752  2472  2685 E Finsky  : [54] ItemStore: getItems RPC failed for item com.android.internal.emulation.pixel_4_xl
06-14 18:43:52.753  2472  2685 E Finsky  : [54] ItemStore: getItems RPC failed for item com.google.android.networkstack.tethering.emulator
06-14 18:43:52.753  2472  2685 E Finsky  : [54] ItemStore: getItems RPC failed for item com.android.providers.userdictionary
06-14 18:43:52.753  2472  2685 E Finsky  : [54] ItemStore: getItems RPC failed for item com.android.wallpapercropper
06-14 18:43:52.753  2472  2685 E Finsky  : [54] ItemStore: getItems RPC failed for item com.android.cameraextensions
06-14 18:43:52.753  2472  2685 E Finsky  : [54] ItemStore: getItems RPC failed for item com.android.carrierconfig.auto_generated_rro_product__
06-14 18:43:52.753  2472  2715 E Finsky  : [59] ItemStore: getItems RPC failed for item com.google.android.connectivity.resources
06-14 18:43:52.753  2472  2715 E Finsky  : [59] ItemStore: getItems RPC failed for item com.android.providers.contactkeys
06-14 18:43:52.753  2472  2715 E Finsky  : [59] ItemStore: getItems RPC failed for item com.android.internal.emulation.pixel_9_pro_fold
06-14 18:43:52.754  2472  2715 E Finsky  : [59] ItemStore: getItems RPC failed for item com.google.android.markup
06-14 18:43:52.754  2472  2715 E Finsky  : [59] ItemStore: getItems RPC failed for item com.google.android.adservices.api
06-14 18:43:52.754  2472  2715 E Finsky  : [59] ItemStore: getItems RPC failed for item com.google.android.soundpicker
06-14 18:43:52.754  2472  2715 E Finsky  : [59] ItemStore: getItems RPC failed for item com.android.theme.font.notoserifsource
06-14 18:43:52.754  2472  2715 E Finsky  : [59] ItemStore: getItems RPC failed for item com.android.localtransport
06-14 18:43:52.754  2472  2715 E Finsky  : [59] ItemStore: getItems RPC failed for item com.google.android.ext.shared
06-14 18:43:52.754  2472  2715 E Finsky  : [59] ItemStore: getItems RPC failed for item com.android.providers.calendar
06-14 18:43:52.755  2472  2715 E Finsky  : [59] ItemStore: getItems RPC failed for item com.android.carrierdefaultapp
06-14 18:43:52.755  2472  2715 E Finsky  : [59] ItemStore: getItems RPC failed for item com.android.phone.auto_generated_rro_vendor__
06-14 18:43:52.755  2472  2715 E Finsky  : [59] ItemStore: getItems RPC failed for item com.google.android.overlay.googleconfig
06-14 18:43:52.755  2472  2715 E Finsky  : [59] ItemStore: getItems RPC failed for item com.google.android.nfc
06-14 18:43:52.755  2472  2715 E Finsky  : [59] ItemStore: getItems RPC failed for item com.android.bluetooth
06-14 18:43:52.755  2472  2715 E Finsky  : [59] ItemStore: getItems RPC failed for item com.android.hardware.thermal
06-14 18:43:52.755  2472  2715 E Finsky  : [59] ItemStore: getItems RPC failed for item android
06-14 18:43:52.756  2472  2715 E Finsky  : [59] ItemStore: getItems RPC failed for item com.android.carrierconfig
06-14 18:43:52.756  2472  2715 E Finsky  : [59] ItemStore: getItems RPC failed for item com.android.providers.telephony.auto_generated_rro_product__
06-14 18:43:52.756  2472  2715 E Finsky  : [59] ItemStore: getItems RPC failed for item com.android.internal.emulation.pixel_8_pro
06-14 18:43:52.756  2472  2715 E Finsky  : [59] ItemStore: getItems RPC failed for item com.google.android.server.deviceconfig.resources
06-14 18:43:52.756  2472  2715 E Finsky  : [59] ItemStore: getItems RPC failed for item com.android.wallpaper.livepicker
06-14 18:43:52.756  2472  2715 E Finsky  : [59] ItemStore: getItems RPC failed for item com.google.android.feedback
06-14 18:43:52.757  2472  2715 E Finsky  : [59] ItemStore: getItems RPC failed for item com.android.vending
06-14 18:43:52.757  2472  2715 E Finsky  : [59] ItemStore: getItems RPC failed for item com.google.android.overlay.googlewebview
06-14 18:43:52.757  2472  2715 E Finsky  : [59] ItemStore: getItems RPC failed for item com.google.android.appsearch.apk
06-14 18:43:52.757  2472  2715 E Finsky  : [59] ItemStore: getItems RPC failed for item com.android.systemui.emulation.pixel_4_xl
06-14 18:43:52.757  2472  2715 E Finsky  : [59] ItemStore: getItems RPC failed for item com.android.systemui.emulation.pixel_fold
06-14 18:43:52.758  2472  2715 E Finsky  : [59] ItemStore: getItems RPC failed for item com.android.apex.cts.shim
06-14 18:43:52.758  2472  2739 E Finsky  : [66] ItemStore: getItems RPC failed for item com.android.mtp
06-14 18:43:52.758  2472  2715 E Finsky  : [59] ItemStore: getItems RPC failed for item com.android.hardware.rebootescrow
06-14 18:43:52.758  2472  2739 E Finsky  : [66] ItemStore: getItems RPC failed for item com.android.systemui.emulation.pixel_6a
06-14 18:43:52.758  2472  2715 E Finsky  : [59] ItemStore: getItems RPC failed for item com.android.internal.emulation.pixel_7a
06-14 18:43:52.758  2472  2715 E Finsky  : [59] ItemStore: getItems RPC failed for item com.android.simappdialog
06-14 18:43:52.758  2472  2739 E Finsky  : [66] ItemStore: getItems RPC failed for item com.google.android.widevine.nonupdatable
06-14 18:43:52.758  2472  2739 E Finsky  : [66] ItemStore: getItems RPC failed for item com.google.android.googlesdksetup
06-14 18:43:52.758  2472  2729 E Finsky  : [63] ItemStore: getItems RPC failed for item com.google.android.wifi.dialog
06-14 18:43:52.759  2472  2729 E Finsky  : [63] ItemStore: getItems RPC failed for item com.android.devicelock
06-14 18:43:52.759  2472  2729 E Finsky  : [63] ItemStore: getItems RPC failed for item com.android.bluetoothmidiservice
06-14 18:43:52.759  2472  2729 E Finsky  : [63] ItemStore: getItems RPC failed for item com.android.internal.systemui.navbar.gestural
06-14 18:43:52.759  2472  2729 E Finsky  : [63] ItemStore: getItems RPC failed for item com.android.virtualization.terminal
06-14 18:43:52.759  2472  2729 E Finsky  : [63] ItemStore: getItems RPC failed for item com.android.internal.display.cutout.emulation.emu01
06-14 18:43:52.759  2472  2729 E Finsky  : [63] ItemStore: getItems RPC failed for item com.google.android.overlay.pixelconfigcommon
06-14 18:43:52.759  2472  2729 E Finsky  : [63] ItemStore: getItems RPC failed for item com.android.server.telecom
06-14 18:43:52.760  2472  2729 E Finsky  : [63] ItemStore: getItems RPC failed for item com.google.android.healthconnect.controller
06-14 18:43:52.760  2472  2729 E Finsky  : [63] ItemStore: getItems RPC failed for item com.google.android.federatedcompute
06-14 18:43:52.760  2472  2729 E Finsky  : [63] ItemStore: getItems RPC failed for item com.android.egg
06-14 18:43:52.760  2472  2729 E Finsky  : [63] ItemStore: getItems RPC failed for item com.google.android.overlay.largescreenconfig
06-14 18:43:52.760  2472  2729 E Finsky  : [63] ItemStore: getItems RPC failed for item com.android.internal.display.cutout.emulation.tall
06-14 18:43:52.760  2472  2729 E Finsky  : [63] ItemStore: getItems RPC failed for item com.android.emergency
06-14 18:43:52.761  2472  2729 E Finsky  : [63] ItemStore: getItems RPC failed for item com.android.systemui.emulation.pixel_7a
06-14 18:43:52.761  2472  2729 E Finsky  : [63] ItemStore: getItems RPC failed for item com.android.credentialmanager
06-14 18:43:52.762  2472  2729 E Finsky  : [63] ItemStore: getItems RPC failed for item com.android.storagemanager.auto_generated_rro_product__
06-14 18:43:52.762  2472  2729 E Finsky  : [63] ItemStore: getItems RPC failed for item com.android.internal.emulation.pixel_3a_xl
06-14 18:43:52.762  2472  2729 E Finsky  : [63] ItemStore: getItems RPC failed for item com.android.internal.emulation.pixel_5
06-14 18:43:52.762  2472  2729 E Finsky  : [63] ItemStore: getItems RPC failed for item com.android.emulator.multidisplay
06-14 18:43:52.762  2472  2729 E Finsky  : [63] ItemStore: getItems RPC failed for item com.android.server.telecom.auto_generated_rro_product__
06-14 18:43:52.763  2472  2729 E Finsky  : [63] ItemStore: getItems RPC failed for item com.google.android.apps.nexuslauncher
06-14 18:43:52.763  2472  2729 E Finsky  : [63] ItemStore: getItems RPC failed for item com.google.android.health.connect.backuprestore
06-14 18:43:52.763  2472  2729 E Finsky  : [63] ItemStore: getItems RPC failed for item com.google.android.settings.intelligence
06-14 18:43:52.763  2472  2729 E Finsky  : [63] ItemStore: getItems RPC failed for item com.android.i18n
06-14 18:43:52.763  2472  2729 E Finsky  : [63] ItemStore: getItems RPC failed for item com.android.wallpaperbackup
06-14 18:43:52.763  2472  2729 E Finsky  : [63] ItemStore: getItems RPC failed for item com.google.android.telephony.satellite
06-14 18:43:52.763  2472  2729 E Finsky  : [63] ItemStore: getItems RPC failed for item com.android.DeviceAsWebcam
06-14 18:43:52.763  2472  2729 E Finsky  : [63] ItemStore: getItems RPC failed for item com.android.providers.media
06-14 18:43:52.763  2472  2729 E Finsky  : [63] ItemStore: getItems RPC failed for item com.android.internal.emulation.pixel_3_xl
06-14 18:43:52.763  2472  2729 E Finsky  : [63] ItemStore: getItems RPC failed for item com.android.internal.display.cutout.emulation.corner
06-14 18:43:52.763  2472  2729 E Finsky  : [63] ItemStore: getItems RPC failed for item com.android.providers.contacts.auto_generated_rro_product__
06-14 18:43:52.763  2472  2729 E Finsky  : [63] ItemStore: getItems RPC failed for item com.android.internal.emulation.pixel_2_xl
06-14 18:43:52.763  2472  2729 E Finsky  : [63] ItemStore: getItems RPC failed for item com.google.android.connectivity.resources.goldfish.overlay
06-14 18:43:52.764  2472  2729 E Finsky  : [63] ItemStore: getItems RPC failed for item com.android.carrierconfig.auto_generated_rro_vendor__
06-14 18:43:52.764  2472  2729 E Finsky  : [63] ItemStore: getItems RPC failed for item com.android.cts.ctsshim
06-14 18:43:52.766  2472  2685 E Finsky  : [54] ItemStore: getItems RPC failed for item com.android.systemui.emulation.pixel_3
06-14 18:43:52.766  2472  2685 E Finsky  : [54] ItemStore: getItems RPC failed for item com.android.providers.telephony
06-14 18:43:52.766  2472  2685 E Finsky  : [54] ItemStore: getItems RPC failed for item com.android.role.notes.enabled
06-14 18:43:52.766  2472  2685 E Finsky  : [54] ItemStore: getItems RPC failed for item com.android.internal.emulation.pixel_4
06-14 18:43:52.766  2472  2685 E Finsky  : [54] ItemStore: getItems RPC failed for item com.android.systemui.emulation.pixel_9_pro
06-14 18:43:52.766  2472  2685 E Finsky  : [54] ItemStore: getItems RPC failed for item com.android.internal.emulation.pixel_3
06-14 18:43:52.766  2472  2685 E Finsky  : [54] ItemStore: getItems RPC failed for item com.android.networkstack.tethering.emulator
06-14 18:43:52.767  2472  2685 E Finsky  : [54] ItemStore: getItems RPC failed for item com.android.internal.emulation.pixel_7_pro
06-14 18:43:52.767  2472  2685 E Finsky  : [54] ItemStore: getItems RPC failed for item com.android.devicediagnostics.auto_generated_rro_product__
06-14 18:43:52.767  2472  2685 E Finsky  : [54] ItemStore: getItems RPC failed for item com.android.internal.emulation.pixel_6
06-14 18:43:52.767  2472  2685 E Finsky  : [54] ItemStore: getItems RPC failed for item com.example.eepp_app
06-14 18:43:52.767  2472  2685 E Finsky  : [54] ItemStore: getItems RPC failed for item com.android.inputdevices
06-14 18:43:52.768  2472  2685 E Finsky  : [54] ItemStore: getItems RPC failed for item com.android.stk
06-14 18:43:52.768  2472  2685 E Finsky  : [54] ItemStore: getItems RPC failed for item com.android.systemui.emulation.pixel_5
06-14 18:43:52.768  2472  2685 E Finsky  : [54] ItemStore: getItems RPC failed for item com.android.systemui.emulation.pixel_8a
06-14 18:43:52.769  2472  2729 E Finsky  : [63] ItemStore: getItems RPC failed for item com.android.hardware.uwb
06-14 18:43:52.769  2472  2729 E Finsky  : [63] ItemStore: getItems RPC failed for item com.android.internal.display.cutout.emulation.double
06-14 18:43:52.769  2472  2729 E Finsky  : [63] ItemStore: getItems RPC failed for item com.android.systemui.emulation.pixel_4a
06-14 18:43:52.769  2472  2729 E Finsky  : [63] ItemStore: getItems RPC failed for item com.android.mms.service
06-14 18:43:52.770  2472  2729 E Finsky  : [63] ItemStore: getItems RPC failed for item com.google.android.uwb.resources.goldfish.overlay
06-14 18:43:52.770  2472  2729 E Finsky  : [63] ItemStore: getItems RPC failed for item com.android.bips
06-14 18:43:52.770  2472  2729 E Finsky  : [63] ItemStore: getItems RPC failed for item com.android.internal.display.cutout.emulation.hole
06-14 18:43:52.770  2472  2729 E Finsky  : [63] ItemStore: getItems RPC failed for item com.google.android.uwb.resources
06-14 18:43:52.771  2472  2729 E Finsky  : [63] ItemStore: getItems RPC failed for item com.google.android.cellbroadcastreceiver
06-14 18:43:52.771  2472  2729 E Finsky  : [63] ItemStore: getItems RPC failed for item com.google.android.hotspot2.osulogin
06-14 18:43:52.771  2472  2729 E Finsky  : [63] ItemStore: getItems RPC failed for item com.android.hardware.authsecret
06-14 18:43:52.771  2472  2729 E Finsky  : [63] ItemStore: getItems RPC failed for item com.google.android.rkpdapp
06-14 18:43:52.771  2472  2729 E Finsky  : [63] ItemStore: getItems RPC failed for item com.android.providers.downloads
06-14 18:43:52.772  2472  2729 E Finsky  : [63] ItemStore: getItems RPC failed for item com.android.systemui.emulation.pixel_6
06-14 18:43:52.772  2472  2729 E Finsky  : [63] ItemStore: getItems RPC failed for item com.android.systemui.auto_generated_rro_product__
06-14 18:43:52.772  2472  2729 E Finsky  : [63] ItemStore: getItems RPC failed for item com.android.systemui.auto_generated_rro_vendor__
06-14 18:43:52.773  2472  2739 E Finsky  : [66] ItemStore: getItems RPC failed for item com.android.microdroid.empty_payload
06-14 18:43:52.773  2472  2685 E Finsky  : [54] ItemStore: getItems RPC failed for item com.android.imsserviceentitlement
06-14 18:43:52.773  2472  2739 E Finsky  : [66] ItemStore: getItems RPC failed for item com.android.systemui.plugin.globalactions.wallet
06-14 18:43:52.773  2472  2685 E Finsky  : [54] ItemStore: getItems RPC failed for item com.android.virtualmachine.res
06-14 18:43:52.773  2472  2739 E Finsky  : [66] ItemStore: getItems RPC failed for item com.android.providers.settings
06-14 18:43:52.773  2472  2685 E Finsky  : [54] ItemStore: getItems RPC failed for item com.google.android.providers.media.module
06-14 18:43:52.773  2472  2739 E Finsky  : [66] ItemStore: getItems RPC failed for item com.android.traceur.auto_generated_rro_product__
06-14 18:43:52.773  2472  2685 E Finsky  : [54] ItemStore: getItems RPC failed for item com.android.internal.emulation.pixel_fold
06-14 18:43:52.773  2472  2739 E Finsky  : [66] ItemStore: getItems RPC failed for item com.android.providers.downloads.ui
06-14 18:43:52.773  2472  2685 E Finsky  : [54] ItemStore: getItems RPC failed for item com.android.camera2
06-14 18:43:52.773  2472  2685 E Finsky  : [54] ItemStore: getItems RPC failed for item com.google.android.safetycenter.resources
06-14 18:43:52.774  2472  2739 E Finsky  : [66] ItemStore: getItems RPC failed for item com.google.android.ondevicepersonalization.services
06-14 18:43:52.774  2472  2715 E Finsky  : [59] ItemStore: getItems RPC failed for item com.android.systemui.emulation.pixel_7_pro
06-14 18:43:52.774  2472  2739 E Finsky  : [66] ItemStore: getItems RPC failed for item com.android.hardware.cas
06-14 18:43:52.774  2472  2715 E Finsky  : [59] ItemStore: getItems RPC failed for item com.android.wallpaper
06-14 18:43:52.774  2472  2715 E Finsky  : [59] ItemStore: getItems RPC failed for item com.android.companiondevicemanager.auto_generated_characteristics_rro
06-14 18:43:52.774  2472  2739 E Finsky  : [66] ItemStore: getItems RPC failed for item com.google.android.gsf
06-14 18:43:52.774  2472  2715 E Finsky  : [59] ItemStore: getItems RPC failed for item com.google.android.configupdater
06-14 18:43:52.774  2472  2739 E Finsky  : [66] ItemStore: getItems RPC failed for item com.android.cellbroadcastreceiver
06-14 18:43:52.774  2472  2685 E Finsky  : [54] ItemStore: getItems RPC failed for item com.android.internal.emulation.pixel_6a
06-14 18:43:52.775  2472  2739 E Finsky  : [66] ItemStore: getItems RPC failed for item com.google.android.wifi.resources
06-14 18:43:52.775  2472  2685 E Finsky  : [54] ItemStore: getItems RPC failed for item com.android.hardware.power
06-14 18:43:52.775  2472  2739 E Finsky  : [66] ItemStore: getItems RPC failed for item com.android.phone.auto_generated_characteristics_rro
06-14 18:43:52.775  2472  2739 E Finsky  : [66] ItemStore: getItems RPC failed for item com.android.internal.ranchu.commonoverlay
06-14 18:43:52.775  2472  2739 E Finsky  : [66] ItemStore: getItems RPC failed for item com.android.providers.blockednumber
06-14 18:43:52.775  2472  2685 E Finsky  : [54] ItemStore: getItems RPC failed for item com.google.android.networkstack.tethering
06-14 18:43:52.775  2472  2739 E Finsky  : [66] ItemStore: getItems RPC failed for item com.android.systemui.emulation.pixel_9_pro_xl
06-14 18:43:52.775  2472  2685 E Finsky  : [54] ItemStore: getItems RPC failed for item com.android.providers.telephony.auto_generated_characteristics_rro
06-14 18:43:52.775  2472  2739 E Finsky  : [66] ItemStore: getItems RPC failed for item com.android.systemui.emulation.pixel_9a
06-14 18:43:52.775  2472  2685 E Finsky  : [54] ItemStore: getItems RPC failed for item com.google.android.partnersetup
06-14 18:43:52.775  2472  2739 E Finsky  : [66] ItemStore: getItems RPC failed for item com.android.internal.emulation.pixel_8
06-14 18:43:52.775  2472  2685 E Finsky  : [54] ItemStore: getItems RPC failed for item com.android.phone
06-14 18:43:52.775  2472  2739 E Finsky  : [66] ItemStore: getItems RPC failed for item com.android.cts.priv.ctsshim
06-14 18:43:52.775  2472  2685 E Finsky  : [54] ItemStore: getItems RPC failed for item com.android.systemui.emulation.pixel_8_pro
06-14 18:43:52.776  2472  2685 E Finsky  : [54] ItemStore: getItems RPC failed for item com.google.android.cellbroadcastservice
06-14 18:43:52.776  2472  2739 E Finsky  : [66] ItemStore: getItems RPC failed for item com.android.providers.contacts
06-14 18:43:52.776  2472  2685 E Finsky  : [54] ItemStore: getItems RPC failed for item com.android.certinstaller
06-14 18:43:52.776  2472  2739 E Finsky  : [66] ItemStore: getItems RPC failed for item com.google.android.printservice.recommendation
06-14 18:43:52.776  2472  2685 E Finsky  : [54] ItemStore: getItems RPC failed for item com.android.printspooler
06-14 18:43:52.776  2472  2715 E Finsky  : [59] ItemStore: getItems RPC failed for item com.android.systemui.emulation.pixel_3a
06-14 18:43:52.776  2472  2729 E Finsky  : [63] ItemStore: getItems RPC failed for item com.android.phone.auto_generated_rro_product__
06-14 18:43:53.611  1155  1419 E SatelliteController: registerForSatelliteCommunicationAccessStateChanged: SatelliteManager is null
06-14 18:43:53.710  4256  4748 E GoogleApiManager: Failed to get service from broker.
06-14 18:43:53.710  4256  4748 E GoogleApiManager: java.lang.SecurityException: Unknown calling package name 'com.google.android.gms'.
06-14 18:43:53.710  4256  4748 E GoogleApiManager:      at android.os.Parcel.createExceptionOrNull(Parcel.java:3340)
06-14 18:43:53.710  4256  4748 E GoogleApiManager:      at android.os.Parcel.createException(Parcel.java:3324)
06-14 18:43:53.710  4256  4748 E GoogleApiManager:      at android.os.Parcel.readException(Parcel.java:3307)
06-14 18:43:53.710  4256  4748 E GoogleApiManager:      at android.os.Parcel.readException(Parcel.java:3249)
06-14 18:43:53.710  4256  4748 E GoogleApiManager:      at axra.a(:com.google.android.gms@252037038@25.20.37 (260800-766884605):36)
06-14 18:43:53.710  4256  4748 E GoogleApiManager:      at axph.z(:com.google.android.gms@252037038@25.20.37 (260800-766884605):143)
06-14 18:43:53.710  4256  4748 E GoogleApiManager:      at awwn.run(:com.google.android.gms@252037038@25.20.37 (260800-766884605):42)
06-14 18:43:53.710  4256  4748 E GoogleApiManager:      at android.os.Handler.handleCallback(Handler.java:995)
06-14 18:43:53.710  4256  4748 E GoogleApiManager:      at android.os.Handler.dispatchMessage(Handler.java:103)
06-14 18:43:53.710  4256  4748 E GoogleApiManager:      at cgov.mL(:com.google.android.gms@252037038@25.20.37 (260800-766884605):1)
06-14 18:43:53.710  4256  4748 E GoogleApiManager:      at cgov.dispatchMessage(:com.google.android.gms@252037038@25.20.37 (260800-766884605):5)
06-14 18:43:53.710  4256  4748 E GoogleApiManager:      at android.os.Looper.loopOnce(Looper.java:248)
06-14 18:43:53.710  4256  4748 E GoogleApiManager:      at android.os.Looper.loop(Looper.java:338)
06-14 18:43:53.710  4256  4748 E GoogleApiManager:      at android.os.HandlerThread.run(HandlerThread.java:85)
06-14 18:43:53.966   744   831 E WifiService: Attempt to retrieve passpoint with invalid scanResult List
06-14 18:43:54.000  4256  4751 E oid.apps.photos: No package ID 6d found for resource ID 0x6d0b000f.
06-14 18:43:54.211  1523  1844 E NotificationCenter: NotificationCenter.registerListenerInternal():378 Listener kel@ae364c6 is already registered for notification class kdz
06-14 18:43:54.391  1155  1419 E SatelliteController: registerForSatelliteCommunicationAccessStateChanged: SatelliteManager is null
06-14 18:43:54.651   744   831 E WifiService: Attempt to retrieve passpoint with invalid scanResult List
06-14 18:43:54.735  1523  2211 E HandwritingSuperpacksUtil: HandwritingSuperpacksUtil.getPackMappingPackName():40 No pack mapping pack found in []
06-14 18:43:54.801  1523  1792 E NotificationCenter: NotificationCenter.registerListenerInternal():378 Listener kel@ae364c6 is already registered for notification class kdz
06-14 18:43:55.119  1523  2211 E HandwritingSuperpacksUtil: HandwritingSuperpacksUtil.getPackMappingPackName():40 No pack mapping pack found in []
06-14 18:43:55.218  4502  4699 E ctxmgr  : [ShushGestureSensor] Context hub handle not found [CONTEXT service_id=47 ]
06-14 18:43:57.509  4502  4699 E .gms.persistent: hiddenapi: Accessing hidden method Landroid/net/ConnectivityManager;->isNetworkSupported(I)Z (runtime_flags=0, domain=platform, api=max-target-p) from Layns; (domain=app) using reflection: denied
06-14 18:43:57.820  4464  4464 E ConfigUpdater: Content URL or Metadata URL from flag is empty, ignoring flag change.
06-14 18:43:57.841  4464  4464 E ConfigUpdater: Content URL or Metadata URL from flag is empty, ignoring flag change.
06-14 18:43:57.844  4464  4464 E ConfigUpdater: Content URL or Metadata URL from flag is empty, ignoring flag change.
06-14 18:43:59.285  2472  2685 E Finsky  : [54] [Counters] attempted to use a non-positive increment for: 4752
06-14 18:43:59.286  2472  2685 E Finsky  : [54] [Counters] attempted to use a non-positive increment for: 4753
06-14 18:43:59.361  2472  2739 E Finsky  : [66] [Counters] attempted to use a non-positive increment for: 4752
06-14 18:43:59.362  2472  2739 E Finsky  : [66] [Counters] attempted to use a non-positive increment for: 4753
06-14 18:43:59.371  2472  2729 E Finsky  : [63] [Counters] attempted to use a non-positive increment for: 4752
06-14 18:43:59.374  2472  2685 E Finsky  : [54] [Counters] attempted to use a non-positive increment for: 4753
06-14 18:43:59.418  2472  2685 E Finsky  : [54] [Counters] attempted to use a non-positive increment for: 4751
06-14 18:43:59.438  2472  2729 E Finsky  : [63] [Counters] attempted to use a non-positive increment for: 4751
06-14 18:43:59.476  2472  2685 E Finsky  : [54] [Counters] attempted to use a non-positive increment for: 4751
06-14 18:43:59.744  2472  2715 E Finsky  : [59] [Counters] attempted to use a non-positive increment for: 4752
06-14 18:43:59.745  2472  2715 E Finsky  : [59] [Counters] attempted to use a non-positive increment for: 4753
06-14 18:43:59.760  2472  2739 E Finsky  : [66] [Counters] attempted to use a non-positive increment for: 4752
06-14 18:43:59.760  2472  2739 E Finsky  : [66] [Counters] attempted to use a non-positive increment for: 4753
06-14 18:43:59.787  2472  2739 E Finsky  : [66] [Counters] attempted to use a non-positive increment for: 4752
06-14 18:43:59.787  2472  2739 E Finsky  : [66] [Counters] attempted to use a non-positive increment for: 4753
06-14 18:43:59.793  2472  2729 E Finsky  : [63] [Counters] attempted to use a non-positive increment for: 4752
06-14 18:43:59.795  2472  2729 E Finsky  : [63] [Counters] attempted to use a non-positive increment for: 4753
06-14 18:43:59.824  2472  2729 E Finsky  : [63] [Counters] attempted to use a non-positive increment for: 4752
06-14 18:43:59.832  2472  2729 E Finsky  : [63] [Counters] attempted to use a non-positive increment for: 4753
06-14 18:43:59.834  2472  2729 E Finsky  : [63] [Counters] attempted to use a non-positive increment for: 4752
06-14 18:43:59.834  2472  2729 E Finsky  : [63] [Counters] attempted to use a non-positive increment for: 4752
06-14 18:43:59.835  2472  2729 E Finsky  : [63] [Counters] attempted to use a non-positive increment for: 4753
06-14 18:43:59.836  2472  2729 E Finsky  : [63] [Counters] attempted to use a non-positive increment for: 4753
06-14 18:43:59.840  2472  2685 E Finsky  : [54] [Counters] attempted to use a non-positive increment for: 4752
06-14 18:43:59.842  2472  2685 E Finsky  : [54] [Counters] attempted to use a non-positive increment for: 4753
06-14 18:43:59.842  2472  2739 E Finsky  : [66] [Counters] attempted to use a non-positive increment for: 4752
06-14 18:43:59.847  2472  2685 E Finsky  : [54] [Counters] attempted to use a non-positive increment for: 4751
06-14 18:43:59.848  2472  2739 E Finsky  : [66] [Counters] attempted to use a non-positive increment for: 4753
06-14 18:43:59.850  2472  2739 E Finsky  : [66] [Counters] attempted to use a non-positive increment for: 4751
06-14 18:43:59.855  2472  2729 E Finsky  : [63] [Counters] attempted to use a non-positive increment for: 4752
06-14 18:43:59.855  2472  2729 E Finsky  : [63] [Counters] attempted to use a non-positive increment for: 4753
06-14 18:43:59.906  2472  2729 E Finsky  : [63] [Counters] attempted to use a non-positive increment for: 4752
06-14 18:43:59.906  2472  2715 E Finsky  : [59] [Counters] attempted to use a non-positive increment for: 4753
06-14 18:43:59.950  2472  2685 E Finsky  : [54] [Counters] attempted to use a non-positive increment for: 4751
06-14 18:43:59.963  2472  2715 E Finsky  : [59] [Counters] attempted to use a non-positive increment for: 4751
06-14 18:43:59.992  2472  2715 E Finsky  : [59] [Counters] attempted to use a non-positive increment for: 4752
06-14 18:43:59.992  2472  2715 E Finsky  : [59] [Counters] attempted to use a non-positive increment for: 4753
06-14 18:44:00.010  2472  2715 E Finsky  : [59] [Counters] attempted to use a non-positive increment for: 4751
06-14 18:44:00.030  2472  2739 E Finsky  : [66] [Counters] attempted to use a non-positive increment for: 4752
06-14 18:44:00.032  2472  2739 E Finsky  : [66] [Counters] attempted to use a non-positive increment for: 4753
06-14 18:44:00.048  2472  2715 E Finsky  : [59] [Counters] attempted to use a non-positive increment for: 4751
06-14 18:44:00.056  2472  2729 E Finsky  : [63] [Counters] attempted to use a non-positive increment for: 4752
06-14 18:44:00.056  2472  2729 E Finsky  : [63] [Counters] attempted to use a non-positive increment for: 4753
06-14 18:44:00.095  2472  2729 E Finsky  : [63] [Counters] attempted to use a non-positive increment for: 4751
06-14 18:44:00.122  2472  2685 E Finsky  : [54] [Counters] attempted to use a non-positive increment for: 4752
06-14 18:44:00.128  2472  2715 E Finsky  : [59] [Counters] attempted to use a non-positive increment for: 4753
06-14 18:44:00.148  2472  2715 E Finsky  : [59] [Counters] attempted to use a non-positive increment for: 4751
06-14 18:44:00.234  2472  2739 E Finsky  : [66] [Counters] attempted to use a non-positive increment for: 4752
06-14 18:44:00.234  2472  2739 E Finsky  : [66] [Counters] attempted to use a non-positive increment for: 4753
06-14 18:44:00.339  2472  2739 E Finsky  : [66] [Counters] attempted to use a non-positive increment for: 4751
06-14 18:44:00.339  2472  2739 E Finsky  : [66] [Counters] attempted to use a non-positive increment for: 4752
06-14 18:44:00.340  2472  2739 E Finsky  : [66] [Counters] attempted to use a non-positive increment for: 4753
06-14 18:44:00.412  2472  2729 E Finsky  : [63] [Counters] attempted to use a non-positive increment for: 4752
06-14 18:44:00.413  2472  2729 E Finsky  : [63] [Counters] attempted to use a non-positive increment for: 4753
06-14 18:44:00.415  2472  2729 E Finsky  : [63] [Counters] attempted to use a non-positive increment for: 4751
06-14 18:44:00.427  2472  2715 E Finsky  : [59] [Counters] attempted to use a non-positive increment for: 4751
06-14 18:44:00.455  2472  2739 E Finsky  : [66] [Counters] attempted to use a non-positive increment for: 4752
06-14 18:44:00.455  2472  2739 E Finsky  : [66] [Counters] attempted to use a non-positive increment for: 4753
06-14 18:44:00.479  2472  2739 E Finsky  : [66] [Counters] attempted to use a non-positive increment for: 4751
06-14 18:44:00.491  2472  2685 E Finsky  : [54] [Counters] attempted to use a non-positive increment for: 4751
06-14 18:44:00.571  2472  2685 E Finsky  : [54] [Counters] attempted to use a non-positive increment for: 4751
06-14 18:44:00.604  2472  2685 E Finsky  : [54] [Counters] attempted to use a non-positive increment for: 4751
06-14 18:44:00.645  2472  2685 E Finsky  : [54] [Counters] attempted to use a non-positive increment for: 4751
06-14 18:44:00.652  2472  2685 E Finsky  : [54] [Counters] attempted to use a non-positive increment for: 4751
06-14 18:44:00.653  2472  2715 E Finsky  : [59] [Counters] attempted to use a non-positive increment for: 4751
06-14 18:44:00.717  2472  2739 E Finsky  : [66] ItemStore: getItems RPC failed for item com.google.android.partnersetup
06-14 18:44:00.853   744   872 E ReportEncoder: No watchlist hash
06-14 18:44:01.780  1684  3784 E GoogleSettingsUtils: Cannot write token, exception in Context lookup [CONTEXT service_id=130 ]
06-14 18:44:01.780  1684  3784 E GoogleSettingsUtils: java.io.FileNotFoundException: /data/user/0/com.google.android.gsf/files/security_token: open failed: ENOENT (No such file or directory)
06-14 18:44:01.780  1684  3784 E GoogleSettingsUtils:   at libcore.io.IoBridge.open(IoBridge.java:574)
06-14 18:44:01.780  1684  3784 E GoogleSettingsUtils:   at java.io.FileOutputStream.<init>(FileOutputStream.java:259)
06-14 18:44:01.780  1684  3784 E GoogleSettingsUtils:   at android.app.ContextImpl.openFileOutput(ContextImpl.java:794)
06-14 18:44:01.780  1684  3784 E GoogleSettingsUtils:   at aspx.a(:com.google.android.gms@252037038@25.20.37 (260800-766884605):1738)
06-14 18:44:01.780  1684  3784 E GoogleSettingsUtils:   at asrh.a(:com.google.android.gms@252037038@25.20.37 (260800-766884605):880)
06-14 18:44:01.780  1684  3784 E GoogleSettingsUtils:   at com.google.android.gms.checkin.CheckinIntentOperation.onHandleIntent(:com.google.android.gms@252037038@25.20.37 (260800-766884605):30)
06-14 18:44:01.780  1684  3784 E GoogleSettingsUtils:   at com.google.android.chimera.IntentOperation.onHandleIntent(:com.google.android.gms@252037038@25.20.37 (260800-766884605):2)
06-14 18:44:01.780  1684  3784 E GoogleSettingsUtils:   at atdr.onHandleIntent(:com.google.android.gms@252037038@25.20.37 (260800-766884605):8)
06-14 18:44:01.780  1684  3784 E GoogleSettingsUtils:   at ver.run(:com.google.android.gms@252037038@25.20.37 (260800-766884605):64)
06-14 18:44:01.780  1684  3784 E GoogleSettingsUtils:   at veq.run(:com.google.android.gms@252037038@25.20.37 (260800-766884605):132)
06-14 18:44:01.780  1684  3784 E GoogleSettingsUtils:   at fskz.run(:com.google.android.gms@252037038@25.20.37 (260800-766884605):21)
06-14 18:44:01.780  1684  3784 E GoogleSettingsUtils:   at java.util.concurrent.ThreadPoolExecutor.runWorker(ThreadPoolExecutor.java:1156)
06-14 18:44:01.780  1684  3784 E GoogleSettingsUtils:   at java.util.concurrent.ThreadPoolExecutor$Worker.run(ThreadPoolExecutor.java:651)
06-14 18:44:01.780  1684  3784 E GoogleSettingsUtils:   at java.lang.Thread.run(Thread.java:1119)
06-14 18:44:01.780  1684  3784 E GoogleSettingsUtils: Caused by: android.system.ErrnoException: open failed: ENOENT (No such file or directory)
06-14 18:44:01.780  1684  3784 E GoogleSettingsUtils:   at libcore.io.Linux.open(Native Method)
06-14 18:44:01.780  1684  3784 E GoogleSettingsUtils:   at libcore.io.ForwardingOs.open(ForwardingOs.java:568)
06-14 18:44:01.780  1684  3784 E GoogleSettingsUtils:   at libcore.io.BlockGuardOs.open(BlockGuardOs.java:274)
06-14 18:44:01.780  1684  3784 E GoogleSettingsUtils:   at libcore.io.ForwardingOs.open(ForwardingOs.java:568)
06-14 18:44:01.780  1684  3784 E GoogleSettingsUtils:   at android.app.ActivityThread$AndroidOs.open(ActivityThread.java:8953)
06-14 18:44:01.780  1684  3784 E GoogleSettingsUtils:   at libcore.io.IoBridge.open(IoBridge.java:560)
06-14 18:44:01.780  1684  3784 E GoogleSettingsUtils:   ... 13 more
06-14 18:44:03.611  4256  4748 E GoogleApiManager: Failed to get service from broker.
06-14 18:44:03.611  4256  4748 E GoogleApiManager: java.lang.SecurityException: Unknown calling package name 'com.google.android.gms'.
06-14 18:44:03.611  4256  4748 E GoogleApiManager:      at android.os.Parcel.createExceptionOrNull(Parcel.java:3340)
06-14 18:44:03.611  4256  4748 E GoogleApiManager:      at android.os.Parcel.createException(Parcel.java:3324)
06-14 18:44:03.611  4256  4748 E GoogleApiManager:      at android.os.Parcel.readException(Parcel.java:3307)
06-14 18:44:03.611  4256  4748 E GoogleApiManager:      at android.os.Parcel.readException(Parcel.java:3249)
06-14 18:44:03.611  4256  4748 E GoogleApiManager:      at axra.a(:com.google.android.gms@252037038@25.20.37 (260800-766884605):36)
06-14 18:44:03.611  4256  4748 E GoogleApiManager:      at axph.z(:com.google.android.gms@252037038@25.20.37 (260800-766884605):143)
06-14 18:44:03.611  4256  4748 E GoogleApiManager:      at awwn.run(:com.google.android.gms@252037038@25.20.37 (260800-766884605):42)
06-14 18:44:03.611  4256  4748 E GoogleApiManager:      at android.os.Handler.handleCallback(Handler.java:995)
06-14 18:44:03.611  4256  4748 E GoogleApiManager:      at android.os.Handler.dispatchMessage(Handler.java:103)
06-14 18:44:03.611  4256  4748 E GoogleApiManager:      at cgov.mL(:com.google.android.gms@252037038@25.20.37 (260800-766884605):1)
06-14 18:44:03.611  4256  4748 E GoogleApiManager:      at cgov.dispatchMessage(:com.google.android.gms@252037038@25.20.37 (260800-766884605):5)
06-14 18:44:03.611  4256  4748 E GoogleApiManager:      at android.os.Looper.loopOnce(Looper.java:248)
06-14 18:44:03.611  4256  4748 E GoogleApiManager:      at android.os.Looper.loop(Looper.java:338)
06-14 18:44:03.611  4256  4748 E GoogleApiManager:      at android.os.HandlerThread.run(HandlerThread.java:85)
06-14 18:44:08.458  4502  4692 E IPCThreadState: Process seems to be sending too many oneway calls.
06-14 18:44:08.497  4502  4693 E IPCThreadState: Binder transaction failure. id: 257951, BR_*: 29201, error: -28 (No space left on device)
06-14 18:44:08.501  4502  4693 E JavaBinder: !!! FAILED BINDER TRANSACTION !!!  (parcel size = 93088)
06-14 18:44:09.657  2852  3212 E BugleRcs: RcsEngineLifecycleManagerV2: RcsServiceConnectionException was raised while waiting to connect to RcsEngineLifecycleServiceV2
06-14 18:44:09.657  2852  3212 E BugleRcs: cumf: RcsServiceConnectionException:com.google.android.rcs.client.lifecycle.RcsEngineLifecycleServiceV2:UNKNOWN
06-14 18:44:09.657  2852  3212 E BugleRcs:      at culm.a(PG:54)
06-14 18:44:09.657  2852  3212 E BugleRcs:      at kho.a(PG:19)
06-14 18:44:09.657  2852  3212 E BugleRcs:      at culn.a(PG:14)
06-14 18:44:09.657  2852  3212 E BugleRcs:      at elsk.a(PG:13)
06-14 18:44:09.657  2852  3212 E BugleRcs:      at esfd.a(PG:3)
06-14 18:44:09.657  2852  3212 E BugleRcs:      at eseb.run(PG:19)
06-14 18:44:09.657  2852  3212 E BugleRcs:      at esff.run(PG:5)
06-14 18:44:09.657  2852  3212 E BugleRcs:      at dubu.run(PG:7)
06-14 18:44:09.657  2852  3212 E BugleRcs:      at java.util.concurrent.ThreadPoolExecutor.runWorker(ThreadPoolExecutor.java:1156)
06-14 18:44:09.657  2852  3212 E BugleRcs:      at java.util.concurrent.ThreadPoolExecutor$Worker.run(ThreadPoolExecutor.java:651)
06-14 18:44:09.657  2852  3212 E BugleRcs:      at dubb.run(PG:6)
06-14 18:44:09.657  2852  3212 E BugleRcs:      at java.lang.Thread.run(Thread.java:1119)
06-14 18:44:09.657  2852  3212 E BugleRcs:      at ducv.run(PG:61)
06-14 18:44:09.673  2852  3181 E BugleRcs: RcsEngineLifecycleManagerV2: RcsServiceConnectionException was raised while waiting to connect to RcsEngineLifecycleServiceV2
06-14 18:44:09.673  2852  3181 E BugleRcs: cumf: RcsServiceConnectionException:com.google.android.rcs.client.lifecycle.RcsEngineLifecycleServiceV2:UNKNOWN
06-14 18:44:09.673  2852  3181 E BugleRcs:      at culm.a(PG:54)
06-14 18:44:09.673  2852  3181 E BugleRcs:      at kho.a(PG:19)
06-14 18:44:09.673  2852  3181 E BugleRcs:      at culn.a(PG:14)
06-14 18:44:09.673  2852  3181 E BugleRcs:      at elsk.a(PG:13)
06-14 18:44:09.673  2852  3181 E BugleRcs:      at esfd.a(PG:3)
06-14 18:44:09.673  2852  3181 E BugleRcs:      at eseb.run(PG:19)
06-14 18:44:09.673  2852  3181 E BugleRcs:      at esff.run(PG:5)
06-14 18:44:09.673  2852  3181 E BugleRcs:      at dubu.run(PG:7)
06-14 18:44:09.673  2852  3181 E BugleRcs:      at java.util.concurrent.ThreadPoolExecutor.runWorker(ThreadPoolExecutor.java:1156)
06-14 18:44:09.673  2852  3181 E BugleRcs:      at java.util.concurrent.ThreadPoolExecutor$Worker.run(ThreadPoolExecutor.java:651)
06-14 18:44:09.673  2852  3181 E BugleRcs:      at dubb.run(PG:6)
06-14 18:44:09.673  2852  3181 E BugleRcs:      at java.lang.Thread.run(Thread.java:1119)
06-14 18:44:09.673  2852  3181 E BugleRcs:      at ducv.run(PG:61)
06-14 18:44:12.858  2614  2781 E AmbientMusicServiceMana: ylk: java.lang.reflect.InvocationTargetException
06-14 18:44:12.858  2614  2781 E AmbientMusicServiceMana:       at yll.c(PG:55)
06-14 18:44:12.858  2614  2781 E AmbientMusicServiceMana:       at xws.w(PG:78)
06-14 18:44:12.858  2614  2781 E AmbientMusicServiceMana:       at xws.e(PG:90)
