06-14 18:41:21.587   744   914 E WifiStaIfaceAidlImpl: getBackgroundScanCapabilities failed with service-specific exception: android.os.ServiceSpecificException:  (code 4)
06-14 18:41:21.588   744   908 E WifiChipAidlImpl: setMultiStaUseCase failed with service-specific exception: android.os.ServiceSpecificException:  (code 4)
06-14 18:41:21.588   744   908 E WifiChipAidlImpl: setMultiStaPrimaryConnection failed with service-specific exception: android.os.ServiceSpecificException:  (code 4)
06-14 18:41:21.734   744   853 E NativeTombstoneManager: Tombstone's UID (1002) not an app, ignoring
06-14 18:41:21.754   744   853 E NativeTombstoneManager: Tombstone's UID (1002) not an app, ignoring
06-14 18:41:21.774   744   853 E NativeTombstoneManager: Tombstone's UID (1002) not an app, ignoring
06-14 18:41:21.789   744   853 E NativeTombstoneManager: Tombstone's UID (1002) not an app, ignoring
06-14 18:41:21.810   744   853 E NativeTombstoneManager: Tombstone's UID (1002) not an app, ignoring
06-14 18:41:21.819   744   853 E NativeTombstoneManager: Tombstone's UID (1002) not an app, ignoring
06-14 18:41:21.905   744   744 E BitmapFactory: Unable to decode file: java.io.FileNotFoundException: /data/system/users/0/wallpaper_orig: open failed: ENOENT (No such file or directory)
06-14 18:41:21.905   744   744 E WallpaperCropper: Unable to apply new wallpaper
06-14 18:41:22.165   744  1027 E MediaCodec: Media Quality Service not found.
06-14 18:41:22.168   744  1026 E MediaCodec: Media Quality Service not found.
06-14 18:41:22.170   744  1030 E system_server: Failed to query component interface for required system resources: 6
06-14 18:41:22.175   744  1031 E system_server: Failed to query component interface for required system resources: 6
06-14 18:41:22.183   669   717 E Codec2-ComponentInterface: We have a failed config
06-14 18:41:22.186   669  1042 E Codec2-ComponentInterface: We have a failed config
06-14 18:41:22.270   744   839 E AppOps  : Bad call made by uid 1000. Package "android" does not belong to uid 1037.
06-14 18:41:22.270   744   839 E AppOps  : Cannot getAppOpMode: non-application UID 1037
06-14 18:41:22.341  1053  1053 E WebViewLoader-x: Not starting debugger since process cannot load the jdwp agent.
06-14 18:41:22.362   744  1026 E MediaCodec: Media Quality Service not found.
06-14 18:41:22.368   744  1055 E system_server: Failed to query component interface for required system resources: 6
06-14 18:41:22.376   669   729 E Codec2-ComponentInterface: We have a failed config
06-14 18:41:22.390   744  1027 E MediaCodec: Media Quality Service not found.
06-14 18:41:22.392   744  1068 E system_server: Failed to query component interface for required system resources: 6
06-14 18:41:22.397   669   727 E Codec2-ComponentInterface: We have a failed config
06-14 18:41:22.586   744   744 E LocationManagerService: no population density provider found
06-14 18:41:22.589   744   744 E ActivityRecognitionHardware: activity_recognition HAL is deprecated. is_supported is effectively a no-op
06-14 18:41:22.663   744  1027 E MediaCodec: Media Quality Service not found.
06-14 18:41:22.675   744  1026 E MediaCodec: Media Quality Service not found.
06-14 18:41:22.680   744  1077 E system_server: Failed to query component interface for required system resources: 6
06-14 18:41:22.687   744  1079 E system_server: Failed to query component interface for required system resources: 6
06-14 18:41:22.706   669  1059 E Codec2-ComponentInterface: We have a failed config
06-14 18:41:22.708   669   727 E Codec2-ComponentInterface: We have a failed config
06-14 18:41:22.793  1013  1013 E ashmem  : Pinning is deprecated since Android Q. Please use trim or other methods.
06-14 18:41:23.238   744   790 E BluetoothPowerStatsCollector: Cannot acquire BluetoothActivityEnergyInfo
06-14 18:41:23.238   744   790 E BluetoothPowerStatsCollector: java.util.concurrent.ExecutionException: java.lang.RuntimeException: error: 9
06-14 18:41:23.238   744   790 E BluetoothPowerStatsCollector:  at java.util.concurrent.CompletableFuture.reportGet(CompletableFuture.java:372)
06-14 18:41:23.238   744   790 E BluetoothPowerStatsCollector:  at java.util.concurrent.CompletableFuture.get(CompletableFuture.java:2072)
06-14 18:41:23.238   744   790 E BluetoothPowerStatsCollector:  at com.android.server.power.stats.BluetoothPowerStatsCollector.collectBluetoothActivityInfo(BluetoothPowerStatsCollector.java:192)
06-14 18:41:23.238   744   790 E BluetoothPowerStatsCollector:  at com.android.server.power.stats.BluetoothPowerStatsCollector.collectStats(BluetoothPowerStatsCollector.java:155)
06-14 18:41:23.238   744   790 E BluetoothPowerStatsCollector:  at com.android.server.power.stats.PowerStatsCollector.collectAndDeliverStats(PowerStatsCollector.java:176)
06-14 18:41:23.238   744   790 E BluetoothPowerStatsCollector:  at com.android.server.power.stats.PowerStatsCollector$$ExternalSyntheticLambda0.run(R8$$SyntheticClass:0)
06-14 18:41:23.238   744   790 E BluetoothPowerStatsCollector:  at android.os.Handler.handleCallback(Handler.java:995)
06-14 18:41:23.238   744   790 E BluetoothPowerStatsCollector:  at android.os.Handler.dispatchMessage(Handler.java:103)
06-14 18:41:23.238   744   790 E BluetoothPowerStatsCollector:  at android.os.Looper.loopOnce(Looper.java:248)
06-14 18:41:23.238   744   790 E BluetoothPowerStatsCollector:  at android.os.Looper.loop(Looper.java:338)
06-14 18:41:23.238   744   790 E BluetoothPowerStatsCollector:  at android.os.HandlerThread.run(HandlerThread.java:85)
06-14 18:41:23.238   744   790 E BluetoothPowerStatsCollector: Caused by: java.lang.RuntimeException: error: 9
06-14 18:41:23.238   744   790 E BluetoothPowerStatsCollector:  at com.android.server.power.stats.BluetoothPowerStatsCollector$1.onBluetoothActivityEnergyInfoError(BluetoothPowerStatsCollector.java:181)
06-14 18:41:23.238   744   790 E BluetoothPowerStatsCollector:  at android.bluetooth.BluetoothAdapter$OnBluetoothActivityEnergyInfoProxy.lambda$onError$2(BluetoothAdapter.java:1059)
06-14 18:41:23.238   744   790 E BluetoothPowerStatsCollector:  at android.bluetooth.BluetoothAdapter$OnBluetoothActivityEnergyInfoProxy$$ExternalSyntheticLambda0.run(D8$$SyntheticClass:0)
06-14 18:41:23.238   744   790 E BluetoothPowerStatsCollector:  at android.bluetooth.BluetoothUtils.lambda$executeFromBinder$0(BluetoothUtils.java:343)
06-14 18:41:23.238   744   790 E BluetoothPowerStatsCollector:  at android.bluetooth.BluetoothUtils$$ExternalSyntheticLambda1.run(D8$$SyntheticClass:0)
06-14 18:41:23.238   744   790 E BluetoothPowerStatsCollector:  at com.android.server.SystemServerInitThreadPool$$ExternalSyntheticLambda0.execute(R8$$SyntheticClass:0)
06-14 18:41:23.238   744   790 E BluetoothPowerStatsCollector:  at android.bluetooth.BluetoothUtils.executeFromBinder(BluetoothUtils.java:343)
06-14 18:41:23.238   744   790 E BluetoothPowerStatsCollector:  at android.bluetooth.BluetoothAdapter$OnBluetoothActivityEnergyInfoProxy.onError(BluetoothAdapter.java:1058)
06-14 18:41:23.238   744   790 E BluetoothPowerStatsCollector:  at android.bluetooth.BluetoothAdapter.requestControllerActivityEnergyInfo(BluetoothAdapter.java:2694)
06-14 18:41:23.238   744   790 E BluetoothPowerStatsCollector:  at com.android.server.power.stats.BatteryStatsImpl$BluetoothStatsRetrieverImpl.requestControllerActivityEnergyInfo(BatteryStatsImpl.java:485)
06-14 18:41:23.238   744   790 E BluetoothPowerStatsCollector:  at com.android.server.power.stats.BluetoothPowerStatsCollector.collectBluetoothActivityInfo(BluetoothPowerStatsCollector.java:170)
06-14 18:41:23.238   744   790 E BluetoothPowerStatsCollector:  ... 8 more
06-14 18:41:23.243   744  1093 E StatsCompanionService: Could not get installer for package: com.google.android.trichromelibrary
06-14 18:41:23.243   744  1093 E StatsCompanionService: android.content.pm.PackageManager$NameNotFoundException: com.google.android.trichromelibrary
06-14 18:41:23.243   744  1093 E StatsCompanionService:         at android.app.ApplicationPackageManager.getInstallSourceInfo(ApplicationPackageManager.java:2687)
06-14 18:41:23.243   744  1093 E StatsCompanionService:         at com.android.server.stats.StatsCompanionService.getInstallerPackageName(StatsCompanionService.java:153)
06-14 18:41:23.243   744  1093 E StatsCompanionService:         at com.android.server.stats.StatsCompanionService.$r8$lambda$MBPStrBhgnmbybdtzkoTAe-YOYw(StatsCompanionService.java:229)
06-14 18:41:23.243   744  1093 E StatsCompanionService:         at com.android.server.stats.StatsCompanionService$$ExternalSyntheticLambda1.run(R8$$SyntheticClass:0)
06-14 18:41:23.243   744  1093 E StatsCompanionService:         at android.os.Handler.handleCallback(Handler.java:995)
06-14 18:41:23.243   744  1093 E StatsCompanionService:         at android.os.Handler.dispatchMessage(Handler.java:103)
06-14 18:41:23.243   744  1093 E StatsCompanionService:         at android.os.Looper.loopOnce(Looper.java:248)
06-14 18:41:23.243   744  1093 E StatsCompanionService:         at android.os.Looper.loop(Looper.java:338)
06-14 18:41:23.243   744  1093 E StatsCompanionService:         at android.os.HandlerThread.run(HandlerThread.java:85)
06-14 18:41:23.285  1100  1100 E rkstack.process: Not starting debugger since process cannot load the jdwp agent.
06-14 18:41:23.289   744   779 E CountryDetector: Could not instantiate the custom country detector class
06-14 18:41:23.379  1131  1131 E droid.bluetooth: Not starting debugger since process cannot load the jdwp agent.
06-14 18:41:23.586  1153  1153 E com.android.se: Not starting debugger since process cannot load the jdwp agent.
06-14 18:41:23.616  1155  1155 E m.android.phone: Not starting debugger since process cannot load the jdwp agent.
06-14 18:41:23.645   744   744 E WiredAccessoryManager: No state change.
06-14 18:41:23.697  1175  1175 E s.nexuslauncher: Not starting debugger since process cannot load the jdwp agent.
06-14 18:41:23.711  1180  1180 E id.ext.services: Not starting debugger since process cannot load the jdwp agent.
06-14 18:41:23.800  1013  1082 E ViewRootImpl: SensitiveContentProtectionService shouldn't be null
06-14 18:41:23.807  1013  1013 E UdfpsOverlayInteractor: invalid pixelPitch: -1.0. Pixel pitch must be updated per device.
06-14 18:41:23.844  1100  1100 E ashmem  : Pinning is deprecated since Android Q. Please use trim or other methods.
06-14 18:41:23.953   744   834 E TransitionController: Set visible without transition ActivityRecord{144955638 u0 com.google.android.apps.nexuslauncher/.NexusLauncherActivity t2} playing=false caller=com.android.server.wm.ActivityRecord.makeVisibleIfNeeded:5960
06-14 18:41:23.971   744   764 E TransitionChain: Can't collect into a chain with no transition
06-14 18:41:23.972   744   764 E TransitionChain: Can't collect into a chain with no transition
06-14 18:41:24.097   744   744 E AppOps  : package com.android.server.telecom.callsequencing.voip not found, can't check for attributionTag null
06-14 18:41:24.102   744   744 E AppOps  : Bad call made by uid 1000. Package "com.android.server.telecom.callsequencing.voip" does not belong to uid 1000.
06-14 18:41:24.103  1175  1175 E ashmem  : Pinning is deprecated since Android Q. Please use trim or other methods.
06-14 18:41:24.104   744   744 E AppOps  : Cannot noteOperation: non-application UID 1000
06-14 18:41:24.191  1175  1175 E ViewRootImpl: SensitiveContentProtectionService shouldn't be null
06-14 18:41:24.380   744   744 E ContentCapturePerUserService: Bad service name: com.google.android.as/com.google.android.apps.miphone.aiai.app.AiAiContentCaptureService
06-14 18:41:24.382   744   744 E ContentCapturePerUserService: Bad service name: com.google.android.as/com.google.android.apps.miphone.aiai.app.AiAiContentCaptureService
06-14 18:41:24.405   744   744 E ContentCapturePerUserService: Bad service name: com.google.android.as/com.google.android.apps.miphone.aiai.app.AiAiContentCaptureService
06-14 18:41:24.406   744   744 E ContentSuggestionsPerUserService: Bad service name: com.google.android.as/com.google.android.apps.miphone.aiai.app.AiAiContentSuggestionsService
06-14 18:41:24.413  1246  1246 E ndroid.settings: Not starting debugger since process cannot load the jdwp agent.
06-14 18:41:24.436  1155  1155 E ashmem  : Pinning is deprecated since Android Q. Please use trim or other methods.
06-14 18:41:24.448   744   744 E AutofillManagerServiceImpl: Bad service name: com.google.android.gms/.autofill.service.AutofillService
06-14 18:41:24.448   744   744 E RemoteAugmentedAutofillService: Bad service name for flags 1048704: com.google.android.as/com.google.android.apps.miphone.aiai.app.AiAiAugmentedAutofillService
06-14 18:41:24.460  1175  1248 E ViewRootImpl: SensitiveContentProtectionService shouldn't be null
06-14 18:41:24.639  1155  1155 E CarrierIdProvider: read carrier list from ota pb failure: java.io.FileNotFoundException: /data/misc/carrierid/carrier_list.pb: open failed: ENOENT (No such file or directory)
06-14 18:41:24.644  1100  1100 E SystemServiceRegistry: No service published for: ethernet
06-14 18:41:24.644  1100  1100 E SystemServiceRegistry: android.os.ServiceManager$ServiceNotFoundException: No service published for: ethernet
06-14 18:41:24.644  1100  1100 E SystemServiceRegistry:         at android.os.ServiceManager.getServiceOrThrow(ServiceManager.java:203)
06-14 18:41:24.644  1100  1100 E SystemServiceRegistry:         at android.app.SystemServiceRegistry$149.createService(SystemServiceRegistry.java:2232)
06-14 18:41:24.644  1100  1100 E SystemServiceRegistry:         at android.app.SystemServiceRegistry$CachedServiceFetcher.getService(SystemServiceRegistry.java:2343)
06-14 18:41:24.644  1100  1100 E SystemServiceRegistry:         at android.app.SystemServiceRegistry.getSystemService(SystemServiceRegistry.java:1918)
06-14 18:41:24.644  1100  1100 E SystemServiceRegistry:         at android.app.ContextImpl.getSystemService(ContextImpl.java:2315)
06-14 18:41:24.644  1100  1100 E SystemServiceRegistry:         at android.content.ContextWrapper.getSystemService(ContextWrapper.java:964)
06-14 18:41:24.644  1100  1100 E SystemServiceRegistry:         at com.android.networkstack.tethering.Tethering.isEthernetSupported(Tethering.java:1862)
06-14 18:41:24.644  1100  1100 E SystemServiceRegistry:         at com.android.networkstack.tethering.Tethering.makeSupportedDownstreams(Tethering.java:2843)
06-14 18:41:24.644  1100  1100 E SystemServiceRegistry:         at com.android.networkstack.tethering.Tethering.updateSupportedDownstreams(Tethering.java:2817)
06-14 18:41:24.644  1100  1100 E SystemServiceRegistry:         at com.android.networkstack.tethering.Tethering.updateConfiguration(Tethering.java:564)
06-14 18:41:24.644  1100  1100 E SystemServiceRegistry:         at com.android.networkstack.tethering.Tethering.<init>(Tethering.java:374)
06-14 18:41:24.644  1100  1100 E SystemServiceRegistry:         at com.android.networkstack.tethering.TetheringService.makeTethering(TetheringService.java:95)
06-14 18:41:24.644  1100  1100 E SystemServiceRegistry:         at com.android.networkstack.tethering.TetheringService.onCreate(TetheringService.java:84)
06-14 18:41:24.644  1100  1100 E SystemServiceRegistry:         at android.app.ActivityThread.handleCreateService(ActivityThread.java:5282)
06-14 18:41:24.644  1100  1100 E SystemServiceRegistry:         at android.app.ActivityThread.-$$Nest$mhandleCreateService(Unknown Source:0)
06-14 18:41:24.644  1100  1100 E SystemServiceRegistry:         at android.app.ActivityThread$H.handleMessage(ActivityThread.java:2597)
06-14 18:41:24.644  1100  1100 E SystemServiceRegistry:         at android.os.Handler.dispatchMessage(Handler.java:110)
06-14 18:41:24.644  1100  1100 E SystemServiceRegistry:         at android.os.Looper.loopOnce(Looper.java:248)
06-14 18:41:24.644  1100  1100 E SystemServiceRegistry:         at android.os.Looper.loop(Looper.java:338)
06-14 18:41:24.644  1100  1100 E SystemServiceRegistry:         at android.app.ActivityThread.main(ActivityThread.java:9067)
06-14 18:41:24.644  1100  1100 E SystemServiceRegistry:         at java.lang.reflect.Method.invoke(Native Method)
06-14 18:41:24.644  1100  1100 E SystemServiceRegistry:         at com.android.internal.os.RuntimeInit$MethodAndArgsCaller.run(RuntimeInit.java:593)
06-14 18:41:24.644  1100  1100 E SystemServiceRegistry:         at com.android.internal.os.ZygoteInit.main(ZygoteInit.java:932)
06-14 18:41:24.839  1273  1273 E ssioncontroller: Not starting debugger since process cannot load the jdwp agent.
06-14 18:41:24.899  1131  1131 E ashmem  : Pinning is deprecated since Android Q. Please use trim or other methods.
06-14 18:41:25.292  1013  1112 E AppWidgetManager: Notify service of inheritance info
06-14 18:41:25.292  1013  1112 E AppWidgetManager: java.lang.IllegalStateException: User 0 must be unlocked for widgets to be available
06-14 18:41:25.292  1013  1112 E AppWidgetManager:      at android.os.Parcel.createExceptionOrNull(Parcel.java:3348)
06-14 18:41:25.292  1013  1112 E AppWidgetManager:      at android.os.Parcel.createException(Parcel.java:3324)
06-14 18:41:25.292  1013  1112 E AppWidgetManager:      at android.os.Parcel.readException(Parcel.java:3307)
06-14 18:41:25.292  1013  1112 E AppWidgetManager:      at android.os.Parcel.readException(Parcel.java:3249)
06-14 18:41:25.292  1013  1112 E AppWidgetManager:      at com.android.internal.appwidget.IAppWidgetService$Stub$Proxy.getInstalledProvidersForProfile(IAppWidgetService.java:1071)
06-14 18:41:25.292  1013  1112 E AppWidgetManager:      at android.appwidget.AppWidgetManager.getInstalledProvidersForProfile(AppWidgetManager.java:1107)
06-14 18:41:25.292  1013  1112 E AppWidgetManager:      at android.appwidget.AppWidgetManager.getInstalledProvidersForPackage(AppWidgetManager.java:1041)
06-14 18:41:25.292  1013  1112 E AppWidgetManager:      at android.appwidget.AppWidgetManager.lambda$new$3(AppWidgetManager.java:639)
06-14 18:41:25.292  1013  1112 E AppWidgetManager:      at android.appwidget.AppWidgetManager.$r8$lambda$WKLPyaeqLNLNb3560d7QJuq2DwQ(Unknown Source:0)
06-14 18:41:25.292  1013  1112 E AppWidgetManager:      at android.appwidget.AppWidgetManager$$ExternalSyntheticLambda7.run(D8$$SyntheticClass:0)
06-14 18:41:25.292  1013  1112 E AppWidgetManager:      at android.os.Handler.handleCallback(Handler.java:995)
06-14 18:41:25.292  1013  1112 E AppWidgetManager:      at android.os.Handler.dispatchMessage(Handler.java:103)
06-14 18:41:25.292  1013  1112 E AppWidgetManager:      at android.os.Looper.loopOnce(Looper.java:248)
06-14 18:41:25.292  1013  1112 E AppWidgetManager:      at android.os.Looper.loop(Looper.java:338)
06-14 18:41:25.292  1013  1112 E AppWidgetManager:      at android.os.HandlerThread.run(HandlerThread.java:85)
06-14 18:41:25.292  1013  1112 E AppWidgetManager: Caused by: android.os.RemoteException: Remote stack trace:
06-14 18:41:25.292  1013  1112 E AppWidgetManager:      at com.android.server.appwidget.AppWidgetServiceImpl.ensureGroupStateLoadedLocked(AppWidgetServiceImpl.java:1059)
06-14 18:41:25.292  1013  1112 E AppWidgetManager:      at com.android.server.appwidget.AppWidgetServiceImpl.ensureGroupStateLoadedLocked(AppWidgetServiceImpl.java:1044)
06-14 18:41:25.292  1013  1112 E AppWidgetManager:      at com.android.server.appwidget.AppWidgetServiceImpl.getInstalledProvidersForProfile(AppWidgetServiceImpl.java:2536)
06-14 18:41:25.292  1013  1112 E AppWidgetManager:      at com.android.internal.appwidget.IAppWidgetService$Stub.onTransact(IAppWidgetService.java:543)
06-14 18:41:25.292  1013  1112 E AppWidgetManager:      at android.os.Binder.execTransactInternal(Binder.java:1421)
06-14 18:41:25.292  1013  1112 E AppWidgetManager:
06-14 18:41:25.591  1131  1320 E bluetooth: system/gd/hal/socket_hal_android.cc:93 Start: The service android.hardware.bluetooth.socket.IBluetoothSocket/default is not declared
06-14 18:41:25.617   521   521 E android.hardware.bluetooth.service.default: unable to open /dev/rfkill: Permission denied
06-14 18:41:25.617   521   521 E android.hardware.bluetooth.service.default: rfkill unavailable
06-14 18:41:25.838  1246  1246 E ashmem  : Pinning is deprecated since Android Q. Please use trim or other methods.
06-14 18:41:25.890  1273  1273 E FeatureFlagsImplExport: android.os.flagging.AconfigStorageReadException: ERROR_PACKAGE_NOT_FOUND: package android.xr cannot be found on the device
06-14 18:41:25.928   572   593 E EGL_emulation: eglQueryContext 3100  EGL_BAD_ATTRIBUTE
06-14 18:41:25.929   572   593 E EGL_emulation: tid 593: eglQueryContext(2159): error 0x3004 (EGL_BAD_ATTRIBUTE)
06-14 18:41:25.962  1273  1336 E ashmem  : Pinning is deprecated since Android Q. Please use trim or other methods.
06-14 18:41:26.101  1342  1342 E .gms.persistent: Not starting debugger since process cannot load the jdwp agent.
06-14 18:41:26.241   744  1265 E WifiService: Attempt to retrieve passpoint with invalid scanResult List
06-14 18:41:26.325   572   590 E HwcComposer: getDisplayDecorationSupport failed Status(-8, EX_SERVICE_SPECIFIC): '8: '
06-14 18:41:26.325   572   590 E HWComposer: getDisplayDecorationSupport: getDisplayDecorationSupport failed for display 4619827259835644672: UNSUPPORTED (8)
06-14 18:41:26.355  1013  1371 E ViewRootImpl: SensitiveContentProtectionService shouldn't be null
06-14 18:41:26.371  1155  1155 E SatelliteController: SatelliteController was not yet initialized.
06-14 18:41:26.421  1013  1371 E ViewRootImpl: SensitiveContentProtectionService shouldn't be null
06-14 18:41:26.518  1131  1131 E AvrcpTargetService: Please use AVRCP version 1.6 to enable cover art
06-14 18:41:26.526  1175  1380 E FileLog : Error writing logs to file
06-14 18:41:26.526  1175  1380 E FileLog : java.io.FileNotFoundException: /data/user/0/com.google.android.apps.nexuslauncher/files/log-1: open failed: ENOENT (No such file or directory)
06-14 18:41:26.526  1175  1380 E FileLog :      at libcore.io.IoBridge.open(IoBridge.java:574)
06-14 18:41:26.526  1175  1380 E FileLog :      at java.io.FileOutputStream.<init>(FileOutputStream.java:259)
06-14 18:41:26.526  1175  1380 E FileLog :      at java.io.FileWriter.<init>(FileWriter.java:113)
06-14 18:41:26.526  1175  1380 E FileLog :      at com.android.launcher3.logging.FileLog$LogWriterCallback.handleMessage(go/retraceme ee19ec8c009da7af1d458e7d1683a6f5bf3b93b44f6674aa108e1a3e78584fe0:168)
06-14 18:41:26.526  1175  1380 E FileLog :      at android.os.Handler.dispatchMessage(Handler.java:106)
06-14 18:41:26.526  1175  1380 E FileLog :      at android.os.Looper.loopOnce(Looper.java:248)
06-14 18:41:26.526  1175  1380 E FileLog :      at android.os.Looper.loop(Looper.java:338)
06-14 18:41:26.526  1175  1380 E FileLog :      at android.os.HandlerThread.run(HandlerThread.java:85)
06-14 18:41:26.526  1175  1380 E FileLog : Caused by: android.system.ErrnoException: open failed: ENOENT (No such file or directory)
06-14 18:41:26.526  1175  1380 E FileLog :      at libcore.io.Linux.open(Native Method)
06-14 18:41:26.526  1175  1380 E FileLog :      at libcore.io.ForwardingOs.open(ForwardingOs.java:568)
06-14 18:41:26.526  1175  1380 E FileLog :      at libcore.io.BlockGuardOs.open(BlockGuardOs.java:274)
06-14 18:41:26.526  1175  1380 E FileLog :      at libcore.io.ForwardingOs.open(ForwardingOs.java:568)
06-14 18:41:26.526  1175  1380 E FileLog :      at android.app.ActivityThread$AndroidOs.open(ActivityThread.java:8953)
06-14 18:41:26.526  1175  1380 E FileLog :      at libcore.io.IoBridge.open(IoBridge.java:560)
06-14 18:41:26.526  1175  1380 E FileLog :      ... 7 more
06-14 18:41:26.532  1131  1131 E BluetoothHeadsetServiceJni: android/app/jni/com_android_bluetooth_hfp.cpp:973 enableSwbNative: Failed to disable
06-14 18:41:27.185   744   871 E BluetoothAdapter: Failed to retrieve a binder for LE_AUDIO
06-14 18:41:27.185   744   871 E BluetoothAdapter: Failed to retrieve a binder for A2DP_SINK
06-14 18:41:27.185   744   871 E BluetoothAdapter: Failed to retrieve a binder for LE_AUDIO_BROADCAST
06-14 18:41:27.187   744   871 E BluetoothAdapter: Failed to retrieve a binder for LE_AUDIO
06-14 18:41:27.300  1131  1131 E BrowsedPlayerWrapper: BrowserSubscriptionCallback: Could not get folder items
06-14 18:41:27.339  1155  1155 E SmsApplication: com.google.android.apps.messaging lost android:read_cell_broadcasts:  (fixing)
06-14 18:41:27.554  1155  1155 E SatelliteModemInterface: Unable to bind to the satellite service because the package is undefined.
06-14 18:41:27.563  1155  1155 E SessionMetricsStats: create new SessionMetricsStats.
06-14 18:41:27.571  1155  1155 E SatelliteController: registerForSatelliteCommunicationAccessStateChanged: SatelliteManager is null
06-14 18:41:27.627  1155  1155 E AccessControllerMetricsStats: create new AccessControllerMetricsStats.
06-14 18:41:27.635  1155  1155 E SatelliteAccessController: loadConfigUpdaterConfigs: satelliteConfigVersion is invalid: 0
06-14 18:41:27.637  1013  1013 E EdgeBackGestureHandler: No resource found for gesture-blocking activities
06-14 18:41:27.661  1155  1419 E SatelliteModemInterface: requestIsSatelliteEnabledForCarrier: Satellite service is unavailable.
06-14 18:41:27.662  1155  1419 E SatelliteController: EVENT_GET_SATELLITE_ENABLED_FOR_CARRIER_DONE: result is null
06-14 18:41:27.866   744   923 E AppOps  : attributionTag VCN not declared in manifest of android
06-14 18:41:27.868   744   923 E AppOps  : attributionTag VCN not declared in manifest of android
06-14 18:41:28.064  1155  1155 E SatelliteController: registerForSatelliteModemStateChanged: mSatelliteSessionController is not initialized yet
06-14 18:41:28.145   744  1307 E JavaBinder: *** Uncaught remote exception! Exceptions are not yet supported across processes. Client PID 1155 UID 1001.
06-14 18:41:28.145   744  1307 E JavaBinder: java.lang.ArrayIndexOutOfBoundsException: length=1; index=-1
06-14 18:41:28.145   744  1307 E JavaBinder:    at com.android.server.TelephonyRegistry.notifyCarrierRoamingNtnSignalStrengthChanged(TelephonyRegistry.java:3888)
06-14 18:41:28.145   744  1307 E JavaBinder:    at com.android.internal.telephony.ITelephonyRegistry$Stub.onTransact(ITelephonyRegistry.java:1244)
06-14 18:41:28.145   744  1307 E JavaBinder:    at android.os.Binder.execTransactInternal(Binder.java:1421)
06-14 18:41:28.145   744  1307 E JavaBinder:    at android.os.Binder.execTransact(Binder.java:1365)
06-14 18:41:28.159  1342  1442 E ashmem  : Pinning is deprecated since Android Q. Please use trim or other methods.
06-14 18:41:28.413  1013  1013 E DSRotLockSettingsMngr: No matching device state for posture: 0
06-14 18:41:28.476  1013  1013 E DSRotLockSettingsMngr: No matching device state for posture: 2
06-14 18:41:28.483  1013  1013 E DSRotLockSettingsMngr: No matching device state for posture: 1
06-14 18:41:28.708  1461  1461 E oadcastreceiver: Not starting debugger since process cannot load the jdwp agent.
06-14 18:41:28.902   744   923 E AppOps  : attributionTag VCN not declared in manifest of android
06-14 18:41:29.473  1013  1479 E MediaCodec: Media Quality Service not found.
06-14 18:41:29.475  1013  1480 E MediaCodec: Media Quality Service not found.
06-14 18:41:29.480  1013  1484 E ndroid.systemui: Failed to query component interface for required system resources: 6
06-14 18:41:29.481  1013  1485 E ndroid.systemui: Failed to query component interface for required system resources: 6
06-14 18:41:29.491  1461  1495 E ashmem  : Pinning is deprecated since Android Q. Please use trim or other methods.
06-14 18:41:29.509   669   718 E Codec2-ComponentInterface: We have a failed config
06-14 18:41:29.510   669   727 E Codec2-ComponentInterface: We have a failed config
06-14 18:41:29.539  1013  1013 E LauncherProxyService: Failed to get launcher proxy for disable flags.
06-14 18:41:29.641  1013  1013 E ViewRootImpl: SensitiveContentProtectionService shouldn't be null
06-14 18:41:29.658  1013  1013 E LauncherProxyService: Failed to get launcher proxy for disable flags.
06-14 18:41:29.725  1013  1013 E ViewRootImpl: SensitiveContentProtectionService shouldn't be null
06-14 18:41:29.741  1013  1013 E ViewRootImpl: SensitiveContentProtectionService shouldn't be null
06-14 18:41:29.749   744   763 E WindowManager: Display reconfigured outside of a transition: Display{#0 state=ON size=1080x2400 ROTATION_0}
06-14 18:41:29.790  1013  1479 E MediaCodec: Media Quality Service not found.
06-14 18:41:29.791  1013  1507 E ndroid.systemui: Failed to query component interface for required system resources: 6
06-14 18:41:29.796   669   727 E Codec2-ComponentInterface: We have a failed config
06-14 18:41:29.802  1155  1155 E SatelliteController: registerForSatelliteModemStateChanged: mSatelliteSessionController is not initialized yet
06-14 18:41:29.806  1155  1155 E SatelliteController: registerForSatelliteModemStateChanged: mSatelliteSessionController is not initialized yet
06-14 18:41:29.869   744   831 E AppOps  : attributionTag VCN not declared in manifest of android
06-14 18:41:29.870  1155  1419 E SatelliteModemInterface: requestIsSatelliteSupported: Satellite service is unavailable.
06-14 18:41:29.871  1155  1419 E SatelliteServiceUtils: isSatelliteSupported SatelliteException: android.telephony.satellite.SatelliteManager$SatelliteException
06-14 18:41:29.893   744   914 E WifiScanningService: wifi driver loaded received while already loaded
06-14 18:41:29.893  1155  1419 E SatelliteController: registerForSatelliteCommunicationAccessStateChanged: SatelliteManager is null
06-14 18:41:29.926  1013  1013 E LauncherProxyService: Failed to get launcher proxy for disable flags.
06-14 18:41:29.930   744   923 E AppOps  : attributionTag VCN not declared in manifest of android
06-14 18:41:29.981   744   908 E MboOceController: onDataConnectionStateChanged unexpected State: -1
06-14 18:41:30.091  1100  1243 E SystemServiceRegistry: No service published for: ethernet
06-14 18:41:30.091  1100  1243 E SystemServiceRegistry: android.os.ServiceManager$ServiceNotFoundException: No service published for: ethernet
06-14 18:41:30.091  1100  1243 E SystemServiceRegistry:         at android.os.ServiceManager.getServiceOrThrow(ServiceManager.java:203)
06-14 18:41:30.091  1100  1243 E SystemServiceRegistry:         at android.app.SystemServiceRegistry$149.createService(SystemServiceRegistry.java:2232)
06-14 18:41:30.091  1100  1243 E SystemServiceRegistry:         at android.app.SystemServiceRegistry$CachedServiceFetcher.getService(SystemServiceRegistry.java:2343)
06-14 18:41:30.091  1100  1243 E SystemServiceRegistry:         at android.app.SystemServiceRegistry.getSystemService(SystemServiceRegistry.java:1918)
06-14 18:41:30.091  1100  1243 E SystemServiceRegistry:         at android.app.ContextImpl.getSystemService(ContextImpl.java:2315)
06-14 18:41:30.091  1100  1243 E SystemServiceRegistry:         at android.content.ContextWrapper.getSystemService(ContextWrapper.java:964)
06-14 18:41:30.091  1100  1243 E SystemServiceRegistry:         at com.android.networkstack.tethering.Tethering.isEthernetSupported(Tethering.java:1862)
06-14 18:41:30.091  1100  1243 E SystemServiceRegistry:         at com.android.networkstack.tethering.Tethering.makeSupportedDownstreams(Tethering.java:2843)
06-14 18:41:30.091  1100  1243 E SystemServiceRegistry:         at com.android.networkstack.tethering.Tethering.updateSupportedDownstreams(Tethering.java:2817)
06-14 18:41:30.091  1100  1243 E SystemServiceRegistry:         at com.android.networkstack.tethering.Tethering.updateConfiguration(Tethering.java:564)
06-14 18:41:30.091  1100  1243 E SystemServiceRegistry:         at com.android.networkstack.tethering.Tethering.-$$Nest$mupdateConfiguration(Tethering.java:0)
06-14 18:41:30.091  1100  1243 E SystemServiceRegistry:         at com.android.networkstack.tethering.Tethering$ActiveDataSubIdListener.onActiveDataSubscriptionIdChanged(Tethering.java:540)
06-14 18:41:30.091  1100  1243 E SystemServiceRegistry:         at android.telephony.PhoneStateListener$IPhoneStateListenerStub.lambda$onActiveDataSubIdChanged$56(PhoneStateListener.java:1622)
06-14 18:41:30.091  1100  1243 E SystemServiceRegistry:         at android.telephony.PhoneStateListener$IPhoneStateListenerStub$$ExternalSyntheticLambda15.run(D8$$SyntheticClass:0)
06-14 18:41:30.091  1100  1243 E SystemServiceRegistry:         at android.os.Handler.handleCallback(Handler.java:995)
06-14 18:41:30.091  1100  1243 E SystemServiceRegistry:         at android.os.Handler.dispatchMessage(Handler.java:103)
06-14 18:41:30.091  1100  1243 E SystemServiceRegistry:         at android.os.Looper.loopOnce(Looper.java:248)
06-14 18:41:30.091  1100  1243 E SystemServiceRegistry:         at android.os.Looper.loop(Looper.java:338)
06-14 18:41:30.091  1100  1243 E SystemServiceRegistry:         at android.os.HandlerThread.run(HandlerThread.java:85)
06-14 18:41:30.180   744   773 E TestHarnessModeService: Failed to start Test Harness Mode; no implementation of PersistentDataBlockManagerInternal was bound!
06-14 18:41:30.371   744   773 E AppOps  : attributionTag UwbCountryCode not declared in manifest of android
06-14 18:41:30.376   744   773 E AppOps  : attributionTag UwbCountryCode not declared in manifest of android
06-14 18:41:30.377   744   773 E AppOps  : attributionTag UwbCountryCode not declared in manifest of android
06-14 18:41:30.391   744   773 E uwb     : uwb_uci_jni_rust::helper: Java_com_android_server_uwb_jni_NativeUwbManager_nativeSetCountryCode failed with BadParameters
06-14 18:41:30.418   744   908 E WifiChipAidlImpl: getUsableChannels failed with service-specific exception: android.os.ServiceSpecificException:  (code 4)
06-14 18:41:30.483   744   908 E AppOps  : attributionTag UwbCountryCode not declared in manifest of android
06-14 18:41:30.499   744   908 E WifiScoringParams: Invalid frequency(-1), using 5G as default rssi array
06-14 18:41:30.634  1560  1560 E .apps.wellbeing: Not starting debugger since process cannot load the jdwp agent.
06-14 18:41:30.647  1013  1013 E BatteryInfoBroadcast: failed to register observer for remaining time
06-14 18:41:30.647  1013  1013 E BatteryInfoBroadcast: java.lang.SecurityException: Failed to find provider com.google.android.apps.turbo.estimated_time_remaining for user 0; expected to find a valid ContentProvider for this authority
06-14 18:41:30.647  1013  1013 E BatteryInfoBroadcast:  at android.os.Parcel.createExceptionOrNull(Parcel.java:3340)
06-14 18:41:30.647  1013  1013 E BatteryInfoBroadcast:  at android.os.Parcel.createException(Parcel.java:3324)
06-14 18:41:30.647  1013  1013 E BatteryInfoBroadcast:  at android.os.Parcel.readException(Parcel.java:3307)
06-14 18:41:30.647  1013  1013 E BatteryInfoBroadcast:  at android.os.Parcel.readException(Parcel.java:3249)
06-14 18:41:30.647  1013  1013 E BatteryInfoBroadcast:  at android.content.IContentService$Stub$Proxy.registerContentObserver(IContentService.java:1044)
06-14 18:41:30.647  1013  1013 E BatteryInfoBroadcast:  at android.content.ContentResolver.registerContentObserver(ContentResolver.java:2730)
06-14 18:41:30.647  1013  1013 E BatteryInfoBroadcast:  at com.google.android.systemui.power.BatteryInfoBroadcast.registerObserver(go/retraceme 316c53c62461507ee9b40f0e6e2156db24503126c549859fa5c1f90453cee85b:9)
06-14 18:41:30.647  1013  1013 E BatteryInfoBroadcast:  at com.google.android.systemui.power.BatteryInfoBroadcast.<init>(go/retraceme 316c53c62461507ee9b40f0e6e2156db24503126c549859fa5c1f90453cee85b:160)
06-14 18:41:30.647  1013  1013 E BatteryInfoBroadcast:  at com.google.android.systemui.power.PowerNotificationWarningsGoogleImpl$$ExternalSyntheticLambda0.run(go/retraceme 316c53c62461507ee9b40f0e6e2156db24503126c549859fa5c1f90453cee85b:19)
06-14 18:41:30.647  1013  1013 E BatteryInfoBroadcast:  at android.os.Handler.handleCallback(Handler.java:995)
06-14 18:41:30.647  1013  1013 E BatteryInfoBroadcast:  at android.os.Handler.dispatchMessage(Handler.java:103)
06-14 18:41:30.647  1013  1013 E BatteryInfoBroadcast:  at android.os.Looper.loopOnce(Looper.java:248)
06-14 18:41:30.647  1013  1013 E BatteryInfoBroadcast:  at android.os.Looper.loop(Looper.java:338)
06-14 18:41:30.647  1013  1013 E BatteryInfoBroadcast:  at android.app.ActivityThread.main(ActivityThread.java:9067)
06-14 18:41:30.647  1013  1013 E BatteryInfoBroadcast:  at java.lang.reflect.Method.invoke(Native Method)
06-14 18:41:30.647  1013  1013 E BatteryInfoBroadcast:  at com.android.internal.os.RuntimeInit$MethodAndArgsCaller.run(RuntimeInit.java:593)
06-14 18:41:30.647  1013  1013 E BatteryInfoBroadcast:  at com.android.internal.os.ZygoteInit.main(ZygoteInit.java:932)
06-14 18:41:30.647  1013  1013 E BatteryInfoBroadcast: Caused by: android.os.RemoteException: Remote stack trace:
06-14 18:41:30.647  1013  1013 E BatteryInfoBroadcast:  at com.android.server.content.ContentService.registerContentObserver(ContentService.java:382)
06-14 18:41:30.647  1013  1013 E BatteryInfoBroadcast:  at android.content.IContentService$Stub.onTransact(IContentService.java:498)
06-14 18:41:30.647  1013  1013 E BatteryInfoBroadcast:  at android.os.Binder.execTransactInternal(Binder.java:1421)
06-14 18:41:30.647  1013  1013 E BatteryInfoBroadcast:  at android.os.Binder.execTransact(Binder.java:1365)
06-14 18:41:30.647  1013  1013 E BatteryInfoBroadcast:
06-14 18:41:30.676  1523  1523 E SplitCompat: Error installing additional splits
06-14 18:41:30.676  1523  1523 E SplitCompat: java.io.IOException: Unable to create directory: /data/user/0/com.google.android.inputmethod.latin/files/splitcompat
06-14 18:41:30.676  1523  1523 E SplitCompat:   at otw.n(PG:48)
06-14 18:41:30.676  1523  1523 E SplitCompat:   at otw.o(PG:33)
06-14 18:41:30.676  1523  1523 E SplitCompat:   at otw.g(PG:5)
06-14 18:41:30.676  1523  1523 E SplitCompat:   at otw.e(PG:3)
06-14 18:41:30.676  1523  1523 E SplitCompat:   at otw.i(PG:1)
06-14 18:41:30.676  1523  1523 E SplitCompat:   at ouf.c(PG:63)
06-14 18:41:30.676  1523  1523 E SplitCompat:   at ouf.b(PG:69)
06-14 18:41:30.676  1523  1523 E SplitCompat:   at irz.attachBaseContext(PG:5)
06-14 18:41:30.676  1523  1523 E SplitCompat:   at android.app.Application.attach(Application.java:346)
06-14 18:41:30.676  1523  1523 E SplitCompat:   at android.app.Instrumentation.newApplication(Instrumentation.java:1348)
06-14 18:41:30.676  1523  1523 E SplitCompat:   at android.app.LoadedApk.makeApplicationInner(LoadedApk.java:1479)
06-14 18:41:30.676  1523  1523 E SplitCompat:   at android.app.LoadedApk.makeApplicationInner(LoadedApk.java:1411)
06-14 18:41:30.676  1523  1523 E SplitCompat:   at android.app.ActivityThread.handleBindApplication(ActivityThread.java:7790)
06-14 18:41:30.676  1523  1523 E SplitCompat:   at android.app.ActivityThread.-$$Nest$mhandleBindApplication(Unknown Source:0)
06-14 18:41:30.676  1523  1523 E SplitCompat:   at android.app.ActivityThread$H.handleMessage(ActivityThread.java:2546)
06-14 18:41:30.676  1523  1523 E SplitCompat:   at android.os.Handler.dispatchMessage(Handler.java:110)
06-14 18:41:30.676  1523  1523 E SplitCompat:   at android.os.Looper.loopOnce(Looper.java:248)
06-14 18:41:30.676  1523  1523 E SplitCompat:   at android.os.Looper.loop(Looper.java:338)
06-14 18:41:30.676  1523  1523 E SplitCompat:   at android.app.ActivityThread.main(ActivityThread.java:9067)
06-14 18:41:30.676  1523  1523 E SplitCompat:   at java.lang.reflect.Method.invoke(Native Method)
06-14 18:41:30.676  1523  1523 E SplitCompat:   at com.android.internal.os.RuntimeInit$MethodAndArgsCaller.run(RuntimeInit.java:593)
06-14 18:41:30.676  1523  1523 E SplitCompat:   at com.android.internal.os.ZygoteInit.main(ZygoteInit.java:932)
06-14 18:41:30.700   744   773 E WindowManager: Display reconfigured outside of a transition: Display{#0 state=ON size=1080x2400 ROTATION_0}
06-14 18:41:30.751  1155  1155 E SatelliteController: registerForSatelliteModemStateChanged: mSatelliteSessionController is not initialized yet
06-14 18:41:30.754  1013  1013 E PhoneStatusBarView: mHasCornerCutoutFetcher unexpectedly null
06-14 18:41:30.754  1013  1013 E PhoneStatusBarView: mInsetsFetcher unexpectedly null
06-14 18:41:30.820  1155  1155 E SatelliteController: registerForSatelliteModemStateChanged: mSatelliteSessionController is not initialized yet
06-14 18:41:30.841  1155  1419 E SatelliteController: registerForSatelliteCommunicationAccessStateChanged: SatelliteManager is null
06-14 18:41:30.933   744   832 E AppOps  : attributionTag VCN not declared in manifest of android
06-14 18:41:30.970   253   253 E lmkd    : memevent failed to attach bpf program to android_vendor_lmk/android_trigger_vendor_lmk_kill tracepoint: No such file or directory
06-14 18:41:30.970   253   253 E lmkd    : memevent failed to attach bpf program to kmem/mm_calculate_totalreserve_pages tracepoint: No such file or directory
06-14 18:41:31.346   744   763 E AutofillManagerServiceImpl: Bad service name: com.google.android.gms/.autofill.service.AutofillService
06-14 18:41:31.347   744   763 E RemoteAugmentedAutofillService: Bad service name for flags 1048704: com.google.android.as/com.google.android.apps.miphone.aiai.app.AiAiAugmentedAutofillService
06-14 18:41:31.379  1155  1419 E SatelliteController: registerForSatelliteCommunicationAccessStateChanged: SatelliteManager is null
06-14 18:41:31.591  1155  1155 E SatelliteController: registerForSatelliteModemStateChanged: mSatelliteSessionController is not initialized yet
06-14 18:41:32.198  1621  1621 E dmesgd  : /data/misc/dmesgd/sent_reports.txt is empty: No such file or directory
06-14 18:41:32.887   744   780 E MusicRecognitionManagerPerUserService: Bad service name: com.google.android.googlequicksearchbox/com.google.android.apps.search.soundsearch.service.SoundSearchService
06-14 18:41:33.072   744   769 E Parcel  : Reading a NULL string not supported here.
06-14 18:41:33.074   744   769 E ARProxy : Unknown descriptor:
06-14 18:41:33.094  1560  1640 E ashmem  : Pinning is deprecated since Android Q. Please use trim or other methods.
06-14 18:41:33.165  1646  1646 E rs.media.module: Not starting debugger since process cannot load the jdwp agent.
06-14 18:41:33.245  1560  1629 E PhenotypeCombinedFlags: Config package com.google.android.client_error_logging#com.google.android.apps.wellbeing cannot use PROCESS_STABLE backing without declarative registration. See go/phenotype-android-integration#phenotype for more information. This will lead to stale flags.
06-14 18:41:33.744  1668  1668 E ogle.android.as: Not starting debugger since process cannot load the jdwp agent.
06-14 18:41:33.868  1684  1684 E gle.android.gms: Not starting debugger since process cannot load the jdwp agent.
06-14 18:41:33.954   744   942 E BackupPasswordManager: Unable to read backup pw version
06-14 18:41:33.955   744   942 E BackupPasswordManager: Unable to read saved backup pw hash
06-14 18:41:34.027  1698  1698 E hbox:interactor: Not starting debugger since process cannot load the jdwp agent.
06-14 18:41:34.181  1523  1523 E ashmem  : Pinning is deprecated since Android Q. Please use trim or other methods.
06-14 18:41:34.310  1646  1646 E ashmem  : Pinning is deprecated since Android Q. Please use trim or other methods.
06-14 18:41:34.519  1737  1737 E id.printspooler: Not starting debugger since process cannot load the jdwp agent.
06-14 18:41:34.530  1013  1082 E SingleInstanceRemoteListener: Failed remote call on null listener
06-14 18:41:34.540  1739  1739 E or.multidisplay: Not starting debugger since process cannot load the jdwp agent.
06-14 18:41:34.547   744  1756 E TaskPersister: File error accessing recents directory (directory doesn't exist?).
06-14 18:41:34.636   664   664 E OmxInfoBuilder: Cannot find an IOmxStore service.
06-14 18:41:34.992  1155  1419 E SatelliteModemInterface: requestIsSatelliteSupported: Satellite service is unavailable.
06-14 18:41:34.992  1155  1419 E SatelliteServiceUtils: isSatelliteSupported SatelliteException: android.telephony.satellite.SatelliteManager$SatelliteException
06-14 18:41:35.108  1668  1668 E ashmem  : Pinning is deprecated since Android Q. Please use trim or other methods.
06-14 18:41:35.323  1155  1155 E SmsApplication: com.google.android.apps.messaging lost android:read_cell_broadcasts:  (fixing)
06-14 18:41:35.380  1100  1243 E SystemServiceRegistry: No service published for: ethernet
06-14 18:41:35.380  1100  1243 E SystemServiceRegistry: android.os.ServiceManager$ServiceNotFoundException: No service published for: ethernet
06-14 18:41:35.380  1100  1243 E SystemServiceRegistry:         at android.os.ServiceManager.getServiceOrThrow(ServiceManager.java:203)
06-14 18:41:35.380  1100  1243 E SystemServiceRegistry:         at android.app.SystemServiceRegistry$149.createService(SystemServiceRegistry.java:2232)
06-14 18:41:35.380  1100  1243 E SystemServiceRegistry:         at android.app.SystemServiceRegistry$CachedServiceFetcher.getService(SystemServiceRegistry.java:2343)
06-14 18:41:35.380  1100  1243 E SystemServiceRegistry:         at android.app.SystemServiceRegistry.getSystemService(SystemServiceRegistry.java:1918)
06-14 18:41:35.380  1100  1243 E SystemServiceRegistry:         at android.app.ContextImpl.getSystemService(ContextImpl.java:2315)
06-14 18:41:35.380  1100  1243 E SystemServiceRegistry:         at android.content.ContextWrapper.getSystemService(ContextWrapper.java:964)
06-14 18:41:35.380  1100  1243 E SystemServiceRegistry:         at com.android.networkstack.tethering.Tethering.isEthernetSupported(Tethering.java:1862)
06-14 18:41:35.380  1100  1243 E SystemServiceRegistry:         at com.android.networkstack.tethering.Tethering.makeSupportedDownstreams(Tethering.java:2843)
06-14 18:41:35.380  1100  1243 E SystemServiceRegistry:         at com.android.networkstack.tethering.Tethering.updateSupportedDownstreams(Tethering.java:2817)
06-14 18:41:35.380  1100  1243 E SystemServiceRegistry:         at com.android.networkstack.tethering.Tethering.updateConfiguration(Tethering.java:564)
06-14 18:41:35.380  1100  1243 E SystemServiceRegistry:         at com.android.networkstack.tethering.Tethering.-$$Nest$mupdateConfiguration(Tethering.java:0)
06-14 18:41:35.380  1100  1243 E SystemServiceRegistry:         at com.android.networkstack.tethering.Tethering$StateReceiver.onReceive(Tethering.java:1396)
06-14 18:41:35.380  1100  1243 E SystemServiceRegistry:         at android.app.LoadedApk$ReceiverDispatcher$Args.lambda$getRunnable$0(LoadedApk.java:1839)
06-14 18:41:35.380  1100  1243 E SystemServiceRegistry:         at android.app.LoadedApk$ReceiverDispatcher$Args.$r8$lambda$mcNAAl1SQ4MyJPyDg8TJ2x2h0Rk(Unknown Source:0)
06-14 18:41:35.380  1100  1243 E SystemServiceRegistry:         at android.app.LoadedApk$ReceiverDispatcher$Args$$ExternalSyntheticLambda0.run(D8$$SyntheticClass:0)
06-14 18:41:35.380  1100  1243 E SystemServiceRegistry:         at android.os.Handler.handleCallback(Handler.java:995)
06-14 18:41:35.380  1100  1243 E SystemServiceRegistry:         at android.os.Handler.dispatchMessage(Handler.java:103)
06-14 18:41:35.380  1100  1243 E SystemServiceRegistry:         at android.os.Looper.loopOnce(Looper.java:248)
06-14 18:41:35.380  1100  1243 E SystemServiceRegistry:         at android.os.Looper.loop(Looper.java:338)
06-14 18:41:35.380  1100  1243 E SystemServiceRegistry:         at android.os.HandlerThread.run(HandlerThread.java:85)
06-14 18:41:35.380  1812  1812 E d.process.acore: Not starting debugger since process cannot load the jdwp agent.
06-14 18:41:35.923  1155  1155 E SmsApplication: com.google.android.apps.messaging lost android:read_cell_broadcasts:  (fixing)
06-14 18:41:36.279   744  1713 E AppSearchIcing: document-store.cc:518: Invalid vector contents for /data/system_ce/0/appsearch/icing/document_dir/uri_mapper/persistent_hash_map.kFailed to initialize KeyMapper
06-14 18:41:36.295  1852  1852 E ndroid.keychain: Not starting debugger since process cannot load the jdwp agent.
06-14 18:41:36.389  1523  1523 E GoogleInputMethodService: GoogleInputMethodService.getAppEditorInfo():1807 App EditorInfo should never be null.
06-14 18:41:36.617   744   744 E SystemServiceRegistry: No service published for: face
06-14 18:41:36.617   744   744 E SystemServiceRegistry: android.os.ServiceManager$ServiceNotFoundException: No service published for: face
06-14 18:41:36.617   744   744 E SystemServiceRegistry:         at android.os.ServiceManager.getServiceOrThrow(ServiceManager.java:203)
06-14 18:41:36.617   744   744 E SystemServiceRegistry:         at android.app.SystemServiceRegistry$72.createService(SystemServiceRegistry.java:993)
06-14 18:41:36.617   744   744 E SystemServiceRegistry:         at android.app.SystemServiceRegistry$72.createService(SystemServiceRegistry.java:987)
06-14 18:41:36.617   744   744 E SystemServiceRegistry:         at android.app.SystemServiceRegistry$CachedServiceFetcher.getService(SystemServiceRegistry.java:2343)
06-14 18:41:36.617   744   744 E SystemServiceRegistry:         at android.app.SystemServiceRegistry.getSystemService(SystemServiceRegistry.java:1918)
06-14 18:41:36.617   744   744 E SystemServiceRegistry:         at android.app.ContextImpl.getSystemService(ContextImpl.java:2315)
06-14 18:41:36.617   744   744 E SystemServiceRegistry:         at android.content.Context.getSystemService(Context.java:4630)
06-14 18:41:36.617   744   744 E SystemServiceRegistry:         at com.android.server.biometrics.AuthenticationStatsCollector.<init>(AuthenticationStatsCollector.java:119)
06-14 18:41:36.617   744   744 E SystemServiceRegistry:         at com.android.server.biometrics.AuthenticationStatsBroadcastReceiver.onReceive(AuthenticationStatsBroadcastReceiver.java:66)
06-14 18:41:36.617   744   744 E SystemServiceRegistry:         at android.app.LoadedApk$ReceiverDispatcher$Args.lambda$getRunnable$0(LoadedApk.java:1839)
